06-28 17:15:03.689 I/DownloadState( 2358): singleUid: 10156 [com.tencent.mm] speed: 4352 real speed: 4323 (rxB:17238 txB:4522 rxP:26 txP:26) scroff: false
06-28 17:15:03.690 E/AppInfoMgr( 2358): not find pkgs by uid: 1051
06-28 17:15:03.698 I/DownloadState( 2358): shareUid: 0 default_socket transmitting data speed : 8 bytes/s (rxB:40 txB:0 rxP:1 txP:0 iface:1) scroff: false
06-28 17:15:03.699 I/DownloadState( 2358): shareUid: 0 /system/bin/netd transmitting data speed : 119 bytes/s (rxB:540 txB:59 rxP:1 txP:1 iface:1) scroff: false
06-28 17:15:03.749 E/SurfaceFlinger(  720): doPartialComposeImpl: reject partial compose request.
06-28 17:15:04.089 I/HwBatteryService( 1322): quick charge status : 0
06-28 17:15:04.089 D/HwBatteryService( 1322): onUEvent fcpStatus = 0
06-28 17:15:04.089 D/HwBatteryService( 1322): onUEvent scpStatus = 0 ,ovpStatus = 0
06-28 17:15:04.089 I/HwBatteryService( 1322): handleWirelessTxStatus
06-28 17:15:04.089 I/HwBatteryService( 1322): switch not open, return, mWirelessTxFlag : 0
06-28 17:15:04.089 W/HwBatteryService( 1322): need return. Invalid value: -1
06-28 17:15:04.089 D/HwBatteryService( 1322): setHwChargeTimeRemaining, time = -1 String time: -1
06-28 17:15:04.090 I/HwUsbDeviceManager( 1322): water_intrused state= 0
06-28 17:15:04.703 D/HwConnectivityServiceEx( 1322): set cache by key is 10166 interfaceName iswlan0 value is false
06-28 17:15:04.704 D/ConnectivityService( 1322): get Network state from cache, cacheBlock is 0
06-28 17:15:06.223 E/WifiHAL (  714): enter wifi_get_link_stats
06-28 17:15:06.237 W/PhoneInterfaceManager( 2675): shouldBlockLocation running ...
06-28 17:15:06.237 I/PhoneInterfaceManager( 2675): shouldBlockLocation  ret:false
06-28 17:15:08.324 V/BroadcastQueue( 1322): Finished with ordered broadcast BroadcastRecord{5043bdd u0 com.tencent.mm.plugin.report.service.KVCommCrossProcessReceiver}
06-28 17:15:08.329 D/HwConnectivityServiceEx( 1322): set cache by key is 10156 interfaceName iswlan0 value is false
06-28 17:15:08.331 D/ConnectivityService( 1322): get Network state from cache, cacheBlock is 0
06-28 17:15:08.473 E/Thermal-daemon(  870): device current too high (-78), during charging or current std is invalid
06-28 17:15:08.473 E/Thermal-daemon(  870): latest temp 30894 at 2020/6/28, 9h:15m:8s
06-28 17:15:08.714 I/netd    (  640): trafficSwapActiveStatsMap() <14.24ms>
06-28 17:15:09.247 E/WifiHAL (  714): enter wifi_get_link_stats
06-28 17:15:09.268 W/PhoneInterfaceManager( 2675): shouldBlockLocation running ...
06-28 17:15:09.268 I/PhoneInterfaceManager( 2675): shouldBlockLocation  ret:false
06-28 17:15:09.706 E/SurfaceFlinger(  720): doPartialComposeImpl: reject partial compose request.
06-28 17:15:09.927 I/chatty  ( 1322): uid=1000 system_server expire 2 lines
06-28 17:15:09.929 I/chatty  ( 1322): uid=1000 system_server expire 1 line
06-28 17:15:11.005 D/HwIPLManager( 2456): flushCellBatching
06-28 17:15:08.332 I/chatty  ( 1322): uid=1000(system) Binder:1322_5 identical 1 line
06-28 17:15:08.333 D/ConnectivityService( 1322): get Network state from cache, cacheBlock is 0
06-28 17:15:11.006 V/BroadcastQueue( 1322): Finished with ordered broadcast BroadcastRecord{507095b u0 com.huawei.spaceservice.OBTAIN_CELL_INFO}
06-28 17:15:11.008 E/CellBatching.CellBatchingHardware(11761): isDisConnect:false
06-28 17:15:11.009 I/FusionD_CellBatching(  900): (CellBatchingNetlinkCb:105):cmd[17].length[20]
06-28 17:15:11.009 I/FusionD_CellBatching(  900): (OnCellBatchingChanged:145):send num[1]
06-28 17:15:11.018 V/BroadcastQueue( 1322): Finished with ordered broadcast BroadcastRecord{5339cd9 u0 com.huawei.spaceservice.cellbatching.action}
06-28 17:15:12.101 I/netd    (  640): trafficSwapActiveStatsMap() <19.56ms>
06-28 17:15:12.139 I/chatty  ( 1322): uid=1000(system) WifiService expire 9 lines
06-28 17:15:12.279 E/WifiHAL (  714): enter wifi_get_link_stats
06-28 17:15:12.298 W/PhoneInterfaceManager( 2675): shouldBlockLocation running ...
06-28 17:15:12.299 I/PhoneInterfaceManager( 2675): shouldBlockLocation  ret:false
06-28 17:15:12.482 D/MSF.C.NetConnTag( 7581): netRecv ssoSeq:-1704062191 uin:*8414 cmd:BS08PTQ9FS85K34GPykVLzkr -1704061663 cross:0
06-28 17:15:12.482 I/MSF.S.AppProcessManager( 7581): SendToApp PUSH process:com.tencent.mobileqq fromServiceMsg: FromServiceMsg msName:onRecvPushMsg ssoSeq:-1704062191 serviceCmd:OnlinePush.ReqPush appSeq:-1704062191 failCode:1000 cost = 0 needBoot=true from.len = 443
06-28 17:15:12.484 D/MSF.D.Proxy( 7642): onRecvServicePushResp, fromServiceMsg cmd = OnlinePush.ReqPush, ssoSeq = -1704062191, length = 443
06-28 17:15:12.503 D/MSF.C.NetConnTag( 7581): pa ok: 49281
06-28 17:15:12.503 D/DualConnContext( 7581): tryDualConn
06-28 17:15:12.504 D/MSF.C.NetConnTag( 7581): netSend ssoSeq:49281 uin:*8414 cmd:BS08PTQ9FS85K34GPys1Cj8wOA 49485 bacf186
06-28 17:15:12.848 E/SurfaceFlinger(  720): doPartialComposeImpl: reject partial compose request.
06-28 17:15:13.624 D/HwConnectivityServiceEx( 1322): set cache by key is 10156 interfaceName iswlan0 value is false
06-28 17:15:13.738 I/netd    (  640): trafficSwapActiveStatsMap() <10.52ms>
06-28 17:15:13.741 I/DownloadState( 2358): singleUid: 10166 [com.tencent.mobileqq] speed: 178 real speed: 177 (rxB:608 txB:284 rxP:2 txP:2) scroff: false
06-28 17:15:13.806 D/MSF.C.NetConnTag( 7581): netRecv ssoSeq:-890834458 uin:*8414 cmd:BS08PTQ9FS85K34GPykVLzkr -890833946 cross:0
06-28 17:15:13.807 I/MSF.S.AppProcessManager( 7581): SendToApp PUSH process:com.tencent.mobileqq fromServiceMsg: FromServiceMsg msName:onRecvPushMsg ssoSeq:-890834458 serviceCmd:OnlinePush.ReqPush appSeq:-890834458 failCode:1000 cost = 0 needBoot=true from.len = 422
06-28 17:15:13.808 D/MSF.D.Proxy( 7642): onRecvServicePushResp, fromServiceMsg cmd = OnlinePush.ReqPush, ssoSeq = -890834458, length = 422
06-28 17:15:13.812 D/MSF.C.NetConnTag( 7581): pa ok: 49282
06-28 17:15:13.812 D/DualConnContext( 7581): tryDualConn
06-28 17:15:13.812 D/MSF.C.NetConnTag( 7581): netSend ssoSeq:49282 uin:*8414 cmd:BS08PTQ9FS85K34GPys1Cj8wOA 49486 bacf186
06-28 17:15:13.814 I/SmartThreadExecutor( 7642): handleMessage: start check 0
06-28 17:15:13.814 I/SmartThreadExecutor( 7642): handleMessage: check end 0 -55 false
06-28 17:15:13.825 W/Settings( 7581): Setting airplane_mode_on has moved from android.provider.Settings.System to android.provider.Settings.Global, returning read-only value.
06-28 17:15:13.831 D/MSF.C.CodecWarpper( 7581): pushnotify add timestamp 1593335713778|1593335713830
06-28 17:15:13.831 D/MSF.C.NetConnTag( 7581): netRecv ssoSeq:-1754408116 uin:*8414 cmd:ByYjJzs/IAk8IH4ELystFCU3OTIj -1754407780 cross:0
06-28 17:15:13.831 I/MSF.S.AppProcessManager( 7581): SendToApp PUSH process:com.tencent.mobileqq fromServiceMsg: FromServiceMsg msName:onRecvPushMsg ssoSeq:-1754408116 serviceCmd:MessageSvc.PushNotify appSeq:-1754408116 failCode:1000 cost = 0 needBoot=true from.len = 234
06-28 17:15:13.833 D/MSF.D.Proxy( 7642): onRecvServicePushResp, fromServiceMsg cmd = MessageSvc.PushNotify, ssoSeq = -1754408116, length = 234
06-28 17:15:13.881 D/MSF.C.NetConnTag( 7581): msf get timestamp:1593335713778|1593335713830|1593335713856, length:3, model:ELE-AL00, type:2
06-28 17:15:13.882 D/MSF.C.NetConnTag( 7581): pa ok: 49283
06-28 17:15:13.882 D/DualConnContext( 7581): tryDualConn
06-28 17:15:13.883 D/MSF.C.NetConnTag( 7581): netSend ssoSeq:49283 uin:*8414 cmd:ByYjJzs/IAk8IH4EOB8gLgcwNw 49543 bacf186
06-28 17:15:13.953 D/MSF.C.NetConnTag( 7581): netRecv ssoSeq:49283 uin:*8414 cmd:ByYjJzs/IAk8IH4EOB8gLgcwNw 50339 cross:0
06-28 17:15:13.954 I/MSF.S.AppProcessManager( 7581): SendToApp process:com.tencent.mobileqq fromServiceMsg: FromServiceMsg msName:unknown ssoSeq:49283 serviceCmd:MessageSvc.PbGetMsg appSeq:131 failCode:1000 cos t =0 needBoot=false to.len = 74 from.len = 968
06-28 17:15:13.956 D/MSF.D.Proxy( 7642): onReceiveResp, fromServiceMsg = MessageSvc.PbGetMsg, ssoSeq = 49283, length = 968
06-28 17:15:13.971 D/Q.msg.MsgProxy( 7642): insertToList MessageRecord=friendUin:6052senderuin:6052,istroop:0,msgType:-1000,time:1593335713,shmsgseq:6830
06-28 17:15:13.972 D/Q.unread.Proxy_UnreadMonitor( 7642): insertOrUpdateUnread update=--ConversationInfo--,shortUin:*6052,type:0,lastread:1593335606,unreadCount:1,unreadGiftCount:0,unreadRedPacketCount:0,subAccountTroopunReadMsg:0,unreadMark:0, extStr:null
06-28 17:15:13.994 D/Q.msg.QQMessageFacade_UnreadMonitor( 7642): Recent Msg Unread: (0,0,11) (9980,9000,0) (9953,7230,0) (9992,7000,0) (2747277822,10007,0) (9953,7120,0) 
06-28 17:15:13.994 D/BadgeUtils_UnreadMonitor( 7642): setBadge limit: 999, count: 11
06-28 17:15:13.994 D/CommonBadgeUtilImpl( 7642): setBadge count=11|forceSet=false
06-28 17:15:13.997 V/ActivityManager( 1322): Successfully start provider ContentProviderRecord{5398263 u0 com.huawei.android.launcher/.LauncherProvider} launchingApp=null caller pid= 7642
06-28 17:15:13.999 I/HwLauncher( 2220): LauncherProvider launcher call - method:change_badge arg:null extras:[package=com.tencent.mobileqq][badgenumber=11][class=com.tencent.mobileqq.activity.SplashActivity] uid =10166 pid =7642
06-28 17:15:15.307 E/WifiHAL (  714): enter wifi_get_link_stats
06-28 17:15:15.318 I/chatty  ( 1322): uid=1000(system) ClientModeImpl expire 4 lines
06-28 17:15:15.329 W/PhoneInterfaceManager( 2675): shouldBlockLocation running ...
06-28 17:15:15.329 I/PhoneInterfaceManager( 2675): shouldBlockLocation  ret:false
06-28 17:15:15.711 E/SurfaceFlinger(  720): doPartialComposeImpl: reject partial compose request.
06-28 17:15:16.098 I/SmartThreadExecutor(10946): handleMessage: start check 0
06-28 17:15:16.098 I/SmartThreadExecutor(10946): handleMessage: check end 0 -55 false
06-28 17:15:16.146 I/chatty  ( 1322): uid=1000(system) WifiService expire 6 lines
06-28 17:15:16.570 D/MSF.C.NetConnTag( 7581): netRecv ssoSeq:-1679858516 uin:*8414 cmd:ByYjJzs/IAk8IH4ELystCC8iNDE+ -1679858268 cross:0
06-28 17:15:16.570 I/MSF.S.AppProcessManager( 7581): SendToApp PUSH process:com.tencent.mobileqq fromServiceMsg: FromServiceMsg msName:onRecvPushMsg ssoSeq:-1679858516 serviceCmd:MessageSvc.PushReaded appSeq:-1679858516 failCode:1000 cost = 0 needBoot=true from.len = 159
06-28 17:15:16.572 D/MSF.D.Proxy( 7642): onRecvServicePushResp, fromServiceMsg cmd = MessageSvc.PushReaded, ssoSeq = -1679858516, length = 159
06-28 17:15:16.575 D/Q.unread.Proxy_UnreadMonitor( 7642): insertOrUpdateUnread update=--ConversationInfo--,shortUin:*6052,type:0,lastread:1593335713,unreadCount:0,unreadGiftCount:0,unreadRedPacketCount:0,subAccountTroopunReadMsg:0,unreadMark:0, extStr:null
06-28 17:15:16.582 D/Q.msg.QQMessageFacade_UnreadMonitor( 7642): Recent Msg Unread: (0,0,10) (9980,9000,0) (9953,7230,0) (9992,7000,0) (2747277822,10007,0) (9953,7120,0) 
06-28 17:15:16.582 D/BadgeUtils_UnreadMonitor( 7642): setBadge limit: 999, count: 10
06-28 17:15:16.582 D/CommonBadgeUtilImpl( 7642): setBadge count=10|forceSet=false
06-28 17:15:16.585 I/HwLauncher( 2220): LauncherProvider launcher call - method:change_badge arg:null extras:[package=com.tencent.mobileqq][badgenumber=10][class=com.tencent.mobileqq.activity.SplashActivity] uid =10166 pid =7642
06-28 17:15:16.627 W/Settings( 7581): Setting airplane_mode_on has moved from android.provider.Settings.System to android.provider.Settings.Global, returning read-only value.
06-28 17:15:16.632 I/chatty  ( 7581): uid=10166(com.tencent.mobileqq) MsfCheckDeepSle identical 3 lines
06-28 17:15:16.633 W/Settings( 7581): Setting airplane_mode_on has moved from android.provider.Settings.System to android.provider.Settings.Global, returning read-only value.
06-28 17:15:17.084 I/        (  834): [GC] Start force
06-28 17:15:17.085 D/        (  834): non-recursive thread list lock level=16 rec=0 owner=0 
06-28 17:15:17.107 D/        (  834): non-recursive thread list lock level=16 rec=0 owner=0 
06-28 17:15:17.111 I/        (  834): Force GC finished
06-28 17:15:17.116 I/        (  834):  GC for force: sync: collected objects: 0(0B), 91.3417% utilization (3MiB/3MiB), max pause: 257us, total pause: 408us, total GC time: 31ms
06-28 17:15:17.943 I/chatty  ( 1322): uid=1000(system) HuaweiWifiWatch expire 1 line
06-28 17:15:17.943 I/chatty  ( 1322): uid=1000 system_server expire 1 line
06-28 17:15:17.943 I/chatty  ( 1322): uid=1000(system) HuaweiWifiWatch expire 3 lines
06-28 17:15:17.944 I/chatty  ( 1322): uid=1000(system) WifiService expire 5 lines
06-28 17:15:17.945 I/chatty  ( 1322): uid=1000 system_server expire 1 line
06-28 17:15:17.945 I/chatty  ( 1322): uid=1000(system) WifiService expire 2 lines
06-28 17:15:16.584 V/ActivityManager( 1322): Successfully start provider ContentProviderRecord{5398263 u0 com.huawei.android.launcher/.LauncherProvider} launchingApp=null caller pid= 7642
06-28 17:15:17.945 D/HwConnectivityServiceEx( 1322): set cache by key is 1000 interfaceName iswlan0 value is false
06-28 17:15:17.946 I/chatty  ( 1322): uid=1000 system_server expire 2 lines
06-28 17:15:17.946 I/chatty  ( 1322): uid=1000(system) HuaweiWifiWatch expire 1 line
06-28 17:15:17.950 I/chatty  ( 1322): uid=1000(system) MobileQosDetect expire 1 line
06-28 17:15:18.149 I/chatty  ( 1322): uid=1000(system) WifiService expire 4 lines
06-28 17:15:18.337 E/WifiHAL (  714): enter wifi_get_link_stats
06-28 17:15:18.339 I/chatty  ( 1322): uid=1000(system) ClientModeImpl expire 3 lines
06-28 17:15:18.347 W/PhoneInterfaceManager( 2675): shouldBlockLocation running ...
06-28 17:15:18.348 I/PhoneInterfaceManager( 2675): shouldBlockLocation  ret:false
06-28 17:15:18.770 I/netd    (  640): trafficSwapActiveStatsMap() <18.06ms>
06-28 17:15:18.773 I/DownloadState( 2358): singleUid: 10166 [com.tencent.mobileqq] speed: 603 real speed: 600 (rxB:2352 txB:664 rxP:5 txP:5) scroff: false
06-28 17:15:18.804 E/SurfaceFlinger(  720): doPartialComposeImpl: reject partial compose request.
06-28 17:15:18.938 E/hilinkService(12284): start send heartbeat
06-28 17:15:18.938 E/hilinkService(12284): heartbeat ok
06-28 17:15:18.952 E/hilinkService(12284): coap_read 3
06-28 17:15:18.952 E/hilinkService(12284): connct_resp_handler try jni_connect_muetx_lock
06-28 17:15:18.952 E/hilinkService(12284): connct_resp_handler jni_connect_muetx_lock succuss
06-28 17:15:18.952 E/hilinkService(12284): mode_code:6
06-28 17:15:18.952 E/hilinkService(12284): connct_resp_handler jni_connect_muetx_unlock succuss
06-28 17:15:19.144 I/chatty  ( 1322): uid=1000(system) WifiService expire 5 lines
06-28 17:15:19.294 E/        (  903): [E/chargemonitor]monitorOnceCharging:thermal_reason is : [1#10000#1]
06-28 17:15:21.279 I/storaged(  869): storaged_t::event: storage_info refreshed.
06-28 17:15:21.355 E/WifiHAL (  714): enter wifi_get_link_stats
06-28 17:15:21.366 I/chatty  ( 1322): uid=1000(system) ClientModeImpl expire 3 lines
06-28 17:15:21.376 W/PhoneInterfaceManager( 2675): shouldBlockLocation running ...
06-28 17:15:21.376 I/PhoneInterfaceManager( 2675): shouldBlockLocation  ret:false
06-28 17:15:22.130 I/netd    (  640): trafficSwapActiveStatsMap() <15.26ms>
06-28 17:15:22.156 I/chatty  ( 1322): uid=1000(system) WifiService expire 6 lines
06-28 17:15:23.790 I/netd    (  640): trafficSwapActiveStatsMap() <7.16ms>
06-28 17:15:23.793 I/DownloadState( 2358): singleUid: 10071 [com.huawei.hilink.framework] speed: 49 real speed: 49 (rxB:117 txB:131 rxP:1 txP:1) scroff: false
06-28 17:15:23.802 I/DownloadState( 2358): shareUid: 0 default_sk transmitting data speed : 23 bytes/s (rxB:117 txB:0 rxP:1 txP:0 iface:1) scroff: false
06-28 17:15:24.383 E/WifiHAL (  714): enter wifi_get_link_stats
06-28 17:15:24.394 I/chatty  ( 1322): uid=1000(system) ClientModeImpl expire 4 lines
06-28 17:15:24.404 W/PhoneInterfaceManager( 2675): shouldBlockLocation running ...
06-28 17:15:24.404 I/PhoneInterfaceManager( 2675): shouldBlockLocation  ret:false
06-28 17:15:24.746 E/SurfaceFlinger(  720): doPartialComposeImpl: reject partial compose request.
06-28 17:15:25.152 I/chatty  ( 1322): uid=1000(system) WifiService expire 3 lines
06-28 17:15:25.153 W/adbd    (13108): timeout expired while flushing socket, closing
06-28 17:15:25.821 E/Thermal-daemon(  870): [shell_frame] temp_new :35  temp_old :34
06-28 17:15:25.823 I/ThermalTrace_ThermalRaise( 2358): Shell:-100,34,35,currentBatteryTemp:35
06-28 17:15:25.823 E/Thermal-daemon(  870): Report temperature: [shell_frame] temp :35  report_threshold:1
06-28 17:15:25.824 D/dubaid  (  846): [QueryService.cpp] HandleRequestQueryData# start=1593335725823, end=1593335725823
06-28 17:15:25.826 E/ncdft_HwDubaiBufferedLogClient( 2622): receive buffered log T, magic=0
06-28 17:15:25.826 E/ncdft_HwDubaiBufferedLogClient( 2622): receive buffered log, time=1593335610217
06-28 17:15:25.827 E/        ( 2622): NcChipChr write_WifiChr_reason, errorcode:909009519
06-28 17:15:25.827 E/        ( 2622): NcChipChr chr_open_dev(): open succ 
06-28 17:15:25.827 E/        ( 2622): write_WifiChr_reason, ret=0
06-28 17:15:25.828 I/smartpakit(  692): smartpa_algo_control: enter, cmd = 5
06-28 17:15:25.828 I/spk_dev_interface_V2(  692): soc_adsp_send_sync_cmd: enter,in_size 0x14,out_size 0xc
06-28 17:15:25.835 E/        ( 2622): NcChipChr chr_read_error(): len=56 
06-28 17:15:25.836 E/        ( 2622): NcChipChr ChipReportInfo :909009519, 48 , 0 
06-28 17:15:25.836 E/        ( 2622): NcChipChr, changeDataToObj(): error: 909009519 
06-28 17:15:25.836 E/        ( 2622): chr_createWifiChrObj, errorno:909009519
06-28 17:15:25.836 E/HwChrExceptionListener( 2622): getDevFileResult mdwprs:rate:[0, 0, 275, 3160, 2977, 87, 0] power:[6499, 0, 0, 0, 0]
06-28 17:15:25.863 I/smartpakit(  692): get_power_consumption: result[1] is 0x0 result[0] is 0x0
06-28 17:15:25.863 I/smartpakit(  692): getSmartPAPOWER is pa1=0
06-28 17:15:25.874 D/dubaid  (  846): [DubaiUtils.cpp] PowerPushToPg# code: 185, tag: cpu, message: 10014:com.android.providers.downloads:0.020:47203:8082#10014:com.android.providers.media:0.020:47203:8082
06-28 17:15:25.875 I/APwTrigger( 2358): high power cpu load to normal for app: com.qujianpan.client
06-28 17:15:25.877 I/BroadcastAdapter( 2358): send hight cpu load msg to thermal!
06-28 17:15:25.878 I/ThermalTrace:SystemInfo( 2358): ThermalTrace:receive high cpu load msg:10014:com.android.providers.downloads:0.020:47203:8082#10014:com.android.providers.media:0.020:47203:8082,timeStamp:20200628 17:15:25
06-28 17:15:25.890 I/netd    (  640): trafficSwapActiveStatsMap() <10.18ms>
06-28 17:15:25.896 D/pmomd   (  810): dubai_send_data# new inquires arrived, timestamp=1593335725896
06-28 17:15:25.896 D/pmomd   (  810): free_list# free list, count=4
06-28 17:15:25.896 D/pmomd   (  810): add_element# add element, count=1
06-28 17:15:25.896 D/pmomd   (  810): add_driver_data# add driver data
06-28 17:15:25.896 D/pmomd   (  810): add_element# add element, count=2
06-28 17:15:25.896 D/pmomd   (  810): add_lte_rrc_data# add lte rrc data
06-28 17:15:25.896 D/pmomd   (  810): add_element# add element, count=3
06-28 17:15:25.896 D/pmomd   (  810): add_was_data# add was data modemId:10 fach:0 urapch:0 cellpch:0 dch:0 idle:11582
06-28 17:15:25.896 D/pmomd   (  810): add_element# add element, count=4
06-28 17:15:25.896 D/pmomd   (  810): add_was_data# add was data modemId:266 fach:0 urapch:0 cellpch:0 dch:0 idle:11582
06-28 17:15:25.943 I/chatty  ( 1322): uid=1000(system) HuaweiWifiWatch expire 2 lines
06-28 17:15:25.943 I/chatty  ( 1322): uid=1000(system) WifiService expire 6 lines
06-28 17:15:25.944 I/chatty  ( 1322): uid=1000 system_server expire 2 lines
06-28 17:15:25.945 I/chatty  ( 1322): uid=1000(system) WifiService expire 1 line
06-28 17:15:25.945 D/HwConnectivityServiceEx( 1322): set cache by key is 1000 interfaceName iswlan0 value is false
06-28 17:15:25.946 I/chatty  ( 1322): uid=1000(system) HuaweiWifiWatch expire 1 line
06-28 17:15:25.946 I/chatty  ( 1322): uid=1000 system_server expire 1 line
06-28 17:15:25.952 I/chatty  ( 1322): uid=1000(system) MobileQosDetect expire 1 line
06-28 17:15:26.136 E/        ( 2622): NcChipChr chr_read_error(): in 
06-28 17:15:26.136 E/        ( 2622): NcChipChr chr_open_dev(): open succ 
06-28 17:15:26.162 I/chatty  ( 1322): uid=1000(system) WifiService expire 3 lines
06-28 17:15:26.841 W/StorageMonitorS( 2177): type=1400 audit(0.0:82659): avc: granted { getattr } for pid=2177 name="/" dev="sdcardfs" ino=109 scontext=u:r:system_app:s0 tcontext=u:object_r:sdcardfs:s0 tclass=filesystem
06-28 17:15:27.018 I/SmartThreadExecutor(11096): handleMessage: start check 0
06-28 17:15:27.018 I/SmartThreadExecutor(11096): handleMessage: check end 0 -55 false
06-28 17:15:27.327 E/        ( 2622): NcChipChr write_WifiChr_reason, errorcode:909009520
06-28 17:15:27.327 E/        ( 2622): NcChipChr chr_open_dev(): open succ 
06-28 17:15:27.327 E/        ( 2622): write_WifiChr_reason, ret=0
06-28 17:15:27.335 E/        ( 2622): NcChipChr chr_read_error(): len=40 
06-28 17:15:27.335 E/        ( 2622): NcChipChr ChipReportInfo :909009520, 32 , 0 
06-28 17:15:27.335 E/        ( 2622): NcChipChr, changeDataToObj(): error: 909009520 
06-28 17:15:27.336 E/        ( 2622): chr_createWifiChrObj, errorno:909009520
06-28 17:15:27.336 E/HwChrExceptionListener( 2622): getDevFileResult mdwwti:WorkTimeH:0 WorkTimeL:441428 LightSleepTimeH:0 LightSleepTimeL:144532 DeepSleepTimeH:0 DeepSleepTimeL:1198805 WfiTimeH:0 WfiTimeL:176088
06-28 17:15:27.411 E/WifiHAL (  714): enter wifi_get_link_stats
06-28 17:15:27.414 I/chatty  ( 1322): uid=1000(system) ClientModeImpl expire 4 lines
06-28 17:15:27.423 W/PhoneInterfaceManager( 2675): shouldBlockLocation running ...
06-28 17:15:27.423 I/PhoneInterfaceManager( 2675): shouldBlockLocation  ret:false
06-28 17:15:27.574 E/SurfaceFlinger(  720): doPartialComposeImpl: reject partial compose request.
06-28 17:15:27.636 E/        ( 2622): NcChipChr chr_read_error(): in 
06-28 17:15:27.636 E/        ( 2622): NcChipChr chr_open_dev(): open succ 
06-28 17:15:27.806 W/IptablesRestoreController(  640): iptables-restore process 14899 terminated status=15
06-28 17:15:27.807 W/IptablesRestoreController(  640): iptables-restore process 14900 terminated status=15
06-28 17:15:28.167 I/chatty  ( 1322): uid=1000(system) WifiService expire 7 lines
06-28 17:15:28.347 I/HwNaturalBase( 2895): [CommonHandler]: 28743Kb ram is used.
06-28 17:15:28.818 I/netd    (  640): trafficSwapActiveStatsMap() <14.56ms>
06-28 17:15:28.846 I/netd    (  640): trafficSwapActiveStatsMap() <11.12ms>
06-28 17:15:29.610 I/HwNaturalBase( 2456): [CommonHandler]: 26758Kb ram is used.
06-28 17:15:30.268 W/HwNaturalBase( 2456): [Timer-3]: Connection to Kv Data Service Slave is closed virtually.
06-28 17:15:30.327 V/ActivityManager( 1322): Successfully start provider ContentProviderRecord{53ecbc2 u0 com.huawei.hidisk/com.huawei.android.hicloud.common.provider.HisyncSwitchStatusProvider} launchingApp=ProcessRecord{4dc8809 4102:com.huawei.hidisk/1001} caller pid= 4048
06-28 17:15:30.334 D/HwConnectivityServiceEx( 1322): set cache by key is 1001 interfaceName iswlan0 value is false
06-28 17:15:30.334 I/Cloud[10.6.2.302]Sync.CBObserverTimer( 4048): removeMessages isCharging.
06-28 17:15:30.335 E/LogWrite( 4048): logDirPath or logFileName is empty
06-28 17:15:30.336 I/Cloud[10.6.2.302]Sync.CBObserverTimer( 4048): om report condition 0100
06-28 17:15:30.336 E/LogWrite( 4048): logDirPath or logFileName is empty
06-28 17:15:30.432 E/WifiHAL (  714): enter wifi_get_link_stats
06-28 17:15:30.446 I/chatty  ( 1322): uid=1000(system) ClientModeImpl expire 2 lines
06-28 17:15:30.452 W/PhoneInterfaceManager( 2675): shouldBlockLocation running ...
06-28 17:15:30.452 I/PhoneInterfaceManager( 2675): shouldBlockLocation  ret:false
06-28 17:15:30.717 E/SurfaceFlinger(  720): doPartialComposeImpl: reject partial compose request.
06-28 17:15:30.828 E/Thermal-daemon(  870): [shell_frame] temp_new :34  temp_old :35
06-28 17:15:30.829 I/ThermalTrace_ThermalRaise( 2358): Shell:34,35,34,currentBatteryTemp:35
06-28 17:15:30.829 E/Thermal-daemon(  870): Report temperature: [shell_frame] temp :34  report_threshold:1
06-28 17:15:31.163 I/chatty  ( 1322): uid=1000(system) WifiService expire 5 lines
06-28 17:15:32.150 I/netd    (  640): trafficSwapActiveStatsMap() <11.17ms>
06-28 17:15:32.860 I/PushLog100101401( 4578): [SocketRead_16:46:46-243]enter cancelAlarm(Action=com.huawei.android.push.intent.RESPONSE_FAIL
06-28 17:15:32.862 I/PushLog100101401( 4578): [SocketRead_16:46:46-243]process cmdid to receive from pushSrv:44, subCmdId:FF
06-28 17:15:32.866 I/PushLog100101401( 4578): [SocketRead_16:46:46-243]dispatchIntent over
06-28 17:15:32.867 I/PushLog100101401( 4578): [ReceiverDispatcher-230]process push message cmdid from pushSrv:44, subCmdId:FF
06-28 17:15:32.878 I/PushLog100101401( 4578): [ReceiverDispatcher-230]msgType: 2 [0:PassBy msg, 1:System notification, 2:normal notification, 3:HCM PassBy msg]
06-28 17:15:32.879 I/PushLog100101401( 4578): [ReceiverDispatcher-230] closeTokenCheck: false
06-28 17:15:32.884 I/PushLog100101401( 4578): [ReceiverDispatcher-230]areNotificationsEnabledForPackage:true
06-28 17:15:32.884 I/PushLog100101401( 4578): [ReceiverDispatcher-230]isChannelAllowDisplay
06-28 17:15:32.884 I/PushLog100101401( 4578): [ReceiverDispatcher-230]custom channelId is empty
06-28 17:15:32.885 I/PushLog100101401( 4578): [ReceiverDispatcher-230]com.tencent.mtt  in user 0 ,uid is 10160
06-28 17:15:32.885 I/PushLog100101401( 4578): [ReceiverDispatcher-230]importance:1
06-28 17:15:32.886 I/PushLog100101401( 4578): [ReceiverDispatcher-230]receive a push msg,ctrl state:0, isDawn:false
06-28 17:15:32.887 I/PushLog100101401( 4578): [ReceiverDispatcher-230]areNotificationsEnabledForPackage:true
06-28 17:15:32.887 I/PushLog100101401( 4578): [ReceiverDispatcher-230]send selfshow msg to NC to display, pkgName:com.tencent.mtt,msgID:B857227C194FC198,haStorageId:-1,userId:0
06-28 17:15:32.890 I/PushLog100101401( 4578): [ReceiverDispatcher-230]add com.huawei.android.pushagent to doze temp white list
06-28 17:15:32.892 I/PushLog100101401( 4578): [ReceiverDispatcher-230]isSupportsMultiUsers: true
06-28 17:15:32.894 I/PushLog100101401( 4578): [ReceiverDispatcher-230]process cmdid to send to pushSrv:45, subCmdId:FF
06-28 17:15:32.895 I/PushLog100101401( 4578): [ReceiverDispatcher-230]send msg to remote srv success
06-28 17:15:32.895 I/PushLog100101401( 4578): [ReceiverDispatcher-230]handleMessageResponse the response msg is :45,msgId:B857227C194FC198,displayPkgName:com.tencent.mtt,flag:00
06-28 17:15:32.895 I/PushLog100101401( 4578): [ReceiverDispatcher-230]enter AlarmTools:setInexactAlarm(intent:Intent { act=com.huawei.action.push.intent.CHECK_CHANNEL_CYCLE pkg=android } interval:1200000ms
06-28 17:15:32.903 I/PushLogNC100101401(14834): [main-1]NC receive a push message,Intent:com.huawei.intent.action.PUSH(pushagent/:40)
06-28 17:15:32.904 I/PushLogNC100101401(14834): [main-1]NC receive the msgid:B857227C194FC198(pushagent/:49)
06-28 17:15:32.904 I/PushLogNC100101401(14834): [main-1]NC receive the eventId:null(pushagent/:53)
06-28 17:15:32.904 I/PushLogNC100101401(14834): [main-1]NC receive the notifyId:0(pushagent/:57)
06-28 17:15:32.905 D/PushLogNC100101401(14834): Begin to init mFileNode
06-28 17:15:32.905 D/PushLogNC100101401(14834): whether write file log:true
06-28 17:15:32.905 I/AlarmManager( 1322): remove alarm:Alarm{5433ecf type 1 when 1593336877281 PendingIntent{55792f5: PendingIntentRecord{5091bd1 android broadcastIntent}}android procName com.huawei.android.pushagent.PushService} according to operation:53e7341
06-28 17:15:32.906 I/PushLogNC100101401(14834): [ReceiverHandler-pool-thread-1-597]NC receive the msgId:[-1207894052],cmd:[cosa],eventId:[null](pushagent/:77)
06-28 17:15:32.906 I/PushLogNC100101401(14834): [ReceiverHandler-pool-thread-1-597]receive a selfshow message ,the type iscosa(pushagent/:109)
06-28 17:15:32.905 W/SeqIO-pool-thre(14834): type=1400 audit(0.0:82660): avc: granted { append } for pid=14834 name="NC.log" dev="sdcardfs" ino=467059 scontext=u:r:platform_app:s0:c512,c768 tcontext=u:object_r:sdcardfs:s0 tclass=file
06-28 17:15:32.905 W/SeqIO-pool-thre(14834): type=1400 audit(0.0:82661): avc: granted { append open } for pid=14834 path="/storage/emulated/0/Android/data/com.huawei.android.pushagent/files/Log/NC.log" dev="sdcardfs" ino=467059 scontext=u:r:platform_app:s0:c512,c768 tcontext=u:object_r:sdcardfs:s0 tclass=file
06-28 17:15:32.905 W/SeqIO-pool-thre(14834): type=1400 audit(0.0:82662): avc: granted { append } for pid=14834 name="NC.log" dev="sdcardfs" ino=467059 scontext=u:r:platform_app:s0:c512,c768 tcontext=u:object_r:sdcardfs:s0 tclass=file
06-28 17:15:32.905 W/SeqIO-pool-thre(14834): type=1400 audit(0.0:82663): avc: granted { append open } for pid=14834 path="/storage/emulated/0/Android/data/com.huawei.android.pushagent/files/Log/NC.log" dev="sdcardfs" ino=467059 scontext=u:r:platform_app:s0:c512,c768 tcontext=u:object_r:sdcardfs:s0 tclass=file
06-28 17:15:32.905 W/SeqIO-pool-thre(14834): type=1400 audit(0.0:82664): avc: granted { append } for pid=14834 name="NC.log" dev="sdcardfs" ino=467059 scontext=u:r:platform_app:s0:c512,c768 tcontext=u:object_r:sdcardfs:s0 tclass=file
06-28 17:15:32.905 W/SeqIO-pool-thre(14834): type=1400 audit(0.0:82665): avc: granted { append open } for pid=14834 path="/storage/emulated/0/Android/data/com.huawei.android.pushagent/files/Log/NC.log" dev="sdcardfs" ino=467059 scontext=u:r:platform_app:s0:c512,c768 tcontext=u:object_r:sdcardfs:s0 tclass=file
06-28 17:15:32.905 W/SeqIO-pool-thre(14834): type=1400 audit(0.0:82666): avc: granted { append } for pid=14834 name="NC.log" dev="sdcardfs" ino=467059 scontext=u:r:platform_app:s0:c512,c768 tcontext=u:object_r:sdcardfs:s0 tclass=file
06-28 17:15:32.905 W/SeqIO-pool-thre(14834): type=1400 audit(0.0:82667): avc: granted { append open } for pid=14834 path="/storage/emulated/0/Android/data/com.huawei.android.pushagent/files/Log/NC.log" dev="sdcardfs" ino=467059 scontext=u:r:platform_app:s0:c512,c768 tcontext=u:object_r:sdcardfs:s0 tclass=file
06-28 17:15:32.905 W/SeqIO-pool-thre(14834): type=1400 audit(0.0:82668): avc: granted { append } for pid=14834 name="NC.log" dev="sdcardfs" ino=467059 scontext=u:r:platform_app:s0:c512,c768 tcontext=u:object_r:sdcardfs:s0 tclass=file
06-28 17:15:32.906 V/BroadcastQueue( 1322): Finished with ordered broadcast BroadcastRecord{50730a5 u0 com.huawei.intent.action.PUSH}
06-28 17:15:32.908 D/SmartHeartBeat( 1322): isPendingAlarm, false, pkg:com.android.deskclock, action:com.android.deskclock.ALARM_ALERT,not pending alarm with AlarmClockInfo
06-28 17:15:32.908 I/PushLogNC100101401(14834): [Thread-3-610]handle to display push notification.(pushagent/:37)
06-28 17:15:32.912 W/PushLogNC100101401(14834): [Thread-3-610]need permission:null(pushagent/:481)
06-28 17:15:32.913 I/PushLogNC100101401(14834): [Thread-3-610]getSmallIcon(pushagent/:152)
06-28 17:15:32.913 I/PushLogNC100101401(14834): [Thread-3-610]resource or package name is empty(pushagent/:154)
06-28 17:15:32.914 I/PushLogNC100101401(14834): [Thread-3-610]get target application icon (pushagent/:199)
06-28 17:15:32.915 W/PushLogNC100101401(14834): [Thread-3-610]mutiLang title or content is null(pushagent/:539)
06-28 17:15:32.915 I/PushLogNC100101401(14834): [Thread-3-610]notify big icon url is not valid.(pushagent/:68)
06-28 17:15:32.919 I/PushLogNC100101401(14834): [Thread-3-610]getNotificationChannel pkgName: com.tencent.mtt channelId: com.huawei.android.pushagent.low4021(pushagent/:61)
06-28 17:15:32.920 I/PushLogNC100101401(14834): [Thread-3-610]channel has been created by NC, do not need to create again(pushagent/:411)
06-28 17:15:32.921 I/PushLogNC100101401(14834): [Thread-3-610]uid:10160(pushagent/:724)
06-28 17:15:32.921 I/PushLogNC100101401(14834): [Thread-3-610]channel priority : 2 [0:Medium Level Channel, 1:High Level Channel, 2:Low Level Channel](pushagent/:645)
06-28 17:15:32.923 I/PushLogNC100101401(14834): [Thread-3-610]createChannelForTargetPackage success, target pkg is com.tencent.mtt(pushagent/:661)
06-28 17:15:32.923 I/PushLogNC100101401(14834): [Thread-3-610]flash channel name for target package success by NC(pushagent/:382)
06-28 17:15:32.924 V/HwNotificationManagerService( 1322): Notification Center targetPkg:com.tencent.mtt
06-28 17:15:32.925 I/NotificationService( 1322): enqueueNotificationInternal: pkg=com.tencent.mtt id=437318343 notification=Notification(channel=com.huawei.android.pushagent.low4021 pri=0 contentView=null vibrate=null sound=null tick defaults=0x0 flags=0x110 color=0x00000000 vis=PRIVATE)
06-28 17:15:32.926 I/NotificationService( 1322): enqueueNotificationInternal Channel Info : pkg=com.tencent.mtt id=437318343 importance =1
06-28 17:15:32.926 I/PushLogNC100101401(14834): [Thread-3-610]setAutoClear time is: 0(pushagent/:197)
06-28 17:15:32.927 I/PushLogNC100101401(14834): [Thread-3-610]BadgeClassName :PackageName: com.huawei.android.pushagentDispPkgName: com.tencent.mttBadgeAddNum1BadgeSetNum -1(pushagent/:214)
06-28 17:15:32.927 I/PushLogNC100101401(14834): [Thread-3-610]no need to refresh badge number. badgeClassName：dispPkgName: com.tencent.mttbadgeAddNum: 1badgeSetNum: -1(pushagent/:220)
06-28 17:15:32.927 I/PushLogNC100101401(14834): [Thread-3-610]send BI, cmd = cosa ,msgid = -1207894052 ,eventId = 100 ,notifyId = 437318343 ,haStorageId = -1 ,bi url = https://metrics1.data.hicloud.com:6447/ ,dispPkgName = com.tencent.mtt ,ueid = -1207894052(pushagent/:165)
06-28 17:15:32.931 I/HiAnalytics/event(14834): [2020-06-28 17:15:32.930 I/HiAnalytics/HiAnalytics/event 14834:610 null:13] HiAnalyticsInstanceImpl.refresh(). Parameter config is null.TAG : PushApkDefault , TYPE : 1
06-28 17:15:32.931 W/id.ext.service( 2782): resources.arsc in APK '/data/app/com.tencent.mtt-gUUQpwnihjXDcELhKnw9Wg==/base.apk' is compressed.
06-28 17:15:32.931 I/HiAnalytics/event(14834): [2020-06-28 17:15:32.931 I/HiAnalytics/HiAnalytics/event 14834:610 null:13] HiAnalyticsInstanceImpl.refresh() is executed.TAG : PushApkDefault , TYPE : 1
06-28 17:15:32.931 I/HiAnalytics/event(14834): [2020-06-28 17:15:32.931 I/HiAnalytics/HiAnalytics/event 14834:610 null:23] HiAnalyticsInstanceImpl.setMaintConf() is executed.TAG : PushApkDefault
06-28 17:15:32.932 W/HiAnalytics/event(14834): [2020-06-28 17:15:32.931 W/HiAnalytics/HiAnalytics/event 14834:610 null:32] HiAnalyticsInstanceImpl.setMaintConf(): config for maint is null!
06-28 17:15:32.932 I/HiAnalytics/event(14834): [2020-06-28 17:15:32.932 I/HiAnalytics/HiAnalytics/event 14834:610 null:13] HiAnalyticsInstanceImpl.refresh() is executed.TAG : PushApkDefault , TYPE : 0
06-28 17:15:32.932 I/HiAnalytics/event(14834): [2020-06-28 17:15:32.932 I/HiAnalytics/HiAnalytics/event 14834:610 null:23] HiAnalyticsInstanceImpl.setOperConf() is executed.TAG: PushApkDefault
06-28 17:15:32.933 I/HiAnalytics/event(14834): [2020-06-28 17:15:32.933 I/HiAnalytics/HiAnalytics/event 14834:610 null:13] HiAnalyticsInstanceImpl.refresh(). Parameter config is null.TAG : PushApkDefault , TYPE : 3
06-28 17:15:32.933 I/HiAnalytics/event(14834): [2020-06-28 17:15:32.933 I/HiAnalytics/HiAnalytics/event 14834:610 null:13] HiAnalyticsInstanceImpl.refresh() is executed.TAG : PushApkDefault , TYPE : 3
06-28 17:15:32.933 I/HiAnalytics/event(14834): [2020-06-28 17:15:32.933 I/HiAnalytics/HiAnalytics/event 14834:610 null:23] HiAnalyticsInstanceImpl.setDiffConf() is executed.TAG : PushApkDefault
06-28 17:15:32.934 W/HiAnalytics/event(14834): [2020-06-28 17:15:32.933 W/HiAnalytics/HiAnalytics/event 14834:610 null:32] HiAnalyticsInstanceImpl.setDiffConf(): config for diffPrivacy is null!
06-28 17:15:32.934 I/HiAnalytics(14834): [2020-06-28 17:15:32.934 I/HiAnalytics/HiAnalytics 14834:610 null:2]
06-28 17:15:32.934 I/HiAnalytics(14834):  
06-28 17:15:32.934 I/HiAnalytics(14834): ============================================================================
06-28 17:15:32.934 I/HiAnalytics(14834): ====== HiAnalytics-2.1.4.312
06-28 17:15:32.934 I/HiAnalytics(14834): ============================================================================
06-28 17:15:32.934 I/HiAnalytics/event(14834): [2020-06-28 17:15:32.934 I/HiAnalytics/HiAnalytics/event 14834:610 null:23] instance.onEvent(headerEx,commonEx) is execute.TAG: PushApkDefault
06-28 17:15:32.935 W/HianalyticsSDK(14834): [2020-06-28 17:15:32.935 W/HiAnalytics/HianalyticsSDK 14834:610 null:130] checkMap():value check failure
06-28 17:15:32.935 I/PushLogNC100101401(14834): [Thread-3-610]event cached(pushagent/:212)
06-28 17:15:32.936 I/EventRecordTaskEx(14834): [2020-06-28 17:15:32.935 I/HiAnalytics/EventRecordTaskEx 14834:602 null:4] EventRecordTaskEx task is running
06-28 17:15:32.936 I/EventRecordTask(14834): [2020-06-28 17:15:32.936 I/HiAnalytics/EventRecordTask 14834:602 null:4] event record task running
06-28 17:15:32.936 I/checkSpFileSizeLimit(14834): [2020-06-28 17:15:32.936 I/HiAnalytics/checkSpFileSizeLimit 14834:602 null:41] check file size : 11567 limitedSize : 5242880
06-28 17:15:32.959 I/id.ext.service( 2782): Explicit concurrent copying GC freed 1749(125KB) AllocSpace objects, 0(0B) LOS objects, 84% free, 1135KB/7279KB, paused 69us total 16.288ms
06-28 17:15:32.962 W/ExtAssistant( 2782): trimMemory. false
06-28 17:15:33.035 I/chatty  ( 1322): uid=1000 system_server expire 1 line
06-28 17:15:33.038 I/AppManager( 2358): app:com.tencent.mtt Notification update time:1762856
06-28 17:15:33.039 I/NotificationListener( 2003): onNotificationPosted: StatusBarNotification(pkg=com.tencent.mtt user=UserHandle{0} id=437318343 tag=null key=0|com.tencent.mtt|437318343|null|10160: Notification(channel=com.huawei.android.pushagent.low4021 pri=0 contentView=null vibrate=null sound=null tick defaults=0x0 flags=0x110 color=0x00000000 vis=PRIVATE)) important=1, post=1593335732926, when=1593335732915,showWhen=true, vis=0, userid=0
06-28 17:15:33.044 W/id.ext.service( 2782): resources.arsc in APK '/data/app/com.tencent.mtt-gUUQpwnihjXDcELhKnw9Wg==/base.apk' is compressed.
06-28 17:15:33.045 W/ndroid.systemu( 2003): resources.arsc in APK '/data/app/com.tencent.mtt-gUUQpwnihjXDcELhKnw9Wg==/base.apk' is compressed.
06-28 17:15:33.065 I/HwNotificationMenuRowImpl( 2003): checkNotificationIconColor Notification(channel=com.huawei.android.pushagent.low4021 pri=0 contentView=null vibrate=null sound=null tick defaults=0x0 flags=0x110 color=0x00000000 vis=PRIVATE)false
06-28 17:15:33.074 I/BigDataLog( 2622): BD.BDService:send app action data success
06-28 17:15:33.074 E/BigDataLog( 2622): BD.FilterInterfaceImpl:com.android.systemui 344 eventCounts= 100 over threshold
06-28 17:15:33.074 E/BigDataLog( 2622): BD.FilterInterfaceImpl:com.android.systemui, 344 is illLegal
06-28 17:15:33.099 I/NotificationViewHierarchyManager( 2003): updateNotificationViews activeNotificationSize=5
06-28 17:15:33.101 I/ScrollLayout2( 2003): addContainerView StatusBarNotification(pkg=com.tencent.mtt user=UserHandle{0} id=437318343 tag=null key=0|com.tencent.mtt|437318343|null|10160: Notification(channel=com.huawei.android.pushagent.low4021 pri=0 contentView=null vibrate=null sound=null tick defaults=0x0 flags=0x110 color=0x00000000 vis=PRIVATE))
06-28 17:15:33.103 I/HwVisibleNotificationTracerImpl( 2003): setVisibleNotifications: visibleNotifications=5
06-28 17:15:33.459 E/WifiHAL (  714): enter wifi_get_link_stats
06-28 17:15:33.464 I/chatty  ( 1322): uid=1000(system) ClientModeImpl expire 7 lines
06-28 17:15:33.475 W/PhoneInterfaceManager( 2675): shouldBlockLocation running ...
06-28 17:15:33.476 I/PhoneInterfaceManager( 2675): shouldBlockLocation  ret:false
06-28 17:15:33.842 I/netd    (  640): trafficSwapActiveStatsMap() <11.24ms>
06-28 17:15:33.855 I/DownloadState( 2358): shareUid: 1000 com.huawei.android.pushagent.PushService transmitting data speed : 350 bytes/s (rxB:1411 txB:339 rxP:2 txP:2 iface:1) scroff: false
06-28 17:15:33.950 I/chatty  ( 1322): uid=1000(system) HuaweiWifiWatch expire 3 lines
06-28 17:15:33.950 I/chatty  ( 1322): uid=1000(system) WifiService expire 19 lines
06-28 17:15:33.951 I/chatty  ( 1322): uid=1000 system_server expire 2 lines
06-28 17:15:33.952 D/HwConnectivityServiceEx( 1322): set cache by key is 1000 interfaceName iswlan0 value is false
06-28 17:15:33.953 I/chatty  ( 1322): uid=1000 system_server expire 1 line
06-28 17:15:33.958 I/chatty  ( 1322): uid=1000(system) MobileQosDetect expire 1 line
06-28 17:15:34.138 D/ConnectivityService( 1322): get Network state from cache, cacheBlock is 0
06-28 17:15:34.139 D/ConnectivityService( 1322): get Network state from cache, cacheBlock is 0
06-28 17:15:34.808 I/HwBatteryService( 1322): quick charge status : 0
06-28 17:15:34.808 D/HwBatteryService( 1322): onUEvent fcpStatus = 0
06-28 17:15:34.808 D/HwBatteryService( 1322): onUEvent scpStatus = 0 ,ovpStatus = 0
06-28 17:15:34.808 I/HwBatteryService( 1322): handleWirelessTxStatus
06-28 17:15:34.808 I/HwBatteryService( 1322): switch not open, return, mWirelessTxFlag : 0
06-28 17:15:34.808 W/HwBatteryService( 1322): need return. Invalid value: -1
06-28 17:15:34.808 D/HwBatteryService( 1322): setHwChargeTimeRemaining, time = -1 String time: -1
06-28 17:15:34.809 I/HwUsbDeviceManager( 1322): water_intrused state= 0
06-28 17:15:35.887 I/FindCurApp( 5906): CAWARENESS: updateAppRunTotalTime topKey = com.huawei.recsys_1:1;9,4,3~LmtFrameworkRingVolumeKey1440Mins
06-28 17:15:35.887 I/FindCurApp( 5906): CAWARENESS: appRuningLog,getAppRunTotalTime PackageName = com.huawei.search runtime:4785
06-28 17:15:35.887 E/FindCurApp( 5906): CAWARENESS: appInWhiteList illegal parameters
06-28 17:15:35.887 I/FindCurApp( 5906): CAWARENESS: appRuningLog,getAppRunTotalTime PackageName = com.huawei.hidisk runtime:208575
06-28 17:15:35.887 E/FindCurApp( 5906): CAWARENESS: appInWhiteList illegal parameters
06-28 17:15:35.887 I/FindCurApp( 5906): CAWARENESS: appRuningLog,getAppRunTotalTime PackageName = com.huawei.android.internal.app runtime:1952
06-28 17:15:35.887 E/FindCurApp( 5906): CAWARENESS: appInWhiteList illegal parameters
06-28 17:15:35.887 I/FindCurApp( 5906): CAWARENESS: appRuningLog,getAppRunTotalTime PackageName = com.huawei.android.launcher runtime:192339
06-28 17:15:35.887 E/FindCurApp( 5906): CAWARENESS: appInWhiteList illegal parameters
06-28 17:15:35.887 I/FindCurApp( 5906): CAWARENESS: appRuningLog,getAppRunTotalTime PackageName = com.android.systemui runtime:2224
06-28 17:15:35.887 E/FindCurApp( 5906): CAWARENESS: appInWhiteList illegal parameters
06-28 17:15:35.887 I/FindCurApp( 5906): CAWARENESS: appRuningLog,getAppRunTotalTime PackageName = com.android.settings runtime:184376
06-28 17:15:35.887 E/FindCurApp( 5906): CAWARENESS: appInWhiteList illegal parameters
06-28 17:15:35.887 E/FindCurApp( 5906): CAWARENESS: appInWhiteList illegal parameters
06-28 17:15:35.887 I/FindCurApp( 5906): CAWARENESS: updateAppRunTotalTime in counting period
06-28 17:15:35.887 I/FindCurApp( 5906): CAWARENESS: getAppsRunningTotalTime within time
06-28 17:15:35.888 I/FindCurApp( 5906): CAWARENESS: updateAppRunTotalTime topKey = com.huawei.recsys_1:1;9,4,3~LmtFrameworkRingVolumeKey20Mins
06-28 17:15:35.888 I/FindCurApp( 5906): CAWARENESS: appRuningLog,getAppRunTotalTime PackageName = com.huawei.search runtime:4785
06-28 17:15:35.888 E/FindCurApp( 5906): CAWARENESS: appInWhiteList illegal parameters
06-28 17:15:35.888 I/FindCurApp( 5906): CAWARENESS: appRuningLog,getAppRunTotalTime PackageName = com.huawei.hidisk runtime:208575
06-28 17:15:35.889 E/FindCurApp( 5906): CAWARENESS: appInWhiteList illegal parameters
06-28 17:15:35.889 I/FindCurApp( 5906): CAWARENESS: appRuningLog,getAppRunTotalTime PackageName = com.huawei.android.internal.app runtime:1952
06-28 17:15:35.889 E/FindCurApp( 5906): CAWARENESS: appInWhiteList illegal parameters
06-28 17:15:35.889 I/FindCurApp( 5906): CAWARENESS: appRuningLog,getAppRunTotalTime PackageName = com.huawei.android.launcher runtime:192339
06-28 17:15:35.889 E/FindCurApp( 5906): CAWARENESS: appInWhiteList illegal parameters
06-28 17:15:35.889 I/FindCurApp( 5906): CAWARENESS: appRuningLog,getAppRunTotalTime PackageName = com.android.systemui runtime:2224
06-28 17:15:35.889 E/FindCurApp( 5906): CAWARENESS: appInWhiteList illegal parameters
06-28 17:15:35.889 I/FindCurApp( 5906): CAWARENESS: appRuningLog,getAppRunTotalTime PackageName = com.android.settings runtime:184376
06-28 17:15:35.889 E/FindCurApp( 5906): CAWARENESS: appInWhiteList illegal parameters
06-28 17:15:35.889 E/FindCurApp( 5906): CAWARENESS: appInWhiteList illegal parameters
06-28 17:15:35.889 I/FindCurApp( 5906): CAWARENESS: updateAppRunTotalTime in counting period
06-28 17:15:35.889 I/FindCurApp( 5906): CAWARENESS: getAppsRunningTotalTime within time
06-28 17:15:35.890 I/FindCurApp( 5906): CAWARENESS: updateAppRunTotalTime topKey = com.huawei.recsys_1:1;9,4,3~LmtFrameworkRingVolumeKey2880Mins
06-28 17:15:35.890 I/FindCurApp( 5906): CAWARENESS: appRuningLog,getAppRunTotalTime PackageName = com.huawei.search runtime:4785
06-28 17:15:35.890 E/FindCurApp( 5906): CAWARENESS: appInWhiteList illegal parameters
06-28 17:15:35.890 I/FindCurApp( 5906): CAWARENESS: appRuningLog,getAppRunTotalTime PackageName = com.huawei.hidisk runtime:208575
06-28 17:15:35.890 E/FindCurApp( 5906): CAWARENESS: appInWhiteList illegal parameters
06-28 17:15:35.890 I/FindCurApp( 5906): CAWARENESS: appRuningLog,getAppRunTotalTime PackageName = com.huawei.android.internal.app runtime:1952
06-28 17:15:35.890 E/FindCurApp( 5906): CAWARENESS: appInWhiteList illegal parameters
06-28 17:15:35.890 I/FindCurApp( 5906): CAWARENESS: appRuningLog,getAppRunTotalTime PackageName = com.huawei.android.launcher runtime:192339
06-28 17:15:35.890 E/FindCurApp( 5906): CAWARENESS: appInWhiteList illegal parameters
06-28 17:15:35.890 I/FindCurApp( 5906): CAWARENESS: appRuningLog,getAppRunTotalTime PackageName = com.android.systemui runtime:2224
06-28 17:15:35.890 E/FindCurApp( 5906): CAWARENESS: appInWhiteList illegal parameters
06-28 17:15:35.890 I/FindCurApp( 5906): CAWARENESS: appRuningLog,getAppRunTotalTime PackageName = com.android.settings runtime:184376
06-28 17:15:35.890 E/FindCurApp( 5906): CAWARENESS: appInWhiteList illegal parameters
06-28 17:15:35.890 E/FindCurApp( 5906): CAWARENESS: appInWhiteList illegal parameters
06-28 17:15:35.890 I/FindCurApp( 5906): CAWARENESS: updateAppRunTotalTime in counting period
06-28 17:15:35.891 I/FindCurApp( 5906): CAWARENESS: getAppsRunningTotalTime within time
06-28 17:15:36.147 I/TimeController( 5906): CAWARENESS: releaseMemory() totalPss : 15614
06-28 17:15:36.147 I/TimeController( 5906): CAWARENESS: releaseMemory() current memory less than standard
06-28 17:15:36.208 D/HwConnectivityServiceEx( 1322): set cache by key is 1000 interfaceName iswlan0 value is false
06-28 17:15:36.282 I/aptouch_daemon(  800): check_afe_status, afe[238 120 X1] [ctrl:X40020 ftr:X140] dif[15 -15] raw[32824 32737] [exp:X0 aN:0 lo:0]
06-28 17:15:36.475 D/ConnectivityService( 1322): get Network state from cache, cacheBlock is 0
06-28 17:15:36.483 E/WifiHAL (  714): enter wifi_get_link_stats
06-28 17:15:36.505 W/PhoneInterfaceManager( 2675): shouldBlockLocation running ...
06-28 17:15:36.506 I/PhoneInterfaceManager( 2675): shouldBlockLocation  ret:false
06-28 17:15:36.725 E/SurfaceFlinger(  720): doPartialComposeImpl: reject partial compose request.
06-28 17:15:37.537 I/TeaLog  ( 6013): p worked:true 60000
06-28 17:15:36.476 D/ConnectivityService( 1322): get Network state from cache, cacheBlock is 0
06-28 17:15:37.537 D/HwConnectivityServiceEx( 1322): set cache by key is 10112 interfaceName iswlan0 value is false
06-28 17:15:37.540 D/ConnectivityService( 1322): get Network state from cache, cacheBlock is 0
06-28 17:15:37.542 I/TeaLog  ( 6013): s0 0
06-28 17:15:37.542 I/TeaLog  ( 6013): s worked:true 60000
06-28 17:15:38.012 I/chatty  ( 1322): uid=1000(system) HwSelfCureEngin expire 4 lines
06-28 17:15:38.058 D/HwDualBandManager( 1322): pair = Pair{true 13}, Bundle = Bundle[{time=13, arpResult=true}]
06-28 17:15:38.058 I/HwWifiProServiceProxy( 1322): ctrlHwWifiNetwork pkgName: WIFIPRO_SERVICE interfaceId: 63
06-28 17:15:38.059 D/HwWifiCHRStateManager( 2622): handleMessage : 1121
06-28 17:15:38.059 E/HwCHRWifiRSSIGroupSummery( 2622): updatArpSummery mRSSI:-1  HwCHRWifiRSSIGroup [rssi_index=4, rtt_tcp_packets=0, rtt_tcp_duration=0, rtt_lan_duration=394, rtt_lan_failures=0, rtt_lan_succ=30, rtt_lan_max=31, rtt_lan_min=2,same_area_frequency=0,adjacent_area_frequency=0]
06-28 17:15:38.184 I/TrafficMonitor( 1322): update:rxPkts:0,txPkts:0,rxBytes:0,txBytes:0
06-28 17:15:38.184 I/TrafficMonitor( 1322): start expired. level:-1
06-28 17:15:38.184 I/TrafficMonitor( 1322): gettimer:interval=2000
06-28 17:15:38.874 I/netd    (  640): trafficSwapActiveStatsMap() <18.24ms>
06-28 17:15:38.878 E/AppInfoMgr( 2358): not find pkgs by uid: 0
06-28 17:15:38.887 I/DownloadState( 2358): shareUid: 0 default_socket transmitting data speed : 14 bytes/s (rxB:71 txB:0 rxP:1 txP:0 iface:1) scroff: false
06-28 17:15:38.887 I/DownloadState( 2358): shareUid: 0 /system/bin/init transmitting data speed : 16 bytes/s (rxB:0 txB:80 rxP:0 txP:2 iface:1) scroff: false
06-28 17:15:38.887 I/DownloadState( 2358): shareUid: 1001 com.huawei.hidisk transmitting data speed : 135 bytes/s (rxB:222 txB:453 rxP:4 txP:9 iface:1) scroff: false
06-28 17:15:38.887 I/DownloadState( 2358): shareUid: 0 default_sk transmitting data speed : 40 bytes/s (rxB:200 txB:0 rxP:5 txP:0 iface:1) scroff: false
06-28 17:15:39.516 E/WifiHAL (  714): enter wifi_get_link_stats
06-28 17:15:39.525 E/WificondControl( 1322): Noise: 0, Snr: -86, Chload: 70
06-28 17:15:39.529 V/HwWifiServiceFactory( 1322): get AllImpl object = com.android.server.wifi.HwWifiServiceFactoryImpl@4d4cafb
06-28 17:15:39.534 D/TelephonyManager( 1322): getAllCellInfo calling app is android
06-28 17:15:39.535 W/PhoneInterfaceManager( 2675): shouldBlockLocation running ...
06-28 17:15:39.535 I/PhoneInterfaceManager( 2675): shouldBlockLocation  ret:false
06-28 17:15:39.805 E/SurfaceFlinger(  720): doPartialComposeImpl: reject partial compose request.
06-28 17:15:40.188 I/TrafficMonitor( 1322): update:rxPkts:0,txPkts:0,rxBytes:0,txBytes:0
06-28 17:15:40.188 I/TrafficMonitor( 1322): start expired. level:-1
