06-28 17:15:40.188 I/TrafficMonitor( 1322): gettimer:interval=2000
06-28 17:15:40.332 W/AlarmManager( 1322): WAKEUP alarm trigger action = com.tencent.mobileqq:MSF_62839394 package name is: com.tencent.mobileqq tag: *walarm*:com.tencent.mobileqq:MSF_62839394 window:94900 originWhen:1770149 when:1770149 maxWhen:1865049
06-28 17:15:37.541 D/ConnectivityService( 1322): get Network state from cache, cacheBlock is 0
06-28 17:15:40.338 V/BroadcastQueue( 1322): Finished with ordered broadcast BroadcastRecord{507090d u0 com.tencent.mobileqq:MSF_62839394}
06-28 17:15:40.354 V/BroadcastQueue( 1322): Finished with ordered broadcast BroadcastRecord{50730a5 u0 null}
06-28 17:15:40.364 I/Vision  ( 3930): Requesting optional module download of ocr.
06-28 17:15:40.365 I/Vision  ( 3930): Checking for download completion for 1830183 -- ocr
06-28 17:15:40.838 E/Thermal-daemon(  870): [shell_frame] temp_new :35  temp_old :34
06-28 17:15:40.839 I/ThermalTrace_ThermalRaise( 2358): Shell:35,34,35,currentBatteryTemp:35
06-28 17:15:40.839 E/Thermal-daemon(  870): Report temperature: [shell_frame] temp :35  report_threshold:1
06-28 17:15:41.021 D/HwIPLManager( 2456): flushCellBatching
06-28 17:15:41.021 V/BroadcastQueue( 1322): Finished with ordered broadcast BroadcastRecord{5339cd9 u0 com.huawei.spaceservice.OBTAIN_CELL_INFO}
06-28 17:15:41.022 E/CellBatching.CellBatchingHardware(11761): isDisConnect:false
06-28 17:15:41.023 I/FusionD_CellBatching(  900): (CellBatchingNetlinkCb:105):cmd[17].length[20]
06-28 17:15:41.023 I/FusionD_CellBatching(  900): (OnCellBatchingChanged:145):send num[1]
06-28 17:15:41.032 V/BroadcastQueue( 1322): Finished with ordered broadcast BroadcastRecord{5751b8f u0 com.huawei.spaceservice.cellbatching.action}
06-28 17:15:41.961 E/WificondControl( 1322): Noise: 0, Snr: -86, Chload: 127
06-28 17:15:41.964 D/HuaweiWifiWatchdogStateMachine( 1322): nothing to do
06-28 17:15:41.964 D/WiFi_PRO( 1322): MSG_RETURN_AP_CURRY_RSSI rssi = -58
06-28 17:15:41.965 I/QosMonitor( 1322): queryRtt: rttType = 3
06-28 17:15:41.965 I/HwWifiProServiceProxy( 1322): ctrlHwWifiNetwork pkgName: WIFIPRO_SERVICE interfaceId: 8
06-28 17:15:41.965 I/HuaweiWifiWatchdogStateMachine( 1322): POta txb txg rxg:0, 16, 0. Lr =0% Totpkt=16
06-28 17:15:41.965 I/HwUidTcpMonitor( 1322): TcpStatisticsRun run
06-28 17:15:41.966 I/QosMonitor( 1322): postEventFromNative: msg=100,arg1=4,arg2=10
06-28 17:15:41.966 I/HwWifiProServiceProxy( 1322): ctrlHwWifiNetwork pkgName: WIFIPRO_SERVICE interfaceId: 8
06-28 17:15:41.966 I/QosMonitor( 1322): postEventFromNative: msg=100,arg1=0,arg2=10
06-28 17:15:41.966 I/MQoS    ( 1322): rtt=384,tcpTxPkts=7596,tcpRxPkts=6903
06-28 17:15:41.967 I/QosMonitor( 1322): resetRtt: rttType = 3
06-28 17:15:41.967 I/HwWifiProServiceProxy( 1322): ctrlHwWifiNetwork pkgName: WIFIPRO_SERVICE interfaceId: 79
06-28 17:15:41.967 D/HwConnectivityServiceEx( 1322): set cache by key is 1000 interfaceName iswlan0 value is false
06-28 17:15:41.967 I/HwWifiProServiceProxy( 1322): ctrlHwWifiNetwork pkgName: WIFIPRO_SERVICE interfaceId: 8
06-28 17:15:41.967 I/HuaweiWifiWatchdogStateMachine( 1322): PTcp RTT:0, rtt pkt=0, tcp_rx=5, tcp_tx=9, tcp_reTran=0, rtRate=0
06-28 17:15:41.967 I/HwWifiProServiceProxy( 1322): TcpStatisticsRun run
06-28 17:15:41.968 D/HwUidTcpMonitor( 1322): parseWlanUidTcpStatistics lastUidTcpStatInfo = [ mUid = 1001 mPacketName = com.huawei.hidisk mSendSegs = 628 mResendSegs = 0 mRcvSegs = 612 ]
06-28 17:15:41.974 I/MQoS    ( 1322): QOS_level:5(5),wifi-link;use signalLvl:5;RAT:4G
06-28 17:15:42.173 I/netd    (  640): trafficSwapActiveStatsMap() <17.01ms>
06-28 17:15:42.190 I/TrafficMonitor( 1322): update:rxPkts:0,txPkts:0,rxBytes:0,txBytes:0
06-28 17:15:42.190 I/TrafficMonitor( 1322): start expired. level:-1
06-28 17:15:42.190 I/TrafficMonitor( 1322): gettimer:interval=2000
06-28 17:15:42.543 E/WifiHAL (  714): enter wifi_get_link_stats
06-28 17:15:42.545 E/WificondControl( 1322): Noise: 0, Snr: -86, Chload: 127
06-28 17:15:42.548 V/HwWifiServiceFactory( 1322): get AllImpl object = com.android.server.wifi.HwWifiServiceFactoryImpl@4d4cafb
06-28 17:15:42.553 D/TelephonyManager( 1322): getAllCellInfo calling app is android
06-28 17:15:42.554 W/PhoneInterfaceManager( 2675): shouldBlockLocation running ...
06-28 17:15:42.554 I/PhoneInterfaceManager( 2675): shouldBlockLocation  ret:false
06-28 17:15:42.989 D/HwConnectivityServiceEx( 1322): set cache by key is 10156 interfaceName iswlan0 value is false
06-28 17:15:42.990 D/ConnectivityService( 1322): get Network state from cache, cacheBlock is 0
06-28 17:15:43.186 I/TrafficMonitor( 1322): expired arrive. level:-1
06-28 17:15:43.186 I/TrafficMonitor( 1322): during_ms:2003,period_ms:2000
06-28 17:15:43.186 I/TrafficMonitor( 1322): count:827,rx_sum:0,tx_sum:0,rxBytes:0,during_ms:2003,rx_speed:0.0,tx_speed:0.0,rto:0.0
06-28 17:15:43.772 I/HwNaturalBase( 2456): [Timer-0]: MultiUserManagerService:  getNotActiveUser start
06-28 17:15:43.897 I/netd    (  640): trafficSwapActiveStatsMap() <9.13ms>
06-28 17:15:43.914 I/SmartThreadExecutor( 7642): handleMessage: start check 0
06-28 17:15:43.914 I/SmartThreadExecutor( 7642): handleMessage: check end 0 -56 false
06-28 17:15:44.193 I/TrafficMonitor( 1322): update:rxPkts:0,txPkts:0,rxBytes:0,txBytes:0
06-28 17:15:44.193 I/TrafficMonitor( 1322): start expired. level:-1
06-28 17:15:44.193 I/TrafficMonitor( 1322): gettimer:interval=2000
06-28 17:15:44.530 D/WorkerThreadMonitor( 7581): Kill MSF check result[ senderSize:0,sendInterval:30647,receiveInterval=27960,addCmdCount=70
06-28 17:15:45.563 E/WifiHAL (  714): enter wifi_get_link_stats
06-28 17:15:45.574 E/WificondControl( 1322): Noise: 0, Snr: -86, Chload: 127
06-28 17:15:45.577 V/HwWifiServiceFactory( 1322): get AllImpl object = com.android.server.wifi.HwWifiServiceFactoryImpl@4d4cafb
06-28 17:15:45.583 D/TelephonyManager( 1322): getAllCellInfo calling app is android
06-28 17:15:45.583 W/PhoneInterfaceManager( 2675): shouldBlockLocation running ...
06-28 17:15:45.584 I/PhoneInterfaceManager( 2675): shouldBlockLocation  ret:false
06-28 17:15:45.748 E/SurfaceFlinger(  720): doPartialComposeImpl: reject partial compose request.
06-28 17:15:45.990 I/dubaid  (  846): [ModemHandler.cpp] HandleCustomized# Modem pmom log no response, force to finish balance(3), 2020-06-28 17:15:25
06-28 17:15:46.196 I/TrafficMonitor( 1322): update:rxPkts:0,txPkts:0,rxBytes:0,txBytes:0
06-28 17:15:46.196 I/TrafficMonitor( 1322): start expired. level:-1
06-28 17:15:46.196 I/TrafficMonitor( 1322): gettimer:interval=2000
06-28 17:15:46.198 I/SmartThreadExecutor(10946): handleMessage: start check 0
06-28 17:15:46.198 I/SmartThreadExecutor(10946): handleMessage: check end 0 -56 false
06-28 17:15:48.200 I/TrafficMonitor( 1322): update:rxPkts:0,txPkts:0,rxBytes:0,txBytes:0
06-28 17:15:48.200 I/TrafficMonitor( 1322): start expired. level:-1
06-28 17:15:48.200 I/TrafficMonitor( 1322): gettimer:interval=2000
06-28 17:15:48.593 E/WifiHAL (  714): enter wifi_get_link_stats
06-28 17:15:48.596 E/WificondControl( 1322): Noise: 0, Snr: -86, Chload: 127
06-28 17:15:48.599 V/HwWifiServiceFactory( 1322): get AllImpl object = com.android.server.wifi.HwWifiServiceFactoryImpl@4d4cafb
06-28 17:15:48.605 D/TelephonyManager( 1322): getAllCellInfo calling app is android
06-28 17:15:48.606 W/PhoneInterfaceManager( 2675): shouldBlockLocation running ...
06-28 17:15:48.606 I/PhoneInterfaceManager( 2675): shouldBlockLocation  ret:false
06-28 17:15:48.922 I/netd    (  640): trafficSwapActiveStatsMap() <12.53ms>
06-28 17:15:49.194 I/TrafficMonitor( 1322): expired arrive. level:-1
06-28 17:15:49.194 I/TrafficMonitor( 1322): during_ms:2004,period_ms:2000
06-28 17:15:49.194 I/TrafficMonitor( 1322): count:830,rx_sum:0,tx_sum:0,rxBytes:0,during_ms:2004,rx_speed:0.0,tx_speed:0.0,rto:0.0
06-28 17:15:49.968 E/WificondControl( 1322): Noise: 0, Snr: -86, Chload: 127
06-28 17:15:49.971 D/WiFi_PRO( 1322): MSG_RETURN_AP_CURRY_RSSI rssi = -56
06-28 17:15:49.972 I/QosMonitor( 1322): queryRtt: rttType = 3
06-28 17:15:49.972 I/HwWifiProServiceProxy( 1322): ctrlHwWifiNetwork pkgName: WIFIPRO_SERVICE interfaceId: 8
06-28 17:15:49.972 D/HuaweiWifiWatchdogStateMachine( 1322): high data flow: protection_counter = 0,  not_detect_counter = 55
06-28 17:15:49.972 D/HuaweiWifiWatchdogStateMachine( 1322): high data flow scenario: 0 --> 0 rx bytes =1KB
06-28 17:15:49.972 I/HwUidTcpMonitor( 1322): TcpStatisticsRun run
06-28 17:15:49.973 I/QosMonitor( 1322): postEventFromNative: msg=100,arg1=4,arg2=10
06-28 17:15:49.973 I/HwWifiProServiceProxy( 1322): ctrlHwWifiNetwork pkgName: WIFIPRO_SERVICE interfaceId: 79
06-28 17:15:49.974 I/HwWifiProServiceProxy( 1322): TcpStatisticsRun run
06-28 17:15:50.202 I/TrafficMonitor( 1322): update:rxPkts:0,txPkts:0,rxBytes:0,txBytes:0
06-28 17:15:50.202 I/TrafficMonitor( 1322): start expired. level:-1
06-28 17:15:50.202 I/TrafficMonitor( 1322): gettimer:interval=2000
06-28 17:15:51.593 E/HwModemCapability( 2675): isCapabilitySupport java.lang.StringIndexOutOfBoundsException: length=7; index=7
06-28 17:15:51.599 E/HwModemCapability( 2358): isCapabilitySupport java.lang.StringIndexOutOfBoundsException: length=7; index=7
06-28 17:15:51.599 E/HwModemCapability( 2003): isCapabilitySupport java.lang.StringIndexOutOfBoundsException: length=7; index=7
06-28 17:15:51.599 I/chatty  ( 2003): uid=10038(com.huawei.desktop.systemui) SysUiBg identical 1 line
06-28 17:15:51.600 E/HwModemCapability( 2003): isCapabilitySupport java.lang.StringIndexOutOfBoundsException: length=7; index=7
06-28 17:15:51.603 E/HwModemCapability( 2622): isCapabilitySupport java.lang.StringIndexOutOfBoundsException: length=7; index=7
06-28 17:15:51.603 E/HwModemCapability( 4578): isCapabilitySupport java.lang.StringIndexOutOfBoundsException: length=7; index=7
06-28 17:15:51.603 E/HwModemCapability( 2622): isCapabilitySupport java.lang.StringIndexOutOfBoundsException: length=7; index=7
06-28 17:15:51.605 I/chatty  ( 2622): uid=1000(system) com.huawei.hiview identical 9 lines
06-28 17:15:51.605 E/HwModemCapability( 2622): isCapabilitySupport java.lang.StringIndexOutOfBoundsException: length=7; index=7
06-28 17:15:51.605 I/MQoS    ( 1322): onSignal: mSubId=1,currDataSubID=1
06-28 17:15:51.605 E/HwModemCapability( 2622): isCapabilitySupport java.lang.StringIndexOutOfBoundsException: length=7; index=7
06-28 17:15:51.605 I/chatty  ( 2622): uid=1000(system) com.huawei.hiview identical 1 line
06-28 17:15:51.606 E/HwModemCapability( 2622): isCapabilitySupport java.lang.StringIndexOutOfBoundsException: length=7; index=7
06-28 17:15:51.607 E/HwModemCapability( 1322): isCapabilitySupport java.lang.StringIndexOutOfBoundsException: unknown reason
06-28 17:15:51.607 I/MQoS    ( 1322): received cell-signal:5
06-28 17:15:51.607 E/HwModemCapability( 1322): isCapabilitySupport java.lang.StringIndexOutOfBoundsException: unknown reason
06-28 17:15:51.607 E/HwModemCapability( 2622): isCapabilitySupport java.lang.StringIndexOutOfBoundsException: length=7; index=7
06-28 17:15:51.609 I/OllieUtils( 2500): getNetworkTypeBySubId, nsaState is 1, isDataInService is true
06-28 17:15:51.609 E/HwModemCapability( 2622): isCapabilitySupport java.lang.StringIndexOutOfBoundsException: length=7; index=7
06-28 17:15:51.612 I/chatty  ( 2622): uid=1000(system) com.huawei.hiview identical 13 lines
06-28 17:15:51.612 E/HwModemCapability( 2622): isCapabilitySupport java.lang.StringIndexOutOfBoundsException: length=7; index=7
06-28 17:15:51.612 E/HwModemCapability( 2500): isCapabilitySupport java.lang.StringIndexOutOfBoundsException: length=7; index=7
06-28 17:15:51.614 E/HwModemCapability( 2003): isCapabilitySupport java.lang.StringIndexOutOfBoundsException: length=7; index=7
06-28 17:15:51.614 E/WifiHAL (  714): enter wifi_get_link_stats
06-28 17:15:51.615 E/HwModemCapability( 2500): isCapabilitySupport java.lang.StringIndexOutOfBoundsException: length=7; index=7
06-28 17:15:51.619 E/HwModemCapability( 2622): isCapabilitySupport java.lang.StringIndexOutOfBoundsException: length=7; index=7
06-28 17:15:51.622 I/chatty  ( 2622): uid=1000(system) com.huawei.hiview identical 16 lines
06-28 17:15:51.622 E/HwModemCapability( 2622): isCapabilitySupport java.lang.StringIndexOutOfBoundsException: length=7; index=7
06-28 17:15:51.623 E/HwModemCapability( 2003): isCapabilitySupport java.lang.StringIndexOutOfBoundsException: length=7; index=7
06-28 17:15:43.655 D/ConnectivityService( 1322): get Network state from cache, cacheBlock is 0
06-28 17:15:51.624 I/HidataAppQoeP( 2500): handleStateChanged reason=6
06-28 17:15:51.624 E/WificondControl( 1322): Noise: 0, Snr: -86, Chload: 127
06-28 17:15:51.627 I/PreDnsQuery( 2500): handleStateChanged reason=6
06-28 17:15:51.628 V/HwWifiServiceFactory( 1322): get AllImpl object = com.android.server.wifi.HwWifiServiceFactoryImpl@4d4cafb
06-28 17:15:51.629 I/BrowserChrP( 2500): handleStateChanged
06-28 17:15:51.631 D/TelephonyManager( 1322): getAllCellInfo calling app is android
06-28 17:15:51.632 W/PhoneInterfaceManager( 2675): shouldBlockLocation running ...
06-28 17:15:51.632 I/PhoneInterfaceManager( 2675): shouldBlockLocation  ret:false
06-28 17:15:51.754 E/SurfaceFlinger(  720): doPartialComposeImpl: reject partial compose request.
06-28 17:15:52.198 I/netd    (  640): trafficSwapActiveStatsMap() <11.44ms>
06-28 17:15:52.205 I/TrafficMonitor( 1322): update:rxPkts:0,txPkts:0,rxBytes:0,txBytes:0
06-28 17:15:52.205 I/TrafficMonitor( 1322): start expired. level:-1
06-28 17:15:52.205 I/TrafficMonitor( 1322): gettimer:interval=2000
06-28 17:15:53.950 I/netd    (  640): trafficSwapActiveStatsMap() <16.37ms>
06-28 17:15:54.208 I/TrafficMonitor( 1322): update:rxPkts:0,txPkts:0,rxBytes:0,txBytes:0
06-28 17:15:54.208 I/TrafficMonitor( 1322): start expired. level:-1
06-28 17:15:54.208 I/TrafficMonitor( 1322): gettimer:interval=2000
06-28 17:15:54.639 E/WifiHAL (  714): enter wifi_get_link_stats
06-28 17:15:54.642 E/WificondControl( 1322): Noise: 0, Snr: -86, Chload: 127
06-28 17:15:54.646 V/HwWifiServiceFactory( 1322): get AllImpl object = com.android.server.wifi.HwWifiServiceFactoryImpl@4d4cafb
06-28 17:15:54.652 D/TelephonyManager( 1322): getAllCellInfo calling app is android
06-28 17:15:54.653 W/PhoneInterfaceManager( 2675): shouldBlockLocation running ...
06-28 17:15:54.653 I/PhoneInterfaceManager( 2675): shouldBlockLocation  ret:false
06-28 17:15:54.847 E/SurfaceFlinger(  720): doPartialComposeImpl: reject partial compose request.
06-28 17:15:55.204 I/TrafficMonitor( 1322): expired arrive. level:-1
06-28 17:15:55.204 I/TrafficMonitor( 1322): during_ms:2003,period_ms:2000
06-28 17:15:55.204 I/TrafficMonitor( 1322): count:833,rx_sum:0,tx_sum:0,rxBytes:0,during_ms:2003,rx_speed:0.0,tx_speed:0.0,rto:0.0
06-28 17:15:55.514 D/HwConnectivityServiceEx( 1322): set cache by key is 1000 interfaceName iswlan0 value is false
06-28 17:15:55.531 D/ConnectivityService( 1322): get Network state from cache, cacheBlock is 0
06-28 17:15:55.535 D/ConnectivityService( 1322): get Network state from cache, cacheBlock is 0
06-28 17:15:55.535 D/ConnectivityService( 1322): get Network state from cache, cacheBlock is 0
06-28 17:15:55.549 D/NetworkSecurityConfig(11761): Using Network Security Config from resource network_security_config debugBuild: false
06-28 17:15:55.557 W//system/bin/netd(  640): A binder object at 0x79e1960a00 is being transacted on, however, this object is in the same process as its proxy. Transacting with this binder is expensive compared to just calling the corresponding functionality in the same process.
06-28 17:15:55.557 W/DnsProxyListener(  640): GetAddrInfoHandler::run: {100 786532 100 983140 1000 0 amap}
06-28 17:15:55.557 W//system/bin/netd(  640): A binder object at 0x79e1960a00 is being transacted on, however, this object is in the same process as its proxy. Transacting with this binder is expensive compared to just calling the corresponding functionality in the same process.
06-28 17:15:56.211 I/TrafficMonitor( 1322): update:rxPkts:12,txPkts:14,rxBytes:1535,txBytes:1809
06-28 17:15:56.211 I/TrafficMonitor( 1322): start expired. level:-1
06-28 17:15:56.211 I/TrafficMonitor( 1322): gettimer:interval=2000
06-28 17:15:57.114 I/SmartThreadExecutor(11096): handleMessage: start check 0
06-28 17:15:57.114 I/SmartThreadExecutor(11096): handleMessage: check end 0 -56 false
06-28 17:15:57.599 E/HwModemCapability( 2675): isCapabilitySupport java.lang.StringIndexOutOfBoundsException: length=7; index=7
06-28 17:15:57.606 E/HwModemCapability( 2003): isCapabilitySupport java.lang.StringIndexOutOfBoundsException: length=7; index=7
06-28 17:15:57.606 E/HwModemCapability( 2358): isCapabilitySupport java.lang.StringIndexOutOfBoundsException: length=7; index=7
06-28 17:15:57.606 E/HwModemCapability( 2003): isCapabilitySupport java.lang.StringIndexOutOfBoundsException: length=7; index=7
06-28 17:15:57.607 E/HwModemCapability( 2003): isCapabilitySupport java.lang.StringIndexOutOfBoundsException: length=7; index=7
06-28 17:15:57.608 E/HwModemCapability( 2622): isCapabilitySupport java.lang.StringIndexOutOfBoundsException: length=7; index=7
06-28 17:15:57.608 E/HwModemCapability( 2622): isCapabilitySupport java.lang.StringIndexOutOfBoundsException: length=7; index=7
06-28 17:15:57.610 I/chatty  ( 2622): uid=1000(system) com.huawei.hiview identical 9 lines
06-28 17:15:57.610 E/HwModemCapability( 2622): isCapabilitySupport java.lang.StringIndexOutOfBoundsException: length=7; index=7
06-28 17:15:57.610 I/MQoS    ( 1322): onSignal: mSubId=1,currDataSubID=1
06-28 17:15:57.610 E/HwModemCapability( 2622): isCapabilitySupport java.lang.StringIndexOutOfBoundsException: length=7; index=7
06-28 17:15:57.611 I/chatty  ( 2622): uid=1000(system) com.huawei.hiview identical 6 lines
06-28 17:15:57.612 E/HwModemCapability( 2622): isCapabilitySupport java.lang.StringIndexOutOfBoundsException: length=7; index=7
06-28 17:15:57.612 E/HwModemCapability( 1322): isCapabilitySupport java.lang.StringIndexOutOfBoundsException: unknown reason
06-28 17:15:57.612 I/MQoS    ( 1322): received cell-signal:5
06-28 17:15:57.612 E/HwModemCapability( 4578): isCapabilitySupport java.lang.StringIndexOutOfBoundsException: length=7; index=7
06-28 17:15:57.612 E/HwModemCapability( 2622): isCapabilitySupport java.lang.StringIndexOutOfBoundsException: length=7; index=7
06-28 17:15:57.613 I/chatty  ( 2622): uid=1000(system) com.huawei.hiview identical 5 lines
06-28 17:15:57.613 E/HwModemCapability( 2622): isCapabilitySupport java.lang.StringIndexOutOfBoundsException: length=7; index=7
06-28 17:15:57.613 E/HwModemCapability( 1322): isCapabilitySupport java.lang.StringIndexOutOfBoundsException: unknown reason
06-28 17:15:57.613 E/HwModemCapability( 2622): isCapabilitySupport java.lang.StringIndexOutOfBoundsException: length=7; index=7
06-28 17:15:57.614 I/chatty  ( 2622): uid=1000(system) com.huawei.hiview identical 2 lines
06-28 17:15:57.614 E/HwModemCapability( 2622): isCapabilitySupport java.lang.StringIndexOutOfBoundsException: length=7; index=7
06-28 17:15:57.617 I/OllieUtils( 2500): getNetworkTypeBySubId, nsaState is 1, isDataInService is true
06-28 17:15:57.621 E/HwModemCapability( 2500): isCapabilitySupport java.lang.StringIndexOutOfBoundsException: length=7; index=7
06-28 17:15:57.621 E/HwModemCapability( 2500): isCapabilitySupport java.lang.StringIndexOutOfBoundsException: length=7; index=7
06-28 17:15:57.621 E/HwModemCapability( 2003): isCapabilitySupport java.lang.StringIndexOutOfBoundsException: length=7; index=7
06-28 17:15:57.624 E/HwModemCapability( 2003): isCapabilitySupport java.lang.StringIndexOutOfBoundsException: length=7; index=7
06-28 17:15:57.624 E/HwModemCapability( 2622): isCapabilitySupport java.lang.StringIndexOutOfBoundsException: length=7; index=7
06-28 17:15:55.598 I/chatty  ( 1322): uid=1000(system) Binder:1322_5 identical 3 lines
06-28 17:15:55.603 D/ConnectivityService( 1322): get Network state from cache, cacheBlock is 0
06-28 17:15:57.624 I/HidataAppQoeP( 2500): handleStateChanged reason=6
06-28 17:15:57.628 I/PreDnsQuery( 2500): handleStateChanged reason=6
06-28 17:15:57.630 I/BrowserChrP( 2500): handleStateChanged
06-28 17:15:57.632 D/HwConnectivityServiceEx( 1322): set cache by key is 1000 interfaceName iswlan0 value is false
06-28 17:15:57.627 I/chatty  ( 2622): uid=1000(system) com.huawei.hiview identical 16 lines
06-28 17:15:57.627 E/HwModemCapability( 2622): isCapabilitySupport java.lang.StringIndexOutOfBoundsException: length=7; index=7
06-28 17:15:57.663 E/WifiHAL (  714): enter wifi_get_link_stats
06-28 17:15:57.673 E/WificondControl( 1322): Noise: 0, Snr: -86, Chload: 69
06-28 17:15:57.675 V/HwWifiServiceFactory( 1322): get AllImpl object = com.android.server.wifi.HwWifiServiceFactoryImpl@4d4cafb
06-28 17:15:57.679 D/TelephonyManager( 1322): getAllCellInfo calling app is android
06-28 17:15:57.680 W/PhoneInterfaceManager( 2675): shouldBlockLocation running ...
06-28 17:15:57.680 I/PhoneInterfaceManager( 2675): shouldBlockLocation  ret:false
06-28 17:15:57.960 E/WificondControl( 1322): Noise: 0, Snr: -86, Chload: 69
06-28 17:15:57.963 D/HuaweiWifiWatchdogStateMachine( 1322): nothing to do
06-28 17:15:57.963 D/WiFi_PRO( 1322): MSG_RETURN_AP_CURRY_RSSI rssi = -59
06-28 17:15:57.964 I/HuaweiWifiWatchdogStateMachine( 1322): POta txb txg rxg:0, 14, 0. Lr =0% Totpkt=14
06-28 17:15:57.964 I/QosMonitor( 1322): queryRtt: rttType = 3
06-28 17:15:57.964 I/HwWifiProServiceProxy( 1322): ctrlHwWifiNetwork pkgName: WIFIPRO_SERVICE interfaceId: 8
06-28 17:15:57.964 I/HwUidTcpMonitor( 1322): TcpStatisticsRun run
06-28 17:15:57.965 I/QosMonitor( 1322): postEventFromNative: msg=100,arg1=4,arg2=10
06-28 17:15:57.965 I/HwWifiProServiceProxy( 1322): ctrlHwWifiNetwork pkgName: WIFIPRO_SERVICE interfaceId: 8
06-28 17:15:57.965 I/QosMonitor( 1322): postEventFromNative: msg=100,arg1=0,arg2=10
06-28 17:15:57.966 D/HuaweiWifiWatchdogStateMachine( 1322): nothing to do
06-28 17:15:57.966 I/MQoS    ( 1322): rtt=80,tcpTxPkts=7609,tcpRxPkts=6914
06-28 17:15:57.966 I/HwWifiProServiceProxy( 1322): ctrlHwWifiNetwork pkgName: WIFIPRO_SERVICE interfaceId: 79
06-28 17:15:57.966 I/QosMonitor( 1322): resetRtt: rttType = 3
06-28 17:15:57.966 I/HuaweiWifiWatchdogStateMachine( 1322): PTcp RTT:80, rtt pkt=4, tcp_rx=11, tcp_tx=13, tcp_reTran=0, rtRate=0
06-28 17:15:57.966 D/ConnectivityService( 1322): get Network state from cache, cacheBlock is 0
06-28 17:15:57.966 I/HuaweiWifiWatchdogStateMachine( 1322): judge good link######, goodLinkLevel=3
06-28 17:15:57.966 D/HuaweiWifiWatchdogStateMachine( 1322): nothing to do.
06-28 17:15:57.966 I/HuaweiWifiWatchdogStateMachine( 1322): sendResultMsgToQM bssid:08:31:**:**:bd:3c, qoslevel=3
06-28 17:15:57.966 I/HuaweiWifiWatchdogStateMachine( 1322): link good reported, good base rssi:-54
06-28 17:15:57.966 I/HwWifiProServiceProxy( 1322): ctrlHwWifiNetwork pkgName: WIFIPRO_SERVICE interfaceId: 8
06-28 17:15:57.966 D/WiFi_PRO_WifiProStateMachine( 1322): onNetworkQosChange, currentWifiLevel == 3, wifiNoInternet = false, updateUiOnly = true
06-28 17:15:57.967 I/HwWifiProServiceProxy( 1322): TcpStatisticsRun run
06-28 17:15:57.968 D/HwWifiConnectivityMonitor( 1322): ENTER: notifyTopUidDnsInfo, dnsFailCount = 2
06-28 17:15:57.971 I/MQoS    ( 1322): QOS_level:5(5),wifi-link;use signalLvl:5;RAT:4G
06-28 17:15:58.213 I/TrafficMonitor( 1322): update:rxPkts:0,txPkts:0,rxBytes:0,txBytes:0
06-28 17:15:58.213 I/TrafficMonitor( 1322): start expired. level:-1
06-28 17:15:58.213 I/TrafficMonitor( 1322): gettimer:interval=2000
06-28 17:15:58.974 I/netd    (  640): trafficSwapActiveStatsMap() <10.60ms>
06-28 17:15:58.978 E/AppInfoMgr( 2358): not find pkgs by uid: 1051
06-28 17:15:58.988 I/DownloadState( 2358): shareUid: 0 /system/bin/netd transmitting data speed : 89 bytes/s (rxB:388 txB:61 rxP:1 txP:1 iface:1) scroff: false
06-28 17:15:58.988 I/DownloadState( 2358): shareUid: 1000 com.huawei.lbs transmitting data speed : 579 bytes/s (rxB:1147 txB:1748 rxP:11 txP:13 iface:1) scroff: false
06-28 17:15:59.805 I/HwNaturalBase(13427): [CommonHandler]: 17138Kb ram is used.
06-28 17:16:00.005 E/DateView( 2003): DateView,mCurrentTime: 1593335760005
06-28 17:16:00.007 I/HwAlarmManagerService( 1322): hwSetAlarm listenerTag: TIME_TICK
06-28 17:16:00.009 W/ClockView1( 2003):  action android.intent.action.TIME_TICK
06-28 17:16:00.009 W/ClockView1( 2003):  action android.intent.action.TIME_TICK
06-28 17:16:00.022 W/ClockView1( 2003): onreceive tz is Asia/Shanghai time:Sun Jun 28 17:16:00 GMT+08:00 2020 timezone:libcore.util.ZoneInfo[id="Asia/Shanghai",mRawOffset=28800000,mEarliestRawOffset=28800000,mUseDst=false,mDstSavings=0,transitions=26]
06-28 17:16:00.023 E/ndroid.systemu( 2003): No package ID ff found for ID 0xffffffff.
06-28 17:16:00.024 W/ClockView1( 2003): onreceive tz is Asia/Shanghai time:Sun Jun 28 17:16:00 GMT+08:00 2020 timezone:libcore.util.ZoneInfo[id="Asia/Shanghai",mRawOffset=28800000,mEarliestRawOffset=28800000,mUseDst=false,mDstSavings=0,transitions=26]
06-28 17:16:00.025 E/ndroid.systemu( 2003): No package ID ff found for ID 0xffffffff.
06-28 17:16:00.068 I/EnvironmentUtils( 6877): total-pss=19880, java-heap=3068, native-heap=2596, code=7332, system=4820, dex-mmap=(5935, 5924, 16, 40), ver=10.1.0.511
06-28 17:16:00.109 W/HwLockScreenPanel( 2003): Handle message: 133
06-28 17:16:00.111 W/HwLockScreenPanel( 2003): Handle message: 133
06-28 17:16:00.163 E/SurfaceFlinger(  720): doPartialComposeImpl: reject partial compose request.
06-28 17:16:00.216 I/TrafficMonitor( 1322): update:rxPkts:1,txPkts:0,rxBytes:72,txBytes:0
06-28 17:16:00.216 I/TrafficMonitor( 1322): start expired. level:-1
06-28 17:16:00.216 I/TrafficMonitor( 1322): gettimer:interval=2000
06-28 17:16:00.687 E/WifiHAL (  714): enter wifi_get_link_stats
06-28 17:16:00.690 E/WificondControl( 1322): Noise: 0, Snr: -86, Chload: 72
06-28 17:16:00.693 V/HwWifiServiceFactory( 1322): get AllImpl object = com.android.server.wifi.HwWifiServiceFactoryImpl@4d4cafb
06-28 17:16:00.700 D/TelephonyManager( 1322): getAllCellInfo calling app is android
06-28 17:16:00.701 W/PhoneInterfaceManager( 2675): shouldBlockLocation running ...
06-28 17:16:00.702 I/PhoneInterfaceManager( 2675): shouldBlockLocation  ret:false
06-28 17:16:00.807 E/SurfaceFlinger(  720): doPartialComposeImpl: reject partial compose request.
06-28 17:16:01.212 I/TrafficMonitor( 1322): expired arrive. level:-1
06-28 17:16:01.212 I/TrafficMonitor( 1322): during_ms:2002,period_ms:2000
06-28 17:16:01.212 I/TrafficMonitor( 1322): count:836,rx_sum:1,tx_sum:0,rxBytes:72,during_ms:2002,rx_speed:35.964035964035965,tx_speed:0.0,rto:0.0
06-28 17:16:02.219 I/TrafficMonitor( 1322): update:rxPkts:0,txPkts:1,rxBytes:0,txBytes:95
06-28 17:16:02.219 I/TrafficMonitor( 1322): start expired. level:-1
06-28 17:16:02.219 I/TrafficMonitor( 1322): gettimer:interval=2000
06-28 17:16:02.226 I/netd    (  640): trafficSwapActiveStatsMap() <13.75ms>
06-28 17:16:03.711 E/WifiHAL (  714): enter wifi_get_link_stats
06-28 17:16:03.722 E/WificondControl( 1322): Noise: 0, Snr: -86, Chload: 127
06-28 17:16:03.725 V/HwWifiServiceFactory( 1322): get AllImpl object = com.android.server.wifi.HwWifiServiceFactoryImpl@4d4cafb
06-28 17:16:03.731 D/TelephonyManager( 1322): getAllCellInfo calling app is android
06-28 17:16:03.732 W/PhoneInterfaceManager( 2675): shouldBlockLocation running ...
06-28 17:16:03.732 I/PhoneInterfaceManager( 2675): shouldBlockLocation  ret:false
06-28 17:16:03.998 I/netd    (  640): trafficSwapActiveStatsMap() <9.83ms>
06-28 17:16:04.001 I/DownloadState( 2358): singleUid: 10112 [com.qujianpan.client] speed: 19 real speed: 18 (rxB:0 txB:95 rxP:0 txP:1) scroff: false
06-28 17:16:04.223 I/TrafficMonitor( 1322): update:rxPkts:0,txPkts:0,rxBytes:0,txBytes:0
06-28 17:16:04.224 I/TrafficMonitor( 1322): start expired. level:-1
06-28 17:16:04.224 I/TrafficMonitor( 1322): gettimer:interval=2000
06-28 17:16:05.528 I/HwBatteryService( 1322): quick charge status : 0
06-28 17:16:05.528 D/HwBatteryService( 1322): onUEvent fcpStatus = 0
06-28 17:16:05.528 D/HwBatteryService( 1322): onUEvent scpStatus = 0 ,ovpStatus = 0
06-28 17:16:05.528 I/HwBatteryService( 1322): handleWirelessTxStatus
06-28 17:16:05.528 I/HwBatteryService( 1322): switch not open, return, mWirelessTxFlag : 0
06-28 17:16:05.528 W/HwBatteryService( 1322): need return. Invalid value: -1
06-28 17:16:05.528 D/HwBatteryService( 1322): setHwChargeTimeRemaining, time = -1 String time: -1
06-28 17:16:05.529 I/HwUsbDeviceManager( 1322): water_intrused state= 0
06-28 17:16:05.969 E/WificondControl( 1322): Noise: 0, Snr: -86, Chload: 64
06-28 17:16:05.973 D/HuaweiWifiWatchdogStateMachine( 1322): nothing to do
06-28 17:16:05.973 D/WiFi_PRO( 1322): MSG_RETURN_AP_CURRY_RSSI rssi = -56
06-28 17:16:05.974 I/HuaweiWifiWatchdogStateMachine( 1322): POta txb txg rxg:0, 4, 0. Lr =0% Totpkt=4
06-28 17:16:05.974 I/QosMonitor( 1322): queryRtt: rttType = 3
06-28 17:16:05.974 I/HwWifiProServiceProxy( 1322): ctrlHwWifiNetwork pkgName: WIFIPRO_SERVICE interfaceId: 8
06-28 17:16:05.974 I/HwUidTcpMonitor( 1322): TcpStatisticsRun run
06-28 17:16:05.975 I/QosMonitor( 1322): postEventFromNative: msg=100,arg1=4,arg2=10
06-28 17:16:05.975 I/HwWifiProServiceProxy( 1322): ctrlHwWifiNetwork pkgName: WIFIPRO_SERVICE interfaceId: 8
06-28 17:16:05.976 I/QosMonitor( 1322): postEventFromNative: msg=100,arg1=0,arg2=10
06-28 17:16:05.976 I/HwWifiProServiceProxy( 1322): ctrlHwWifiNetwork pkgName: WIFIPRO_SERVICE interfaceId: 79
06-28 17:16:05.976 I/MQoS    ( 1322): rtt=80,tcpTxPkts=7612,tcpRxPkts=6916
06-28 17:16:05.976 D/HwConnectivityServiceEx( 1322): set cache by key is 1000 interfaceName iswlan0 value is false
06-28 17:16:05.977 I/HwWifiProServiceProxy( 1322): TcpStatisticsRun run
06-28 17:16:05.978 D/HwUidTcpMonitor( 1322): parseWlanUidTcpStatistics lastUidTcpStatInfo = [ mUid = 10112 mPacketName = com.huawei.android.launcher mSendSegs = 2385 mResendSegs = 25 mRcvSegs = 2469 ]
06-28 17:16:05.978 D/HwUidTcpMonitor( 1322): parseWlanUidTcpStatistics lastUidTcpStatInfo = [ mUid = 10156 mPacketName = com.huawei.android.launcher mSendSegs = 442 mResendSegs = 0 mRcvSegs = 470 ]
06-28 17:16:05.978 I/HuaweiWifiWatchdogStateMachine( 1322): PTcp RTT:0, rtt pkt=0, tcp_rx=2, tcp_tx=3, tcp_reTran=1, rtRate=0.33
06-28 17:16:05.983 I/MQoS    ( 1322): QOS_level:5(5),wifi-link;use signalLvl:5;RAT:4G
06-28 17:16:06.225 I/TrafficMonitor( 1322): update:rxPkts:2,txPkts:2,rxBytes:111,txBytes:80
06-28 17:16:06.225 I/TrafficMonitor( 1322): start expired. level:-1
06-28 17:16:06.225 I/TrafficMonitor( 1322): gettimer:interval=2000
06-28 17:16:06.739 E/WifiHAL (  714): enter wifi_get_link_stats
06-28 17:16:06.741 E/WificondControl( 1322): Noise: 0, Snr: -86, Chload: 64
06-28 17:16:06.745 V/HwWifiServiceFactory( 1322): get AllImpl object = com.android.server.wifi.HwWifiServiceFactoryImpl@4d4cafb
06-28 17:16:06.748 E/SurfaceFlinger(  720): doPartialComposeImpl: reject partial compose request.
06-28 17:16:06.750 D/TelephonyManager( 1322): getAllCellInfo calling app is android
06-28 17:16:06.751 W/PhoneInterfaceManager( 2675): shouldBlockLocation running ...
06-28 17:16:06.751 I/PhoneInterfaceManager( 2675): shouldBlockLocation  ret:false
06-28 17:16:06.955 E/HwModemCapability( 2675): isCapabilitySupport java.lang.StringIndexOutOfBoundsException: length=7; index=7
06-28 17:16:06.961 E/HwModemCapability( 2003): isCapabilitySupport java.lang.StringIndexOutOfBoundsException: length=7; index=7
06-28 17:16:06.961 E/HwModemCapability( 2358): isCapabilitySupport java.lang.StringIndexOutOfBoundsException: length=7; index=7
06-28 17:16:06.961 E/HwModemCapability( 2003): isCapabilitySupport java.lang.StringIndexOutOfBoundsException: length=7; index=7
06-28 17:16:06.961 E/HwModemCapability( 2003): isCapabilitySupport java.lang.StringIndexOutOfBoundsException: length=7; index=7
06-28 17:16:06.962 E/HwModemCapability( 4578): isCapabilitySupport java.lang.StringIndexOutOfBoundsException: length=7; index=7
06-28 17:16:06.962 E/HwModemCapability( 2622): isCapabilitySupport java.lang.StringIndexOutOfBoundsException: length=7; index=7
06-28 17:16:06.963 I/chatty  ( 2622): uid=1000(system) com.huawei.hiview identical 2 lines
06-28 17:16:06.963 E/HwModemCapability( 2622): isCapabilitySupport java.lang.StringIndexOutOfBoundsException: length=7; index=7
06-28 17:16:06.963 E/HwModemCapability( 2622): isCapabilitySupport java.lang.StringIndexOutOfBoundsException: length=7; index=7
06-28 17:16:06.963 E/HwModemCapability( 2622): isCapabilitySupport java.lang.StringIndexOutOfBoundsException: length=7; index=7
06-28 17:16:06.965 I/chatty  ( 2622): uid=1000(system) com.huawei.hiview identical 10 lines
06-28 17:16:06.965 E/HwModemCapability( 2622): isCapabilitySupport java.lang.StringIndexOutOfBoundsException: length=7; index=7
06-28 17:16:06.967 I/MQoS    ( 1322): onSignal: mSubId=1,currDataSubID=1
06-28 17:16:06.967 E/HwModemCapability( 2622): isCapabilitySupport java.lang.StringIndexOutOfBoundsException: length=7; index=7
06-28 17:16:06.968 I/chatty  ( 2622): uid=1000(system) com.huawei.hiview identical 4 lines
06-28 17:16:06.968 E/HwModemCapability( 2622): isCapabilitySupport java.lang.StringIndexOutOfBoundsException: length=7; index=7
06-28 17:16:06.968 E/HwModemCapability( 1322): isCapabilitySupport java.lang.StringIndexOutOfBoundsException: unknown reason
06-28 17:16:06.968 E/HwModemCapability( 2622): isCapabilitySupport java.lang.StringIndexOutOfBoundsException: length=7; index=7
06-28 17:16:06.968 I/MQoS    ( 1322): received cell-signal:5
06-28 17:16:06.969 E/HwModemCapability( 2622): isCapabilitySupport java.lang.StringIndexOutOfBoundsException: length=7; index=7
06-28 17:16:06.970 I/chatty  ( 2622): uid=1000(system) com.huawei.hiview identical 5 lines
06-28 17:16:06.970 E/HwModemCapability( 2622): isCapabilitySupport java.lang.StringIndexOutOfBoundsException: length=7; index=7
06-28 17:16:06.971 E/HwModemCapability( 1322): isCapabilitySupport java.lang.StringIndexOutOfBoundsException: unknown reason
06-28 17:16:06.971 I/OllieUtils( 2500): getNetworkTypeBySubId, nsaState is 1, isDataInService is true
06-28 17:16:06.972 E/HwModemCapability( 2003): isCapabilitySupport java.lang.StringIndexOutOfBoundsException: length=7; index=7
06-28 17:16:06.977 E/HwModemCapability( 2003): isCapabilitySupport java.lang.StringIndexOutOfBoundsException: length=7; index=7
06-28 17:16:06.977 E/HwModemCapability( 2500): isCapabilitySupport java.lang.StringIndexOutOfBoundsException: length=7; index=7
06-28 17:16:06.983 I/HidataAppQoeP( 2500): handleStateChanged reason=6
06-28 17:16:06.978 E/HwModemCapability( 2500): isCapabilitySupport java.lang.StringIndexOutOfBoundsException: length=7; index=7
06-28 17:16:06.983 E/HwModemCapability( 2622): isCapabilitySupport java.lang.StringIndexOutOfBoundsException: length=7; index=7
06-28 17:16:06.987 I/PreDnsQuery( 2500): handleStateChanged reason=6
06-28 17:16:06.989 I/BrowserChrP( 2500): handleStateChanged
06-28 17:16:06.985 I/chatty  ( 2622): uid=1000(system) com.huawei.hiview identical 16 lines
06-28 17:16:06.986 E/HwModemCapability( 2622): isCapabilitySupport java.lang.StringIndexOutOfBoundsException: length=7; index=7
06-28 17:16:07.219 I/TrafficMonitor( 1322): expired arrive. level:-1
06-28 17:16:07.219 I/TrafficMonitor( 1322): during_ms:2002,period_ms:2000
06-28 17:16:07.220 I/TrafficMonitor( 1322): count:839,rx_sum:2,tx_sum:2,rxBytes:111,during_ms:2002,rx_speed:55.44455544455545,tx_speed:39.960039960039964,rto:1.0
06-28 17:16:08.228 I/TrafficMonitor( 1322): update:rxPkts:9,txPkts:14,rxBytes:454,txBytes:691
06-28 17:16:08.228 I/TrafficMonitor( 1322): start expired. level:-1
06-28 17:16:08.228 I/TrafficMonitor( 1322): gettimer:interval=2000
06-28 17:16:09.022 I/netd    (  640): trafficSwapActiveStatsMap() <10.16ms>
06-28 17:16:09.026 E/AppInfoMgr( 2358): not find pkgs by uid: 0
06-28 17:16:09.026 I/DownloadState( 2358): singleUid: 10156 [com.tencent.mm] speed: 38 real speed: 38 (rxB:111 txB:80 rxP:2 txP:2) scroff: false
06-28 17:16:09.026 I/DownloadState( 2358): singleUid: 10031 [com.huawei.search] speed: 134 real speed: 133 (rxB:142 txB:531 rxP:2 txP:10) scroff: false
06-28 17:16:09.035 I/DownloadState( 2358): shareUid: 0 default_socket transmitting data speed : 28 bytes/s (rxB:142 txB:0 rxP:2 txP:0 iface:1) scroff: false
06-28 17:16:09.035 I/DownloadState( 2358): shareUid: 0 /system/bin/init transmitting data speed : 32 bytes/s (rxB:0 txB:160 rxP:0 txP:4 iface:1) scroff: false
06-28 17:16:09.036 I/DownloadState( 2358): shareUid: 0 default_sk transmitting data speed : 48 bytes/s (rxB:240 txB:0 rxP:6 txP:0 iface:1) scroff: false
06-28 17:16:09.665 E/Thermal-daemon(  870): device current too high (-56), during charging or current std is invalid
06-28 17:16:09.665 E/Thermal-daemon(  870): latest temp 30894 at 2020/6/28, 9h:16m:9s
06-28 17:16:09.761 E/WifiHAL (  714): enter wifi_get_link_stats
06-28 17:16:09.772 E/WificondControl( 1322): Noise: 0, Snr: -86, Chload: 127
06-28 17:16:09.775 V/HwWifiServiceFactory( 1322): get AllImpl object = com.android.server.wifi.HwWifiServiceFactoryImpl@4d4cafb
06-28 17:16:09.780 D/TelephonyManager( 1322): getAllCellInfo calling app is android
06-28 17:16:09.781 W/PhoneInterfaceManager( 2675): shouldBlockLocation running ...
06-28 17:16:09.781 I/PhoneInterfaceManager( 2675): shouldBlockLocation  ret:false
06-28 17:16:09.990 E/hilinkService(12284): start send heartbeat
06-28 17:16:09.990 E/hilinkService(12284): heartbeat ok
06-28 17:16:10.006 E/hilinkService(12284): coap_read 3
06-28 17:16:10.006 E/hilinkService(12284): connct_resp_handler try jni_connect_muetx_lock
06-28 17:16:10.006 E/hilinkService(12284): connct_resp_handler jni_connect_muetx_lock succuss
06-28 17:16:10.006 E/hilinkService(12284): mode_code:6
06-28 17:16:10.006 E/hilinkService(12284): connct_resp_handler jni_connect_muetx_unlock succuss
06-28 17:16:10.189 W/migration/6(   47): type=1400 audit(0.0:82690): avc: granted { setsched } for pid=47 scontext=u:r:kernel:s0 tcontext=u:r:kernel:s0 tclass=process
06-28 17:16:10.201 W/migration/7(   53): type=1400 audit(0.0:82691): avc: granted { setsched } for pid=53 scontext=u:r:kernel:s0 tcontext=u:r:kernel:s0 tclass=process
06-28 17:16:10.225 E/WifiHAL (  714): enter wifi_get_link_stats
06-28 17:16:10.228 D/TelephonyManager( 1322): requestModemActivityInfo calling app is android
06-28 17:16:10.229 E/BatteryExternalStatsWorker( 1322): no controller energy info supplied for bluetooth
06-28 17:16:10.231 I/TrafficMonitor( 1322): update:rxPkts:1,txPkts:1,rxBytes:117,txBytes:131
06-28 17:16:10.232 I/TrafficMonitor( 1322): start expired. level:-1
06-28 17:16:10.232 I/TrafficMonitor( 1322): gettimer:interval=2000
06-28 17:16:10.278 I/netd    (  640): trafficSwapActiveStatsMap() <14.80ms>
06-28 17:16:10.280 W/IptablesRestoreController(  640): command: *filter
06-28 17:16:10.280 W/IptablesRestoreController(  640): -nvx -L tetherctrl_counters
06-28 17:16:10.280 W/IptablesRestoreController(  640): COMMIT
06-28 17:16:10.280 W/IptablesRestoreController(  640): .
06-28 17:16:10.298 I/        (14948): iptables cmd:iptables-restore
06-28 17:16:10.299 W/IptablesRestoreController(  640): command: *filter
06-28 17:16:10.299 W/IptablesRestoreController(  640): -nvx -L tetherctrl_counters
06-28 17:16:10.299 W/IptablesRestoreController(  640): COMMIT
06-28 17:16:10.299 W/IptablesRestoreController(  640): .
06-28 17:16:10.311 I/        (14949): iptables cmd:ip6tables-restore
06-28 17:16:10.311 I/netd    (  640): tetherGetStats() <31.81ms>
06-28 17:16:10.315 W/BatteryExternalStatsWorker( 1322): modem info is invalid: ModemActivityInfo{ mTimestamp=0 mSleepTimeMs=0 mIdleTimeMs=0 mTxTimeMs[]=[0, 0, 0, 0, 0] mRxTimeMs=0 mEnergyUsed=0}
06-28 17:16:10.333 W/migration/7(   53): type=1400 audit(0.0:82692): avc: granted { setsched } for pid=53 scontext=u:r:kernel:s0 tcontext=u:r:kernel:s0 tclass=process
06-28 17:16:10.333 W/migration/6(   47): type=1400 audit(0.0:82693): avc: granted { setsched } for pid=47 scontext=u:r:kernel:s0 tcontext=u:r:kernel:s0 tclass=process
06-28 17:16:11.036 D/HwIPLManager( 2456): flushCellBatching
06-28 17:16:11.036 V/BroadcastQueue( 1322): Finished with ordered broadcast BroadcastRecord{5339da9 u0 com.huawei.spaceservice.OBTAIN_CELL_INFO}
06-28 17:16:11.037 E/CellBatching.CellBatchingHardware(11761): isDisConnect:false
06-28 17:16:11.038 I/FusionD_CellBatching(  900): (CellBatchingNetlinkCb:105):cmd[17].length[20]
06-28 17:16:11.039 I/FusionD_CellBatching(  900): (OnCellBatchingChanged:145):send num[1]
06-28 17:16:11.050 V/BroadcastQueue( 1322): Finished with ordered broadcast BroadcastRecord{54035a9 u0 com.huawei.spaceservice.cellbatching.action}
06-28 17:16:12.235 I/TrafficMonitor( 1322): update:rxPkts:0,txPkts:0,rxBytes:0,txBytes:0
06-28 17:16:12.235 I/TrafficMonitor( 1322): start expired. level:-1
06-28 17:16:12.235 I/TrafficMonitor( 1322): gettimer:interval=2000
06-28 17:16:12.254 I/netd    (  640): trafficSwapActiveStatsMap() <15.64ms>
06-28 17:16:12.755 E/SurfaceFlinger(  720): doPartialComposeImpl: reject partial compose request.
06-28 17:16:12.787 E/WifiHAL (  714): enter wifi_get_link_stats
06-28 17:16:12.792 E/WificondControl( 1322): Noise: 0, Snr: -85, Chload: 127
06-28 17:16:12.795 V/HwWifiServiceFactory( 1322): get AllImpl object = com.android.server.wifi.HwWifiServiceFactoryImpl@4d4cafb
06-28 17:16:12.802 D/TelephonyManager( 1322): getAllCellInfo calling app is android
06-28 17:16:12.803 W/PhoneInterfaceManager( 2675): shouldBlockLocation running ...
06-28 17:16:12.803 I/PhoneInterfaceManager( 2675): shouldBlockLocation  ret:false
06-28 17:16:12.961 E/HwModemCapability( 2675): isCapabilitySupport java.lang.StringIndexOutOfBoundsException: length=7; index=7
06-28 17:16:12.967 E/HwModemCapability( 2358): isCapabilitySupport java.lang.StringIndexOutOfBoundsException: length=7; index=7
06-28 17:16:12.967 E/HwModemCapability( 2003): isCapabilitySupport java.lang.StringIndexOutOfBoundsException: length=7; index=7
06-28 17:16:12.968 I/chatty  ( 2003): uid=10038(com.huawei.desktop.systemui) SysUiBg identical 1 line
06-28 17:16:12.968 E/HwModemCapability( 2003): isCapabilitySupport java.lang.StringIndexOutOfBoundsException: length=7; index=7
06-28 17:16:12.969 E/HwModemCapability( 2622): isCapabilitySupport java.lang.StringIndexOutOfBoundsException: length=7; index=7
06-28 17:16:12.971 I/chatty  ( 2622): uid=1000(system) com.huawei.hiview identical 10 lines
06-28 17:16:12.972 E/HwModemCapability( 2622): isCapabilitySupport java.lang.StringIndexOutOfBoundsException: length=7; index=7
06-28 17:16:12.972 E/HwModemCapability( 2622): isCapabilitySupport java.lang.StringIndexOutOfBoundsException: length=7; index=7
06-28 17:16:12.972 E/HwModemCapability( 2622): isCapabilitySupport java.lang.StringIndexOutOfBoundsException: length=7; index=7
06-28 17:16:12.972 I/chatty  ( 2622): uid=1000(system) com.huawei.hiview identical 2 lines
06-28 17:16:12.972 E/HwModemCapability( 2622): isCapabilitySupport java.lang.StringIndexOutOfBoundsException: length=7; index=7
06-28 17:16:12.972 E/HwModemCapability( 4578): isCapabilitySupport java.lang.StringIndexOutOfBoundsException: length=7; index=7
06-28 17:16:12.973 E/HwModemCapability( 2622): isCapabilitySupport java.lang.StringIndexOutOfBoundsException: length=7; index=7
06-28 17:16:12.973 I/OllieUtils( 2500): getNetworkTypeBySubId, nsaState is 1, isDataInService is true
06-28 17:16:12.973 E/HwModemCapability( 2622): isCapabilitySupport java.lang.StringIndexOutOfBoundsException: length=7; index=7
06-28 17:16:12.975 I/chatty  ( 2622): uid=1000(system) com.huawei.hiview identical 11 lines
06-28 17:16:12.975 E/HwModemCapability( 2622): isCapabilitySupport java.lang.StringIndexOutOfBoundsException: length=7; index=7
06-28 17:16:12.976 I/MQoS    ( 1322): onSignal: mSubId=1,currDataSubID=1
06-28 17:16:12.977 E/HwModemCapability( 2500): isCapabilitySupport java.lang.StringIndexOutOfBoundsException: length=7; index=7
06-28 17:16:12.977 E/HwModemCapability( 2500): isCapabilitySupport java.lang.StringIndexOutOfBoundsException: length=7; index=7
06-28 17:16:12.977 E/HwModemCapability( 1322): isCapabilitySupport java.lang.StringIndexOutOfBoundsException: unknown reason
06-28 17:16:12.977 I/MQoS    ( 1322): received cell-signal:5
06-28 17:16:12.978 E/HwModemCapability( 2003): isCapabilitySupport java.lang.StringIndexOutOfBoundsException: length=7; index=7
06-28 17:16:12.978 E/HwModemCapability( 1322): isCapabilitySupport java.lang.StringIndexOutOfBoundsException: unknown reason
06-28 17:16:12.982 E/HwModemCapability( 2003): isCapabilitySupport java.lang.StringIndexOutOfBoundsException: length=7; index=7
06-28 17:16:12.985 I/HidataAppQoeP( 2500): handleStateChanged reason=6
06-28 17:16:12.986 E/HwModemCapability( 2622): isCapabilitySupport java.lang.StringIndexOutOfBoundsException: length=7; index=7
06-28 17:16:12.989 I/PreDnsQuery( 2500): handleStateChanged reason=6
06-28 17:16:12.991 I/BrowserChrP( 2500): handleStateChanged
06-28 17:16:12.988 I/chatty  ( 2622): uid=1000(system) com.huawei.hiview identical 16 lines
06-28 17:16:12.988 E/HwModemCapability( 2622): isCapabilitySupport java.lang.StringIndexOutOfBoundsException: length=7; index=7
06-28 17:16:13.229 I/TrafficMonitor( 1322): expired arrive. level:-1
06-28 17:16:13.229 I/TrafficMonitor( 1322): during_ms:2003,period_ms:2000
06-28 17:16:13.229 I/TrafficMonitor( 1322): count:842,rx_sum:0,tx_sum:0,rxBytes:0,during_ms:2003,rx_speed:0.0,tx_speed:0.0,rto:0.0
06-28 17:16:13.663 D/HwConnectivityServiceEx( 1322): set cache by key is 10156 interfaceName iswlan0 value is false
06-28 17:16:13.984 E/WificondControl( 1322): Noise: 0, Snr: -85, Chload: 127
06-28 17:16:13.988 D/HuaweiWifiWatchdogStateMachine( 1322): nothing to do
06-28 17:16:13.988 D/WiFi_PRO( 1322): MSG_RETURN_AP_CURRY_RSSI rssi = -56
06-28 17:16:13.988 I/QosMonitor( 1322): queryRtt: rttType = 3
06-28 17:16:13.988 I/HuaweiWifiWatchdogStateMachine( 1322): POta txb txg rxg:0, 16, 0. Lr =0% Totpkt=16
06-28 17:16:13.988 I/HwWifiProServiceProxy( 1322): ctrlHwWifiNetwork pkgName: WIFIPRO_SERVICE interfaceId: 8
06-28 17:16:13.988 I/HwUidTcpMonitor( 1322): TcpStatisticsRun run
06-28 17:16:13.989 I/QosMonitor( 1322): postEventFromNative: msg=100,arg1=4,arg2=10
06-28 17:16:13.989 I/HwWifiProServiceProxy( 1322): ctrlHwWifiNetwork pkgName: WIFIPRO_SERVICE interfaceId: 8
06-28 17:16:13.990 I/QosMonitor( 1322): postEventFromNative: msg=100,arg1=0,arg2=10
06-28 17:16:13.990 I/HwWifiProServiceProxy( 1322): ctrlHwWifiNetwork pkgName: WIFIPRO_SERVICE interfaceId: 79
06-28 17:16:13.990 I/MQoS    ( 1322): rtt=80,tcpTxPkts=7622,tcpRxPkts=6918
06-28 17:16:13.990 I/HuaweiWifiWatchdogStateMachine( 1322): PTcp RTT:0, rtt pkt=0, tcp_rx=2, tcp_tx=10, tcp_reTran=0, rtRate=0
06-28 17:16:13.990 D/HwConnectivityServiceEx( 1322): set cache by key is 1000 interfaceName iswlan0 value is false
06-28 17:16:13.991 I/HwWifiProServiceProxy( 1322): TcpStatisticsRun run
06-28 17:16:13.994 D/HwUidTcpMonitor( 1322): parseWlanUidTcpStatistics lastUidTcpStatInfo = [ mUid = 10031 mPacketName = com.huawei.android.launcher mSendSegs = 419 mResendSegs = 0 mRcvSegs = 644 ]
06-28 17:16:13.996 I/MQoS    ( 1322): QOS_level:5(5),wifi-link;use signalLvl:5;RAT:4G
06-28 17:16:14.014 I/SmartThreadExecutor( 7642): handleMessage: start check 0
06-28 17:16:14.014 I/SmartThreadExecutor( 7642): handleMessage: check end 0 -57 false
06-28 17:16:14.046 I/netd    (  640): trafficSwapActiveStatsMap() <9.40ms>
06-28 17:16:14.049 I/DownloadState( 2358): singleUid: 10071 [com.huawei.hilink.framework] speed: 49 real speed: 49 (rxB:117 txB:131 rxP:1 txP:1) scroff: false
06-28 17:16:14.058 I/DownloadState( 2358): shareUid: 0 default_sk transmitting data speed : 23 bytes/s (rxB:117 txB:0 rxP:1 txP:0 iface:1) scroff: false
06-28 17:16:14.237 I/TrafficMonitor( 1322): update:rxPkts:0,txPkts:0,rxBytes:0,txBytes:0
06-28 17:16:14.238 I/TrafficMonitor( 1322): start expired. level:-1
06-28 17:16:14.238 I/TrafficMonitor( 1322): gettimer:interval=2000
06-28 17:16:15.650 W/adbd    (13108): timeout expired while flushing socket, closing
06-28 17:16:15.811 E/WifiHAL (  714): enter wifi_get_link_stats
06-28 17:16:15.822 E/WificondControl( 1322): Noise: 0, Snr: -85, Chload: 127
06-28 17:16:15.825 V/HwWifiServiceFactory( 1322): get AllImpl object = com.android.server.wifi.HwWifiServiceFactoryImpl@4d4cafb
06-28 17:16:15.831 D/TelephonyManager( 1322): getAllCellInfo calling app is android
06-28 17:16:15.831 W/PhoneInterfaceManager( 2675): shouldBlockLocation running ...
06-28 17:16:15.832 I/PhoneInterfaceManager( 2675): shouldBlockLocation  ret:false
06-28 17:16:15.845 E/SurfaceFlinger(  720): doPartialComposeImpl: reject partial compose request.
06-28 17:16:16.242 I/TrafficMonitor( 1322): update:rxPkts:0,txPkts:0,rxBytes:0,txBytes:0
06-28 17:16:16.242 I/TrafficMonitor( 1322): start expired. level:-1
06-28 17:16:16.242 I/TrafficMonitor( 1322): gettimer:interval=2000
06-28 17:16:16.298 I/SmartThreadExecutor(10946): handleMessage: start check 0
06-28 17:16:16.298 I/SmartThreadExecutor(10946): handleMessage: check end 0 -57 false
06-28 17:16:18.016 I/HiAction_XChannel.XChannelClient-2( 5301): getFromMsgReqQueue(): 
06-28 17:16:18.245 I/TrafficMonitor( 1322): update:rxPkts:0,txPkts:0,rxBytes:0,txBytes:0
06-28 17:16:18.246 I/TrafficMonitor( 1322): start expired. level:-1
06-28 17:16:18.246 I/TrafficMonitor( 1322): gettimer:interval=2000
06-28 17:16:18.839 E/WifiHAL (  714): enter wifi_get_link_stats
06-28 17:16:18.849 E/WificondControl( 1322): Noise: 0, Snr: -85, Chload: 127
06-28 17:16:18.852 V/HwWifiServiceFactory( 1322): get AllImpl object = com.android.server.wifi.HwWifiServiceFactoryImpl@4d4cafb
06-28 17:16:18.858 D/TelephonyManager( 1322): getAllCellInfo calling app is android
06-28 17:16:18.858 W/PhoneInterfaceManager( 2675): shouldBlockLocation running ...
06-28 17:16:18.859 I/PhoneInterfaceManager( 2675): shouldBlockLocation  ret:false
06-28 17:16:18.971 E/HwModemCapability( 2675): isCapabilitySupport java.lang.StringIndexOutOfBoundsException: length=7; index=7
06-28 17:16:18.976 E/HwModemCapability( 2358): isCapabilitySupport java.lang.StringIndexOutOfBoundsException: length=7; index=7
