06-28 17:16:18.978 E/HwModemCapability( 1322): isCapabilitySupport java.lang.StringIndexOutOfBoundsException: unknown reason
06-28 17:16:18.979 E/HwModemCapability( 4578): isCapabilitySupport java.lang.StringIndexOutOfBoundsException: length=7; index=7
06-28 17:16:18.979 E/HwModemCapability( 2622): isCapabilitySupport java.lang.StringIndexOutOfBoundsException: length=7; index=7
06-28 17:16:18.979 I/MQoS    ( 1322): onSignal: mSubId=1,currDataSubID=1
06-28 17:16:18.980 E/HwModemCapability( 2622): isCapabilitySupport java.lang.StringIndexOutOfBoundsException: length=7; index=7
06-28 17:16:18.980 I/chatty  ( 2622): uid=1000(system) com.huawei.hiview identical 4 lines
06-28 17:16:18.980 E/HwModemCapability( 2622): isCapabilitySupport java.lang.StringIndexOutOfBoundsException: length=7; index=7
06-28 17:16:18.980 E/HwModemCapability( 1322): isCapabilitySupport java.lang.StringIndexOutOfBoundsException: unknown reason
06-28 17:16:18.980 I/MQoS    ( 1322): received cell-signal:5
06-28 17:16:18.980 E/HwModemCapability( 2622): isCapabilitySupport java.lang.StringIndexOutOfBoundsException: length=7; index=7
06-28 17:16:18.976 E/HwModemCapability( 2003): isCapabilitySupport java.lang.StringIndexOutOfBoundsException: length=7; index=7
06-28 17:16:18.980 E/HwModemCapability( 2622): isCapabilitySupport java.lang.StringIndexOutOfBoundsException: length=7; index=7
06-28 17:16:18.981 I/chatty  ( 2622): uid=1000(system) com.huawei.hiview identical 1 line
06-28 17:16:18.981 E/HwModemCapability( 2622): isCapabilitySupport java.lang.StringIndexOutOfBoundsException: length=7; index=7
06-28 17:16:18.981 E/HwModemCapability( 2003): isCapabilitySupport java.lang.StringIndexOutOfBoundsException: length=7; index=7
06-28 17:16:18.981 E/HwModemCapability( 2622): isCapabilitySupport java.lang.StringIndexOutOfBoundsException: length=7; index=7
06-28 17:16:18.981 E/HwModemCapability( 2003): isCapabilitySupport java.lang.StringIndexOutOfBoundsException: length=7; index=7
06-28 17:16:18.981 E/HwModemCapability( 2622): isCapabilitySupport java.lang.StringIndexOutOfBoundsException: length=7; index=7
06-28 17:16:18.981 I/chatty  ( 2622): uid=1000(system) com.huawei.hiview identical 4 lines
06-28 17:16:18.981 E/HwModemCapability( 2622): isCapabilitySupport java.lang.StringIndexOutOfBoundsException: length=7; index=7
06-28 17:16:18.982 E/HwModemCapability( 2622): isCapabilitySupport java.lang.StringIndexOutOfBoundsException: length=7; index=7
06-28 17:16:18.983 E/HwModemCapability( 2622): isCapabilitySupport java.lang.StringIndexOutOfBoundsException: length=7; index=7
06-28 17:16:18.985 I/chatty  ( 2622): uid=1000(system) com.huawei.hiview identical 10 lines
06-28 17:16:18.985 E/HwModemCapability( 2622): isCapabilitySupport java.lang.StringIndexOutOfBoundsException: length=7; index=7
06-28 17:16:18.986 E/HwModemCapability( 2003): isCapabilitySupport java.lang.StringIndexOutOfBoundsException: length=7; index=7
06-28 17:16:18.987 I/OllieUtils( 2500): getNetworkTypeBySubId, nsaState is 1, isDataInService is true
06-28 17:16:18.988 E/HwModemCapability( 2003): isCapabilitySupport java.lang.StringIndexOutOfBoundsException: length=7; index=7
06-28 17:16:18.990 E/HwModemCapability( 2500): isCapabilitySupport java.lang.StringIndexOutOfBoundsException: length=7; index=7
06-28 17:16:18.994 I/HidataAppQoeP( 2500): handleStateChanged reason=6
06-28 17:16:18.997 I/PreDnsQuery( 2500): handleStateChanged reason=6
06-28 17:16:18.998 I/BrowserChrP( 2500): handleStateChanged
06-28 17:16:19.000 D/HwConnectivityServiceEx( 1322): set cache by key is 1000 interfaceName iswlan0 value is false
06-28 17:16:18.990 E/HwModemCapability( 2500): isCapabilitySupport java.lang.StringIndexOutOfBoundsException: length=7; index=7
06-28 17:16:19.003 E/HwModemCapability( 2622): isCapabilitySupport java.lang.StringIndexOutOfBoundsException: length=7; index=7
06-28 17:16:19.006 I/chatty  ( 2622): uid=1000(system) com.huawei.hiview identical 16 lines
06-28 17:16:19.006 E/HwModemCapability( 2622): isCapabilitySupport java.lang.StringIndexOutOfBoundsException: length=7; index=7
06-28 17:16:19.082 I/netd    (  640): trafficSwapActiveStatsMap() <22.81ms>
06-28 17:16:19.237 I/TrafficMonitor( 1322): expired arrive. level:-1
06-28 17:16:19.238 I/TrafficMonitor( 1322): during_ms:2003,period_ms:2000
06-28 17:16:19.238 I/TrafficMonitor( 1322): count:845,rx_sum:0,tx_sum:0,rxBytes:0,during_ms:2003,rx_speed:0.0,tx_speed:0.0,rto:0.0
06-28 17:16:20.248 I/TrafficMonitor( 1322): update:rxPkts:0,txPkts:0,rxBytes:0,txBytes:0
06-28 17:16:20.248 I/TrafficMonitor( 1322): start expired. level:-1
06-28 17:16:20.248 I/TrafficMonitor( 1322): gettimer:interval=2000
06-28 17:16:21.018 D/EventBus( 3695): No subscribers registered for event class com.huawei.skytone.support.controller.QueryDataProviderController$QueryUIPolicyData
06-28 17:16:21.018 D/EventBus( 3695): No subscribers registered for event class org.greenrobot.eventbus.NoSubscriberEvent
06-28 17:16:21.018 I/DataSrv-10.5.0.301-O-0528-22:45-QueryProviderHelper( 3695): timer over. hasQueryDataFlag: false
06-28 17:16:21.019 I/DataSrv-10.5.0.301-O-0528-22:45-QueryDataProviderController( 3695): canQueryProviderDataFromUI, userQueryDataFlag: false |isOverTime: false
06-28 17:16:21.019 I/DataSrv-10.5.0.301-O-0528-22:45-QueryDataProviderController( 3695): intevalTime: 360000 |bootTime: 1810837
06-28 17:16:21.019 I/DataSrv-10.5.0.301-O-0528-22:45-QueryDataProviderController( 3695): intevalTime: 360000 |lastReadTime: 1593335781012|currTime: 1593335781019
06-28 17:16:21.019 I/DataSrv-10.5.0.301-O-0528-22:45-QueryDataProviderController( 3695): Query result: false
06-28 17:16:21.019 I/DataSrv-10.5.0.301-O-0528-22:45-QueryProviderHelper( 3695): startTimer. intervalTime: 360000 lastTriggerTime: 7
06-28 17:16:21.019 W/AlarmManager( 3695): Unrecognized alarm listener com.huawei.skytone.base.timer.VSimCommonTimer$VSimAlarmListener@3b07503
06-28 17:16:21.023 I/HwAlarmManagerService( 1322): hwSetAlarm listenerTag: QueryProviderHelper
06-28 17:16:21.023 I/DataSrv-10.5.0.301-O-0528-22:45-VSimCommonTimer( 3695): requestAlarmManagerTimer set Timer success :QueryProviderHelper to be triggerred after 359993 millis.
06-28 17:16:21.023 I/DataSrv-10.5.0.301-O-0528-22:45-SupportProviderImpl( 3695): isSuccess: true
06-28 17:16:21.023 I/DataSrv-10.5.0.301-O-0528-22:45-QueryDataProviderController( 3695): canQueryProviderDataFromUI, userQueryDataFlag: false |isOverTime: false
06-28 17:16:21.023 I/DataSrv-10.5.0.301-O-0528-22:45-QueryDataProviderController( 3695): intevalTime: 360000 |bootTime: 1810841
06-28 17:16:21.023 I/DataSrv-10.5.0.301-O-0528-22:45-QueryDataProviderController( 3695): intevalTime: 360000 |lastReadTime: 1593335781012|currTime: 1593335781023
06-28 17:16:21.023 I/DataSrv-10.5.0.301-O-0528-22:45-QueryDataProviderController( 3695): Query result: false
06-28 17:16:21.024 I/DataSrv-10.5.0.301-O-0528-22:45-QueryDataProviderController( 3695): canQueryProviderDataFromUI, userQueryDataFlag: false |isOverTime: false
06-28 17:16:21.024 I/DataSrv-10.5.0.301-O-0528-22:45-QueryDataProviderController( 3695): intevalTime: 360000 |bootTime: 1810841
06-28 17:16:21.024 I/DataSrv-10.5.0.301-O-0528-22:45-QueryDataProviderController( 3695): intevalTime: 360000 |lastReadTime: 1593335781012|currTime: 1593335781024
06-28 17:16:21.024 I/DataSrv-10.5.0.301-O-0528-22:45-QueryDataProviderController( 3695): Query result: false
06-28 17:16:21.024 I/DataSrv-10.5.0.301-O-0528-22:45-QueryDataProviderController( 3695): canQueryProviderDataFromUI, userQueryDataFlag: false |isOverTime: false
06-28 17:16:21.024 I/DataSrv-10.5.0.301-O-0528-22:45-QueryDataProviderController( 3695): intevalTime: 360000 |bootTime: 1810842
06-28 17:16:21.024 I/DataSrv-10.5.0.301-O-0528-22:45-QueryDataProviderController( 3695): intevalTime: 360000 |lastReadTime: 1593335781012|currTime: 1593335781024
06-28 17:16:21.024 I/DataSrv-10.5.0.301-O-0528-22:45-QueryDataProviderController( 3695): Query result: false
06-28 17:16:21.024 I/DataSrv-10.5.0.301-O-0528-22:45-QueryDataProviderController( 3695): canQueryProviderDataFromUI, userQueryDataFlag: false |isOverTime: false
06-28 17:16:21.024 I/DataSrv-10.5.0.301-O-0528-22:45-QueryDataProviderController( 3695): intevalTime: 360000 |bootTime: 1810842
06-28 17:16:21.024 I/DataSrv-10.5.0.301-O-0528-22:45-QueryDataProviderController( 3695): intevalTime: 360000 |lastReadTime: 1593335781012|currTime: 1593335781024
06-28 17:16:21.024 I/DataSrv-10.5.0.301-O-0528-22:45-QueryDataProviderController( 3695): Query result: false
06-28 17:16:21.024 I/DataSrv-10.5.0.301-O-0528-22:45-QueryDataProviderController( 3695): canQueryProviderDataFromUI, userQueryDataFlag: false |isOverTime: false
06-28 17:16:21.024 I/DataSrv-10.5.0.301-O-0528-22:45-QueryDataProviderController( 3695): intevalTime: 360000 |bootTime: 1810842
06-28 17:16:21.024 I/DataSrv-10.5.0.301-O-0528-22:45-QueryDataProviderController( 3695): intevalTime: 360000 |lastReadTime: 1593335781012|currTime: 1593335781024
06-28 17:16:21.024 I/DataSrv-10.5.0.301-O-0528-22:45-QueryDataProviderController( 3695): Query result: false
06-28 17:16:21.025 E/DataSrv-10.5.0.301-O-0528-22:45-PackageUtils( 3695): NameNotFoundException: service apk is not installed
06-28 17:16:21.026 I/DataSrv-10.5.0.301-O-0528-22:45-Dispatcher( 3695): notify event start: 54
06-28 17:16:21.280 I/storaged(  869): storaged_t::event: storage_info refreshed.
06-28 17:16:21.800 E/SurfaceFlinger(  720): doPartialComposeImpl: reject partial compose request.
06-28 17:16:21.867 E/WifiHAL (  714): enter wifi_get_link_stats
06-28 17:16:21.875 D/dubaid  (  846): [DubaiStorage.cpp] DoFlushEntriesBuffer# Flush all entries into database
06-28 17:16:21.877 E/WificondControl( 1322): Noise: 0, Snr: -85, Chload: 127
06-28 17:16:21.879 V/HwWifiServiceFactory( 1322): get AllImpl object = com.android.server.wifi.HwWifiServiceFactoryImpl@4d4cafb
06-28 17:16:21.883 D/TelephonyManager( 1322): getAllCellInfo calling app is android
06-28 17:16:21.884 W/PhoneInterfaceManager( 2675): shouldBlockLocation running ...
06-28 17:16:21.884 I/PhoneInterfaceManager( 2675): shouldBlockLocation  ret:false
06-28 17:16:21.982 E/WificondControl( 1322): Noise: 0, Snr: -85, Chload: 127
06-28 17:16:21.986 D/HuaweiWifiWatchdogStateMachine( 1322): high data flow: protection_counter = 0,  not_detect_counter = 56
06-28 17:16:21.986 D/HuaweiWifiWatchdogStateMachine( 1322): high data flow scenario: 0 --> 0 rx bytes =2KB
06-28 17:16:21.986 I/HwUidTcpMonitor( 1322): TcpStatisticsRun run
06-28 17:16:21.986 I/HwWifiProServiceProxy( 1322): ctrlHwWifiNetwork pkgName: WIFIPRO_SERVICE interfaceId: 79
06-28 17:16:21.986 D/WiFi_PRO( 1322): MSG_RETURN_AP_CURRY_RSSI rssi = -56
06-28 17:16:21.986 I/QosMonitor( 1322): queryRtt: rttType = 3
06-28 17:16:21.986 I/HwWifiProServiceProxy( 1322): ctrlHwWifiNetwork pkgName: WIFIPRO_SERVICE interfaceId: 8
06-28 17:16:21.987 I/HwWifiProServiceProxy( 1322): TcpStatisticsRun run
06-28 17:16:21.987 I/QosMonitor( 1322): postEventFromNative: msg=100,arg1=4,arg2=10
06-28 17:16:22.250 I/TrafficMonitor( 1322): update:rxPkts:0,txPkts:0,rxBytes:0,txBytes:0
06-28 17:16:22.250 I/TrafficMonitor( 1322): start expired. level:-1
06-28 17:16:22.250 I/TrafficMonitor( 1322): gettimer:interval=2000
06-28 17:16:22.286 I/netd    (  640): trafficSwapActiveStatsMap() <19.66ms>
06-28 17:16:22.737 D/WifiProStatisticsManager( 1322): checkIfNeedUpload time left(mins):88
06-28 17:16:22.832 D/WifiProChrUploadManager( 1322): uploadChrStat:Bundle[{OpenClose=Bundle[{WifiproOpenCloseCnt=0}], SwitchCnt=Bundle[{BssidSwitch=0, SsidSwitch=0, DualBandSwitch=0}], ApEvaluate=Bundle[{NoInternetAPCnt=0, ApEvaluateTrigCnt=0, PortalAPCnt=0, EvaluateConnCnt=0, InternetAPCnt=0}], ScanGenie=Bundle[{ScanGenieSuccCnt=0, ScanGenieFailCnt=0, ScanGenieCnt=0}], SwitchSuccCnt=Bundle[{BssidSwitch=0, SsidSwitch=0, DualBandSwitch=0}], AutoOpen=Bundle[{AutoOpenFailCnt=0, AutoOpenSuccCnt=0}]}]
06-28 17:16:22.832 I/HwWifiProServiceProxy( 1322): ctrlHwWifiNetwork pkgName: WIFIPRO_SERVICE interfaceId: 2
06-28 17:16:22.833 V/HwWifiServiceFactory( 1322): get AllImpl object = com.android.server.wifi.HwWifiServiceFactoryImpl@4d4cafb
06-28 17:16:22.833 D/WifiProChrUploadManager( 1322): uploadChrStat: Event send finished
06-28 17:16:22.834 D/HwWifiCHRStateManager( 2622): handleMessage : 1128
06-28 17:16:22.835 I/HwWifiProServiceProxy( 1322): ctrlHwWifiNetwork pkgName: WIFIPRO_SERVICE interfaceId: 2
06-28 17:16:22.835 V/HwWifiServiceFactory( 1322): get AllImpl object = com.android.server.wifi.HwWifiServiceFactoryImpl@4d4cafb
06-28 17:16:22.836 D/WifiProChrUploadManager( 1322): uploadChrSsidStat reset finished
06-28 17:16:22.837 D/HwWifiCHRStateManager( 2622): handleMessage : 1128
06-28 17:16:22.837 D/NcWifiDftManager( 2622): handled event 1000
06-28 17:16:22.837 D/NcWifiDftManager( 2622): HwWifiDFTEventConst.EID_STABILITYSTAT2
06-28 17:16:22.837 D/WifiDftDataBaseManager( 2622): addOrUpdateStatisticsRecord enter
06-28 17:16:22.837 D/WifiDftDataBaseManager( 2622): checkIfStatisticsRecordExist enter
06-28 17:16:22.841 D/WifiDftDataBaseManager( 2622): checkIfStatisticsRecordExist read from:WifiStatistics, get record: 1
06-28 17:16:22.841 D/WifiDftDataBaseManager( 2622): updateStatisticsRecord enter
06-28 17:16:22.844 D/WifiDftDataBaseManager( 2622): updateStatisticsRecord update succ, rowChg=1
06-28 17:16:22.844 D/NcWifiDftManager( 2622): handled event 1000
06-28 17:16:22.846 D/WifiDftDataBaseManager( 2622): addOrUpdateSSIDStatisticsRecord enter
06-28 17:16:22.846 D/WifiDftDataBaseManager( 2622): checkIfSSIDStatisticsRcdExist enter
06-28 17:16:22.852 D/WifiDftDataBaseManager( 2622): checkIfSSIDStatisticsRcdExist read from:WifiSSIDStatistics, get record: 1
06-28 17:16:22.855 D/WifiDftDataBaseManager( 2622): updateSSIDStatisticsRecord enter
06-28 17:16:22.865 D/WifiDftDataBaseManager( 2622): updateSSIDStatisticsRecord update succ, rowChg=1
06-28 17:16:22.865 D/NcWifiDftManager( 2622):  HwWifiDFTEventConst.EID_STABILITYSSIDSTAT2
06-28 17:16:24.118 I/netd    (  640): trafficSwapActiveStatsMap() <25.05ms>
06-28 17:16:24.253 I/TrafficMonitor( 1322): update:rxPkts:0,txPkts:0,rxBytes:0,txBytes:0
06-28 17:16:24.253 I/TrafficMonitor( 1322): start expired. level:-1
06-28 17:16:24.253 I/TrafficMonitor( 1322): gettimer:interval=2000
06-28 17:16:24.891 E/WifiHAL (  714): enter wifi_get_link_stats
06-28 17:16:24.900 E/WificondControl( 1322): Noise: 0, Snr: -85, Chload: 127
06-28 17:16:24.903 V/HwWifiServiceFactory( 1322): get AllImpl object = com.android.server.wifi.HwWifiServiceFactoryImpl@4d4cafb
06-28 17:16:24.909 D/TelephonyManager( 1322): getAllCellInfo calling app is android
06-28 17:16:24.909 W/PhoneInterfaceManager( 2675): shouldBlockLocation running ...
06-28 17:16:24.910 I/PhoneInterfaceManager( 2675): shouldBlockLocation  ret:false
06-28 17:16:24.979 E/HwModemCapability( 2675): isCapabilitySupport java.lang.StringIndexOutOfBoundsException: length=7; index=7
06-28 17:16:24.984 E/HwModemCapability( 2358): isCapabilitySupport java.lang.StringIndexOutOfBoundsException: length=7; index=7
06-28 17:16:24.985 E/HwModemCapability( 4578): isCapabilitySupport java.lang.StringIndexOutOfBoundsException: length=7; index=7
06-28 17:16:24.986 I/MQoS    ( 1322): onSignal: mSubId=1,currDataSubID=1
06-28 17:16:24.986 E/HwModemCapability( 2622): isCapabilitySupport java.lang.StringIndexOutOfBoundsException: length=7; index=7
06-28 17:16:24.987 I/chatty  ( 2622): uid=1000(system) com.huawei.hiview identical 8 lines
06-28 17:16:24.988 E/HwModemCapability( 2622): isCapabilitySupport java.lang.StringIndexOutOfBoundsException: length=7; index=7
06-28 17:16:24.988 E/HwModemCapability( 1322): isCapabilitySupport java.lang.StringIndexOutOfBoundsException: unknown reason
06-28 17:16:24.988 I/MQoS    ( 1322): received cell-signal:5
06-28 17:16:24.988 E/HwModemCapability( 2622): isCapabilitySupport java.lang.StringIndexOutOfBoundsException: length=7; index=7
06-28 17:16:24.988 I/chatty  ( 2622): uid=1000(system) com.huawei.hiview identical 1 line
06-28 17:16:24.988 E/HwModemCapability( 2622): isCapabilitySupport java.lang.StringIndexOutOfBoundsException: length=7; index=7
06-28 17:16:24.988 E/HwModemCapability( 1322): isCapabilitySupport java.lang.StringIndexOutOfBoundsException: unknown reason
06-28 17:16:24.988 E/HwModemCapability( 2622): isCapabilitySupport java.lang.StringIndexOutOfBoundsException: length=7; index=7
06-28 17:16:24.989 I/chatty  ( 2622): uid=1000(system) com.huawei.hiview identical 7 lines
06-28 17:16:24.989 E/HwModemCapability( 2622): isCapabilitySupport java.lang.StringIndexOutOfBoundsException: length=7; index=7
06-28 17:16:24.989 E/HwModemCapability( 2622): isCapabilitySupport java.lang.StringIndexOutOfBoundsException: length=7; index=7
06-28 17:16:24.990 E/HwModemCapability( 2622): isCapabilitySupport java.lang.StringIndexOutOfBoundsException: length=7; index=7
06-28 17:16:24.991 E/HwModemCapability( 2622): isCapabilitySupport java.lang.StringIndexOutOfBoundsException: length=7; index=7
06-28 17:16:24.984 E/HwModemCapability( 2003): isCapabilitySupport java.lang.StringIndexOutOfBoundsException: length=7; index=7
06-28 17:16:24.992 I/chatty  ( 2003): uid=10038(com.huawei.desktop.systemui) SysUiBg identical 1 line
06-28 17:16:24.992 E/HwModemCapability( 2003): isCapabilitySupport java.lang.StringIndexOutOfBoundsException: length=7; index=7
06-28 17:16:24.993 E/HwModemCapability( 2622): isCapabilitySupport java.lang.StringIndexOutOfBoundsException: length=7; index=7
06-28 17:16:24.993 E/HwModemCapability( 2622): isCapabilitySupport java.lang.StringIndexOutOfBoundsException: length=7; index=7
06-28 17:16:24.994 I/OllieUtils( 2500): getNetworkTypeBySubId, nsaState is 1, isDataInService is true
06-28 17:16:24.993 E/HwModemCapability( 2622): isCapabilitySupport java.lang.StringIndexOutOfBoundsException: length=7; index=7
06-28 17:16:24.994 I/chatty  ( 2622): uid=1000(system) com.huawei.hiview identical 2 lines
06-28 17:16:24.994 E/HwModemCapability( 2622): isCapabilitySupport java.lang.StringIndexOutOfBoundsException: length=7; index=7
06-28 17:16:24.995 E/HwModemCapability( 2500): isCapabilitySupport java.lang.StringIndexOutOfBoundsException: length=7; index=7
06-28 17:16:24.996 E/HwModemCapability( 2500): isCapabilitySupport java.lang.StringIndexOutOfBoundsException: length=7; index=7
06-28 17:16:24.996 E/HwModemCapability( 2003): isCapabilitySupport java.lang.StringIndexOutOfBoundsException: length=7; index=7
06-28 17:16:24.998 I/HidataAppQoeP( 2500): handleStateChanged reason=6
06-28 17:16:24.998 E/HwModemCapability( 2003): isCapabilitySupport java.lang.StringIndexOutOfBoundsException: length=7; index=7
06-28 17:16:25.001 I/PreDnsQuery( 2500): handleStateChanged reason=6
06-28 17:16:25.002 E/HwModemCapability( 2622): isCapabilitySupport java.lang.StringIndexOutOfBoundsException: length=7; index=7
06-28 17:16:25.009 I/PreDnsQuery( 2500): setPreDnsCurrentProp is: false
06-28 17:16:25.009 I/BrowserChrP( 2500): handleStateChanged
06-28 17:16:25.011 D/HwConnectivityServiceEx( 1322): set cache by key is 1000 interfaceName iswlan0 value is false
06-28 17:16:25.004 I/chatty  ( 2622): uid=1000(system) com.huawei.hiview identical 16 lines
06-28 17:16:25.004 E/HwModemCapability( 2622): isCapabilitySupport java.lang.StringIndexOutOfBoundsException: length=7; index=7
06-28 17:16:25.249 I/TrafficMonitor( 1322): expired arrive. level:-1
06-28 17:16:25.249 I/TrafficMonitor( 1322): during_ms:2002,period_ms:2000
06-28 17:16:25.249 I/TrafficMonitor( 1322): count:848,rx_sum:0,tx_sum:0,rxBytes:0,during_ms:2002,rx_speed:0.0,tx_speed:0.0,rto:0.0
06-28 17:16:25.613 E/HwModemCapability( 2675): isCapabilitySupport java.lang.StringIndexOutOfBoundsException: length=7; index=7
06-28 17:16:25.617 E/HwModemCapability( 2675): isCapabilitySupport java.lang.StringIndexOutOfBoundsException: length=7; index=7
06-28 17:16:25.756 D/StubTelephonyRegistry( 1322): uid:10038 pid:2003 PhoneStateListener.LISTEN_CELL_LOCATION:16 events:2048
06-28 17:16:25.761 D/StubTelephonyRegistry( 1322): uid:10038 pid:2003 PhoneStateListener.LISTEN_CELL_LOCATION:16 events:2048
06-28 17:16:25.766 V/TpProviderHw( 2675): query begin match = 7
06-28 17:16:25.782 V/TpProviderHw( 2675): query begin match = 7
06-28 17:16:25.806 V/TpProviderHw( 2675): query begin match = 7
06-28 17:16:25.815 V/TpProviderHw( 2675): query begin match = 7
06-28 17:16:25.863 D/StubTelephonyRegistry( 1322): uid:10038 pid:2003 PhoneStateListener.LISTEN_CELL_LOCATION:16 events:0
06-28 17:16:25.868 D/StubTelephonyRegistry( 1322): uid:10038 pid:2003 PhoneStateListener.LISTEN_CELL_LOCATION:16 events:0
06-28 17:16:25.881 E/Thermal-daemon(  870): [charger_ic] temp_new :36  temp_old :35
06-28 17:16:25.882 E/Thermal-daemon(  870): Report temperature: [charger_ic] temp :36  report_threshold:1
06-28 17:16:26.256 I/TrafficMonitor( 1322): update:rxPkts:0,txPkts:0,rxBytes:0,txBytes:0
06-28 17:16:26.256 I/TrafficMonitor( 1322): start expired. level:-1
06-28 17:16:26.256 I/TrafficMonitor( 1322): gettimer:interval=2000
06-28 17:16:26.905 W/StorageMonitorS( 2177): type=1400 audit(0.0:82694): avc: granted { getattr } for pid=2177 name="/" dev="sdcardfs" ino=109 scontext=u:r:system_app:s0 tcontext=u:object_r:sdcardfs:s0 tclass=filesystem
06-28 17:16:27.104 I/subscribe(  891): onTransact: received NATIVE_HIVIEW_UPLOADREADY, content = [uploadReadyParam=1593335797102;10000;2]
06-28 17:16:27.104 I/subscribe(  891): handle_client_upload_ready, into
06-28 17:16:27.104 I/subscribe(  891): deadline_time is 1593335797102
06-28 17:16:27.104 I/subscribe(  891): wait_time_len is 10000
06-28 17:16:27.104 I/subscribe(  891): special_tag is 2
06-28 17:16:27.214 I/SmartThreadExecutor(11096): handleMessage: start check 0
06-28 17:16:27.214 I/SmartThreadExecutor(11096): handleMessage: check end 0 -57 false
06-28 17:16:27.644 D/OCTTY   ( 1609): [hisi_config_uart:243] hisi_config_uart
06-28 17:16:27.644 D/OCTTY   ( 1609): [hisi_config_uart:270] set install to 2, disable linedisc
06-28 17:16:27.644 D/OCTTY   ( 1609): [hisi_config_uart:274] Have uninstalled N_HW_BFG Line displine
06-28 17:16:27.644 D/OCTTY   ( 1609): [set_baud_rate:78] set_baud_rate
06-28 17:16:27.644 D/OCTTY   ( 1609): [set_baud_rate:108] set_baud_rate() done
06-28 17:16:27.645 D/OCTTY   ( 1609): [hisi_config_uart:314]Have installed N_HW_BFG Line displine
06-28 17:16:27.645 E/OCTTY   ( 1609): [main:349] install already set to 
06-28 17:16:27.645 E/OCTTY   ( 1609): 
06-28 17:16:27.645 D/OCTTY   ( 1609): [hisi_config_uart:243] hisi_config_uart
06-28 17:16:27.645 D/OCTTY   ( 1609): [hisi_config_uart:270] set install to 2, disable linedisc
06-28 17:16:27.645 D/OCTTY   ( 1609): [hisi_config_uart:274] Have uninstalled N_HW_BFG Line displine
06-28 17:16:27.645 D/OCTTY   ( 1609): [set_baud_rate:78] set_baud_rate
06-28 17:16:27.645 D/OCTTY   ( 1609): [set_baud_rate:108] set_baud_rate() done
06-28 17:16:27.645 D/OCTTY   ( 1609): [change_baud_rate:124] change_baud_rate
06-28 17:16:27.645 D/OCTTY   ( 1609): [change_baud_rate:162] change_baud_rate() done
06-28 17:16:27.645 D/OCTTY   ( 1609): [hisi_config_uart:314]Have installed N_HW_BFG Line displine
06-28 17:16:27.646 E/OCTTY   ( 1609): [main:349] install already set to 
06-28 17:16:27.646 E/OCTTY   ( 1609): 
06-28 17:16:27.758 E/SurfaceFlinger(  720): doPartialComposeImpl: reject partial compose request.
06-28 17:16:27.915 E/WifiHAL (  714): enter wifi_get_link_stats
06-28 17:16:27.926 E/WificondControl( 1322): Noise: 0, Snr: -85, Chload: 63
06-28 17:16:27.929 V/HwWifiServiceFactory( 1322): get AllImpl object = com.android.server.wifi.HwWifiServiceFactoryImpl@4d4cafb
06-28 17:16:27.935 D/TelephonyManager( 1322): getAllCellInfo calling app is android
06-28 17:16:27.936 W/PhoneInterfaceManager( 2675): shouldBlockLocation running ...
06-28 17:16:27.936 I/PhoneInterfaceManager( 2675): shouldBlockLocation  ret:false
06-28 17:16:28.260 I/TrafficMonitor( 1322): update:rxPkts:0,txPkts:0,rxBytes:0,txBytes:0
06-28 17:16:28.260 I/TrafficMonitor( 1322): start expired. level:-1
06-28 17:16:28.260 I/TrafficMonitor( 1322): gettimer:interval=2000
06-28 17:16:28.382 I/HwNaturalBase( 2895): [CommonHandler]: 28819Kb ram is used.
06-28 17:16:28.510 D/Nc_Chr_BT: NcBtDftManager( 2622): checkIfNeedUploadBtKPIEvent time left(mins):1316, intervalTime:1440, ExceptionEventCount:30
06-28 17:16:28.511 D/Nc_Chr_BT: NcBtDftManager( 2622): checkIfNeedUpload time left(mins):1316, intervalTime:1440
06-28 17:16:28.511 D/Nc_Chr_BT: NcBtDftManager( 2622): checkIfNeedUploadBLEAppInfo time left(mins):1316, intervalTime:1440
06-28 17:16:28.511 D/Nc_Chr_BT: NcBtDftManager( 2622): checkIfNeedUpload time left(mins):1316, intervalTime:1440
06-28 17:16:28.511 D/Nc_Chr_BT: NcBtDftManager( 2622): checkIfNeedUploadDevInfo time left(mins):1316, intervalTime:1440
06-28 17:16:28.511 D/Nc_Chr_BT: NcBtDftManager( 2622): checkIfNeedUpload time left(mins):1316, intervalTime:1440
06-28 17:16:29.138 I/netd    (  640): trafficSwapActiveStatsMap() <9.37ms>
06-28 17:16:29.688 I/HwNaturalBase( 2456): [CommonHandler]: 26863Kb ram is used.
06-28 17:16:29.995 E/HwModemCapability( 2675): isCapabilitySupport java.lang.StringIndexOutOfBoundsException: length=7; index=7
06-28 17:16:29.999 E/WificondControl( 1322): Noise: 0, Snr: -85, Chload: 66
06-28 17:16:30.001 E/HwModemCapability( 2358): isCapabilitySupport java.lang.StringIndexOutOfBoundsException: length=7; index=7
06-28 17:16:30.003 E/HwModemCapability( 2622): isCapabilitySupport java.lang.StringIndexOutOfBoundsException: length=7; index=7
06-28 17:16:30.004 I/chatty  ( 2622): uid=1000(system) com.huawei.hiview identical 8 lines
06-28 17:16:30.004 E/HwModemCapability( 2622): isCapabilitySupport java.lang.StringIndexOutOfBoundsException: length=7; index=7
06-28 17:16:30.005 E/HwModemCapability( 4578): isCapabilitySupport java.lang.StringIndexOutOfBoundsException: length=7; index=7
06-28 17:16:30.005 E/HwModemCapability( 2622): isCapabilitySupport java.lang.StringIndexOutOfBoundsException: length=7; index=7
06-28 17:16:30.005 I/chatty  ( 2622): uid=1000(system) com.huawei.hiview identical 1 line
06-28 17:16:30.005 E/HwModemCapability( 2622): isCapabilitySupport java.lang.StringIndexOutOfBoundsException: length=7; index=7
06-28 17:16:30.006 E/HwModemCapability( 2622): isCapabilitySupport java.lang.StringIndexOutOfBoundsException: length=7; index=7
06-28 17:16:30.007 E/HwModemCapability( 2622): isCapabilitySupport java.lang.StringIndexOutOfBoundsException: length=7; index=7
06-28 17:16:30.009 I/chatty  ( 2622): uid=1000(system) com.huawei.hiview identical 8 lines
06-28 17:16:30.009 E/HwModemCapability( 2622): isCapabilitySupport java.lang.StringIndexOutOfBoundsException: length=7; index=7
06-28 17:16:30.009 E/HwModemCapability( 2003): isCapabilitySupport java.lang.StringIndexOutOfBoundsException: length=7; index=7
06-28 17:16:30.009 E/HwModemCapability( 2622): isCapabilitySupport java.lang.StringIndexOutOfBoundsException: length=7; index=7
06-28 17:16:30.009 E/HwModemCapability( 2622): isCapabilitySupport java.lang.StringIndexOutOfBoundsException: length=7; index=7
06-28 17:16:30.009 E/HwModemCapability( 2003): isCapabilitySupport java.lang.StringIndexOutOfBoundsException: length=7; index=7
06-28 17:16:30.009 E/HwModemCapability( 2622): isCapabilitySupport java.lang.StringIndexOutOfBoundsException: length=7; index=7
06-28 17:16:30.010 I/chatty  ( 2622): uid=1000(system) com.huawei.hiview identical 1 line
06-28 17:16:30.010 E/HwModemCapability( 2622): isCapabilitySupport java.lang.StringIndexOutOfBoundsException: length=7; index=7
06-28 17:16:30.010 E/HwModemCapability( 2003): isCapabilitySupport java.lang.StringIndexOutOfBoundsException: length=7; index=7
06-28 17:16:30.010 E/HwModemCapability( 2622): isCapabilitySupport java.lang.StringIndexOutOfBoundsException: length=7; index=7
06-28 17:16:30.010 E/HwModemCapability( 2622): isCapabilitySupport java.lang.StringIndexOutOfBoundsException: length=7; index=7
06-28 17:16:30.011 I/OllieUtils( 2500): getNetworkTypeBySubId, nsaState is 1, isDataInService is true
06-28 17:16:30.013 I/HwUidTcpMonitor( 1322): TcpStatisticsRun run
06-28 17:16:30.013 I/HwWifiProServiceProxy( 1322): ctrlHwWifiNetwork pkgName: WIFIPRO_SERVICE interfaceId: 79
06-28 17:16:30.013 D/WiFi_PRO( 1322): MSG_RETURN_AP_CURRY_RSSI rssi = -58
06-28 17:16:30.013 I/QosMonitor( 1322): queryRtt: rttType = 3
06-28 17:16:30.013 I/HwWifiProServiceProxy( 1322): ctrlHwWifiNetwork pkgName: WIFIPRO_SERVICE interfaceId: 8
06-28 17:16:30.013 I/HwWifiProServiceProxy( 1322): TcpStatisticsRun run
06-28 17:16:30.014 I/QosMonitor( 1322): postEventFromNative: msg=100,arg1=4,arg2=10
06-28 17:16:30.014 I/MQoS    ( 1322): onSignal: mSubId=1,currDataSubID=1
06-28 17:16:30.016 E/HwModemCapability( 1322): isCapabilitySupport java.lang.StringIndexOutOfBoundsException: unknown reason
06-28 17:16:30.016 I/MQoS    ( 1322): received cell-signal:5
06-28 17:16:30.017 E/HwModemCapability( 2500): isCapabilitySupport java.lang.StringIndexOutOfBoundsException: length=7; index=7
06-28 17:16:30.017 E/HwModemCapability( 2500): isCapabilitySupport java.lang.StringIndexOutOfBoundsException: length=7; index=7
06-28 17:16:30.017 E/HwModemCapability( 1322): isCapabilitySupport java.lang.StringIndexOutOfBoundsException: unknown reason
06-28 17:16:30.018 E/HwModemCapability( 2003): isCapabilitySupport java.lang.StringIndexOutOfBoundsException: length=7; index=7
06-28 17:16:30.019 I/HidataAppQoeP( 2500): handleStateChanged reason=6
06-28 17:16:30.021 E/HwModemCapability( 2003): isCapabilitySupport java.lang.StringIndexOutOfBoundsException: length=7; index=7
06-28 17:16:30.023 E/HwModemCapability( 2622): isCapabilitySupport java.lang.StringIndexOutOfBoundsException: length=7; index=7
06-28 17:16:30.025 I/PreDnsQuery( 2500): handleStateChanged reason=6
06-28 17:16:30.027 I/BrowserChrP( 2500): handleStateChanged
06-28 17:16:30.026 I/chatty  ( 2622): uid=1000(system) com.huawei.hiview identical 16 lines
06-28 17:16:30.026 E/HwModemCapability( 2622): isCapabilitySupport java.lang.StringIndexOutOfBoundsException: length=7; index=7
06-28 17:16:30.263 I/TrafficMonitor( 1322): update:rxPkts:0,txPkts:0,rxBytes:0,txBytes:0
06-28 17:16:30.263 I/TrafficMonitor( 1322): start expired. level:-1
06-28 17:16:30.263 I/TrafficMonitor( 1322): gettimer:interval=5000
06-28 17:16:30.336 I/PrintWorker( 4048): PrintWoker poll timeout , shutdown
06-28 17:16:30.337 E/LogWrite( 4048): logDirPath or logFileName is empty
06-28 17:16:30.843 I/HiDecision(12401): HwRecSysApp: Current memory less than standard
06-28 17:16:30.901 E/SurfaceFlinger(  720): doPartialComposeImpl: reject partial compose request.
06-28 17:16:30.944 E/WifiHAL (  714): enter wifi_get_link_stats
06-28 17:16:30.946 E/WificondControl( 1322): Noise: 0, Snr: -85, Chload: 66
06-28 17:16:30.949 V/HwWifiServiceFactory( 1322): get AllImpl object = com.android.server.wifi.HwWifiServiceFactoryImpl@4d4cafb
06-28 17:16:30.954 D/TelephonyManager( 1322): getAllCellInfo calling app is android
06-28 17:16:30.955 W/PhoneInterfaceManager( 2675): shouldBlockLocation running ...
06-28 17:16:30.955 I/PhoneInterfaceManager( 2675): shouldBlockLocation  ret:false
06-28 17:16:31.257 I/TrafficMonitor( 1322): expired arrive. level:-1
06-28 17:16:31.257 I/TrafficMonitor( 1322): during_ms:2003,period_ms:2000
06-28 17:16:31.257 I/TrafficMonitor( 1322): count:851,rx_sum:0,tx_sum:0,rxBytes:0,during_ms:2003,rx_speed:0.0,tx_speed:0.0,rto:0.0
06-28 17:16:31.413 I/OPCollectLog( 2622): OdmfActionManager:handleMessage msg: 101
06-28 17:16:31.413 I/OPCollectLog( 2622): OdmfActionManager:The next trigger timer: 19723000ms later
06-28 17:16:31.419 I/OPCollectLog( 2622): OdmfActionManager:scheduleAlarms:7200000
06-28 17:16:31.419 I/OPCollectLog( 2622): OdmfActionManager:repeating timer com.huawei.opcollect.action.halfhour_timetick
06-28 17:16:31.420 V/BroadcastQueue( 1322): Finished with ordered broadcast BroadcastRecord{5403527 u0 com.huawei.opcollect.action.halfhour_timetick}
06-28 17:16:31.460 I/ProcessStatsService( 1322): Pruning old procstats: /data/system/procstats/state-2020-06-26-19-23-22.bin
06-28 17:16:31.852 I/HwNaturalBase( 2456): [IndexServiceGuarderHandler]: IndexDataMonitor: checkIndexTask start.
06-28 17:16:31.852 I/HwNaturalBase( 2456): [IndexServiceGuarderHandler]: Service not registered.
06-28 17:16:31.853 W/ContextImpl( 2456): Calling a method in the system process without a qualified user: android.app.ContextImpl.bindService:1753 android.content.ContextWrapper.bindService:705 com.huawei.nb.client.RemoteServiceConnection.open:126 com.huawei.nb.client.Proxy.connect:166 com.huawei.nb.searchmanager.searchengine.service.DataServiceProxyManager.connectDataService:80 
06-28 17:16:31.857 D/HwNaturalBase( 2456): [IndexServiceGuarderHandler]: Succeed to open connection to NaturalBase Data Service.
06-28 17:16:31.857 I/HwNaturalBase( 2456): [main]: onServiceConnected invoke.
06-28 17:16:31.857 I/HwNaturalBase( 2456): [main]: Connection got remote is true
06-28 17:16:31.858 I/HwNaturalBase( 2456): [main]: Succeed to connect to NaturalBase Data Service.
06-28 17:16:31.862 I/HwNaturalBase( 2456): [IndexServiceGuarderHandler]: IndexDataMonitor: checkTmpIndexData start.
06-28 17:16:31.863 I/HwNaturalBase( 2456): [IndexServiceGuarderHandler]: IndexDataMonitor: checkIndexData start.
06-28 17:16:31.921 W/migration/6(   47): type=1400 audit(0.0:82695): avc: granted { setsched } for pid=47 scontext=u:r:kernel:s0 tcontext=u:r:kernel:s0 tclass=process
06-28 17:16:31.921 W/migration/7(   53): type=1400 audit(0.0:82696): avc: granted { setsched } for pid=53 scontext=u:r:kernel:s0 tcontext=u:r:kernel:s0 tclass=process
06-28 17:16:32.061 W/migration/7(   53): type=1400 audit(0.0:82697): avc: granted { setsched } for pid=53 scontext=u:r:kernel:s0 tcontext=u:r:kernel:s0 tclass=process
06-28 17:16:32.061 W/migration/6(   47): type=1400 audit(0.0:82698): avc: granted { setsched } for pid=47 scontext=u:r:kernel:s0 tcontext=u:r:kernel:s0 tclass=process
06-28 17:16:32.306 I/netd    (  640): trafficSwapActiveStatsMap() <11.38ms>
06-28 17:16:33.764 E/SurfaceFlinger(  720): doPartialComposeImpl: reject partial compose request.
06-28 17:16:33.963 E/WifiHAL (  714): enter wifi_get_link_stats
06-28 17:16:33.973 E/WificondControl( 1322): Noise: 0, Snr: -85, Chload: 127
06-28 17:16:33.977 V/HwWifiServiceFactory( 1322): get AllImpl object = com.android.server.wifi.HwWifiServiceFactoryImpl@4d4cafb
06-28 17:16:33.986 D/TelephonyManager( 1322): getAllCellInfo calling app is android
06-28 17:16:33.987 W/PhoneInterfaceManager( 2675): shouldBlockLocation running ...
06-28 17:16:33.987 I/PhoneInterfaceManager( 2675): shouldBlockLocation  ret:false
06-28 17:16:34.005 W/migration/6(   47): type=1400 audit(0.0:82699): avc: granted { setsched } for pid=47 scontext=u:r:kernel:s0 tcontext=u:r:kernel:s0 tclass=process
06-28 17:16:34.005 W/migration/7(   53): type=1400 audit(0.0:82700): avc: granted { setsched } for pid=53 scontext=u:r:kernel:s0 tcontext=u:r:kernel:s0 tclass=process
06-28 17:16:34.145 E/SurfaceFlinger(  720): doPartialComposeImpl: reject partial compose request.
06-28 17:16:34.166 I/netd    (  640): trafficSwapActiveStatsMap() <15.09ms>
06-28 17:16:34.201 D/HwConnectivityServiceEx( 1322): set cache by key is 1000 interfaceName iswlan0 value is false
06-28 17:16:34.202 D/ConnectivityService( 1322): get Network state from cache, cacheBlock is 0
06-28 17:16:34.309 W/migration/7(   53): type=1400 audit(0.0:82701): avc: granted { setsched } for pid=53 scontext=u:r:kernel:s0 tcontext=u:r:kernel:s0 tclass=process
06-28 17:16:34.309 W/migration/6(   47): type=1400 audit(0.0:82702): avc: granted { setsched } for pid=47 scontext=u:r:kernel:s0 tcontext=u:r:kernel:s0 tclass=process
06-28 17:16:35.258 I/fwkit_EvilKitRecognitionService( 4262): [I/fwkit/fwkit_EvilKitRecognitionService 4262:211 EvilKitRecognitionService.java:821] memory monitor handler send delay message(5 min)
06-28 17:16:35.258 D/LogWrite( 4262): wtf Exception
06-28 17:16:35.258 D/AppLogManager( 4262): PrintWoker poll timeout , shutdown
06-28 17:16:35.259 I/fwkit_kams_scheduler( 4262): [I/fwkit/fwkit_kams_scheduler 4262:211 StubScheduler.java:298]  [ KAMS ] RemoteConfig ProcessName: { com.huawei.hwid.container3}
06-28 17:16:35.259 D/LogWrite( 4262): wtf Exception
06-28 17:16:35.259 D/AppLogManager( 4262): PrintWoker poll timeout , shutdown
06-28 17:16:35.259 I/fwkit_kams( 4262): [I/fwkit/fwkit_kams 4262:211 KAMSServiceController.java:856] [getKcsForAIDLRequest] Assign com.huawei.hwid.container3 for ekr aidl request
06-28 17:16:35.259 D/LogWrite( 4262): wtf Exception
06-28 17:16:35.259 D/AppLogManager( 4262): PrintWoker poll timeout , shutdown
06-28 17:16:35.263 I/fwkit_HmsProfiler(11865): [I/fwkit/fwkit_HmsProfiler 11865:583 HmsProfiler.java:218] simple not upload or memory flag is false.
06-28 17:16:35.263 I/fwkit_msg_invoke_remote(11865): [I/fwkit/fwkit_msg_invoke_remote 11865:583 AIDLInvokeRemote.java:85] execute requestId:2f2427cb-e4d9-4247-8777-cf61925fdec1 uri:ekr.memory
06-28 17:16:35.263 I/fwkit_HmsProfiler(11865): [I/fwkit/fwkit_HmsProfiler 11865:583 HmsProfiler.java:260] simple not upload trace info.
06-28 17:16:35.263 I/fwkit_msg_fr(11865): [I/fwkit/fwkit_msg_fr 11865:583 FinderRemote.java:76] findRequest uri: ekr.memory apiLevel: 1
06-28 17:16:35.264 I/fwkit_HmsProfiler(11865): [I/fwkit/fwkit_HmsProfiler 11865:583 HmsProfiler.java:260] simple not upload trace info.
06-28 17:16:35.264 I/fwkit_kac_kitloader(11865): [I/fwkit/fwkit_kac_kitloader 11865:583 KitLoaderManager.java:175] Kit already exits, no need to reload 
06-28 17:16:35.264 I/fwkit_msg_aidl_request(11865): [I/fwkit/fwkit_msg_aidl_request 11865:583 AIDLRequest.java:119] execute, uri: ekr.memory
06-28 17:16:35.264 I/fwkit_ekr_tm(11865): addTask: MemoryTask
06-28 17:16:35.264 I/fwkit_ekr_tm(11865): bindService
06-28 17:16:35.265 I/fwkit_kams( 4262): [I/fwkit/fwkit_kams 4262:358 KAMSServiceController.java:464]  [ KAMS ] Service Kit ComponentName: {com.huawei.hms.ekr/com.huawei.hms.ekr.TaskService}
06-28 17:16:35.265 D/LogWrite( 4262): wtf Exception
06-28 17:16:35.265 D/AppLogManager( 4262): PrintWoker poll timeout , shutdown
06-28 17:16:35.265 I/fwkit_kpms_dbwrapper( 4262): [I/fwkit/fwkit_kpms_dbwrapper 4262:358 DBAndCacheWrapper.java:1229] getValidPluginKey: valid plugin has found: com.huawei.hms.ekr
06-28 17:16:35.265 D/LogWrite( 4262): wtf Exception
06-28 17:16:35.265 D/AppLogManager( 4262): PrintWoker poll timeout , shutdown
06-28 17:16:35.266 I/fwkit_kams_scheduler( 4262): [I/fwkit/fwkit_kams_scheduler 4262:358 StubScheduler.java:258]  [ KAMS ] RemoteConfig ProcessName: { com.huawei.hwid.container3}
06-28 17:16:35.266 I/fwkit_kpms_dbwrapper( 4262): [I/fwkit/fwkit_kpms_dbwrapper 4262:358 DBAndCacheWrapper.java:1229] getValidPluginKey: valid plugin has found: com.huawei.hms.ekr
06-28 17:16:35.266 W/fwkit_breaker_utils( 4262): [W/fwkit/fwkit_breaker_utils 4262:358 BreakerUtils.java:172] isKitNeedBreakerPkg kitBreakerInfos is null or empty
06-28 17:16:35.267 I/fwkit_kpms_dbwrapper( 4262): [I/fwkit/fwkit_kpms_dbwrapper 4262:358 DBAndCacheWrapper.java:1229] getValidPluginKey: valid plugin has found: com.huawei.hms.ekr
06-28 17:16:35.267 D/LogWrite( 4262): wtf Exception
06-28 17:16:35.267 I/chatty  ( 4262): uid=10074(com.huawei.hwid) Core-LogWrite identical 2 lines
06-28 17:16:35.267 D/LogWrite( 4262): wtf Exception
06-28 17:16:35.267 D/AppLogManager( 4262): PrintWoker poll timeout , shutdown
06-28 17:16:35.268 I/TrafficMonitor( 1322): update:rxPkts:1,txPkts:0,rxBytes:72,txBytes:0
06-28 17:16:35.268 I/TrafficMonitor( 1322): start expired. level:-1
06-28 17:16:35.268 I/TrafficMonitor( 1322): gettimer:interval=5000
06-28 17:16:35.269 D/AppLogManager(11865): PrintWoker poll timeout , shutdown
06-28 17:16:35.271 I/fwkit_kac_kitloader(11865): [I/fwkit/fwkit_kac_kitloader 11865:558 KitLoaderManager.java:175] Kit already exits, no need to reload 
06-28 17:16:35.272 D/AppLogManager(11865): PrintWoker poll timeout , shutdown
06-28 17:16:35.275 I/fwkit_kac_service_help(11865): [I/fwkit/fwkit_kac_service_help 11865:1 ContainerServiceHelper.java:62] ContainerServiceHelper instance be created!
06-28 17:16:35.276 D/AppLogManager(11865): PrintWoker poll timeout , shutdown
06-28 17:16:35.276 I/fwkit_HmsProfiler(11865): [I/fwkit/fwkit_HmsProfiler 11865:583 HmsProfiler.java:218] simple not upload or memory flag is false.
06-28 17:16:35.276 I/fwkit_MemoryTask(11865): MemoryTask start.
06-28 17:16:35.276 I/fwkit_MemoryTask(11865): runMonitorTask run comming.
06-28 17:16:35.276 I/fwkit_EkrUtil(11865): Is China ROM and no need to check ANALYTICS_STATE
06-28 17:16:35.277 I/fwkit_kams_session( 4262): [I/fwkit/fwkit_kams_session 4262:358 SessionManager.java:165] [verifySession] passed!
06-28 17:16:35.277 D/AppLogManager(11865): PrintWoker poll timeout , shutdown
06-28 17:16:35.277 D/LogWrite( 4262): wtf Exception
06-28 17:16:35.277 D/AppLogManager( 4262): PrintWoker poll timeout , shutdown
06-28 17:16:35.278 I/fwkit_kac_kitloader(11865): [I/fwkit/fwkit_kac_kitloader 11865:1 KitLoaderManager.java:175] Kit already exits, no need to reload 
06-28 17:16:35.279 I/fwkit_process_utils(11865): [getFwkProcsNoOOBE] fwk process set 7[com.huawei.hwid.nobreakcontainer, com.huawei.hwid.persistent, com.huawei.hwid.core, com.huawei.hwid.container1, com.huawei.hwid.container2, com.huawei.hwid, com.huawei.hwid.container3]
06-28 17:16:35.279 I/fwkit_MemoryTask(11865): uploadMemInfo comming.
06-28 17:16:35.279 I/fwkit_kac_kitloader(11865): [I/fwkit/fwkit_kac_kitloader 11865:1 KitLoaderManager.java:358] when inject get kit info:ekr_50000301
06-28 17:16:35.279 D/AppLogManager(11865): PrintWoker poll timeout , shutdown
06-28 17:16:35.279 I/fwkit_ekr_tm_service(11865): onCreate
06-28 17:16:35.280 I/fwkit_kac_service_dele(11865): [I/fwkit/fwkit_kac_service_dele 11865:1 ServiceDelegateImpl.java:62] kit class no need to reload again!
06-28 17:16:35.280 D/AppLogManager(11865): PrintWoker poll timeout , shutdown
06-28 17:16:35.280 I/fwkit_MemoryTask(11865): memory info need sampled, no record into db.
06-28 17:16:35.280 I/fwkit_MemoryTask(11865): uploadMemInfo comming.
06-28 17:16:35.281 D/AppLogManager(11865): PrintWoker poll timeout , shutdown
06-28 17:16:35.281 I/fwkit_kams_stubmanager( 4262): [I/fwkit/fwkit_kams_stubmanager 4262:358 StubManagerService.java:332] [ KAMS ] Notify kit ComponentName:{com.huawei.hms.ekr/com.huawei.hms.ekr.TaskService} ,Status: {1} ,stub ComponentName:{com.huawei.hwid/com.huawei.hms.runtimekit.stub.HMSKitC3NEStubService1}
06-28 17:16:35.282 D/LogWrite( 4262): wtf Exception
06-28 17:16:35.282 D/AppLogManager( 4262): PrintWoker poll timeout , shutdown
06-28 17:16:35.282 I/fwkit_MemoryTask(11865): memory info need sampled, no record into db.
06-28 17:16:35.282 I/fwkit_MemoryTask(11865): uploadMemInfo comming.
06-28 17:16:35.282 I/fwkit_EvilKitRecognitionService( 4262): [I/fwkit/fwkit_EvilKitRecognitionService 4262:211 EvilKitRecognitionService.java:639] kitComponentCreate start
06-28 17:16:35.282 D/LogWrite( 4262): wtf Exception
06-28 17:16:35.282 D/AppLogManager( 4262): PrintWoker poll timeout , shutdown
06-28 17:16:35.282 I/fwkit_kpms_dbwrapper( 4262): [I/fwkit/fwkit_kpms_dbwrapper 4262:358 DBAndCacheWrapper.java:1229] getValidPluginKey: valid plugin has found: com.huawei.hms.ekr
06-28 17:16:35.282 D/LogWrite( 4262): wtf Exception
06-28 17:16:35.282 D/AppLogManager( 4262): PrintWoker poll timeout , shutdown
06-28 17:16:35.283 I/fwkit_kams_pr( 4262): [I/fwkit/fwkit_kams_pr 4262:358 ProcessRecord.java:703] [ KAMS ] NOTIFY ONSTART SUCCESS:ComponentInfo{com.huawei.hwid/com.huawei.hms.runtimekit.stub.HMSKitC3NEStubService1}ComponentInfo{com.huawei.hms.ekr/com.huawei.hms.ekr.TaskService}
06-28 17:16:35.283 D/LogWrite( 4262): wtf Exception
06-28 17:16:35.283 D/AppLogManager( 4262): PrintWoker poll timeout , shutdown
06-28 17:16:35.283 I/fwkit_ekr_tm_service(11865): service onBind
06-28 17:16:35.283 I/fwkit_EvilKitRecognitionService( 4262): [I/fwkit/fwkit_EvilKitRecognitionService 4262:214 EvilKitRecognitionService.java:716] on event start
06-28 17:16:35.284 I/fwkit_EvilKitRecognitionService( 4262): [I/fwkit/fwkit_EvilKitRecognitionService 4262:214 EvilKitRecognitionService.java:716] on event start
06-28 17:16:35.284 I/fwkit_HmsProfiler(11865): [I/fwkit/fwkit_HmsProfiler 11865:1 HmsHiAnalyticsClient.java:125] Is China ROM and no need to check ANALYTICS_STATE
06-28 17:16:35.284 I/fwkit_HmsProfiler(11865): [I/fwkit/fwkit_HmsProfiler 11865:1 HmsProfiler.java:413] traceApiEvent input : com.huawei.hms.ekr_50000301
06-28 17:16:35.285 I/fwkit_HmsProfiler(11865): [I/fwkit/fwkit_HmsProfiler 11865:1 HmsProfiler.java:469] traceApiEvent update kit info time.
06-28 17:16:35.285 D/LogWrite( 4262): wtf Exception
06-28 17:16:35.285 D/LogWrite( 4262): wtf Exception
06-28 17:16:35.285 D/AppLogManager( 4262): PrintWoker poll timeout , shutdown
06-28 17:16:35.286 I/fwkit_HmsProfiler(11865): [I/fwkit/fwkit_HmsProfiler 11865:1 HmsProfiler.java:421] simple not upload trace info.
06-28 17:16:35.286 I/fwkit_EvilKitRecognitionService( 4262): [I/fwkit/fwkit_EvilKitRecognitionService 4262:214 EvilKitRecognitionService.java:716] on event start
06-28 17:16:35.286 D/LogWrite( 4262): wtf Exception
06-28 17:16:35.286 D/AppLogManager( 4262): PrintWoker poll timeout , shutdown
06-28 17:16:35.288 D/AppLogManager(11865): PrintWoker poll timeout , shutdown
06-28 17:16:35.289 I/fwkit_EvilKitRecognitionService( 4262): [I/fwkit/fwkit_EvilKitRecognitionService 4262:214 EvilKitRecognitionService.java:716] on event start
06-28 17:16:35.289 D/LogWrite( 4262): wtf Exception
06-28 17:16:35.289 D/AppLogManager( 4262): PrintWoker poll timeout , shutdown
06-28 17:16:35.289 I/fwkit_EvilKitRecognitionService( 4262): [I/fwkit/fwkit_EvilKitRecognitionService 4262:214 EvilKitRecognitionService.java:716] on event start
06-28 17:16:35.289 I/chatty  ( 4262): uid=10074(com.huawei.hwid) FileObserver identical 1 line
06-28 17:16:35.289 I/fwkit_EvilKitRecognitionService( 4262): [I/fwkit/fwkit_EvilKitRecognitionService 4262:214 EvilKitRecognitionService.java:716] on event start
06-28 17:16:35.289 D/LogWrite( 4262): wtf Exception
06-28 17:16:35.289 I/chatty  ( 4262): uid=10074(com.huawei.hwid) Core-LogWrite identical 1 line
06-28 17:16:35.289 D/LogWrite( 4262): wtf Exception
06-28 17:16:35.289 D/AppLogManager( 4262): PrintWoker poll timeout , shutdown
06-28 17:16:35.292 I/fwkit_ekr_tm(11865): onServiceConnected, com.huawei.hms.runtimekit.stub.HMSKitC3NEStubService1
06-28 17:16:35.293 I/fwkit_EvilKitRecognitionService( 4262): [I/fwkit/fwkit_EvilKitRecognitionService 4262:214 EvilKitRecognitionService.java:716] on event start
06-28 17:16:35.293 D/LogWrite( 4262): wtf Exception
06-28 17:16:35.293 D/AppLogManager( 4262): PrintWoker poll timeout , shutdown
06-28 17:16:35.294 I/fwkit_EvilKitRecognitionService( 4262): [I/fwkit/fwkit_EvilKitRecognitionService 4262:214 EvilKitRecognitionService.java:716] on event start
06-28 17:16:35.294 D/LogWrite( 4262): wtf Exception
06-28 17:16:35.294 D/AppLogManager( 4262): PrintWoker poll timeout , shutdown
06-28 17:16:35.294 I/fwkit_EvilKitRecognitionService( 4262): [I/fwkit/fwkit_EvilKitRecognitionService 4262:214 EvilKitRecognitionService.java:716] on event start
06-28 17:16:35.294 D/LogWrite( 4262): wtf Exception
06-28 17:16:35.294 D/AppLogManager( 4262): PrintWoker poll timeout , shutdown
06-28 17:16:35.295 D/LogWrite( 4262): wtf Exception
06-28 17:16:35.295 W/fwkit_EvilKitRecognitionService( 4262): [W/fwkit/fwkit_EvilKitRecognitionService 4262:211 EvilKitRecognitionService.java:683] event list is empty
06-28 17:16:35.295 D/AppLogManager( 4262): PrintWoker poll timeout , shutdown
06-28 17:16:35.295 D/LogWrite( 4262): wtf Exception
06-28 17:16:35.295 D/AppLogManager( 4262): PrintWoker poll timeout , shutdown
06-28 17:16:35.295 I/fwkit_EvilKitRecognitionService( 4262): [I/fwkit/fwkit_EvilKitRecognitionService 4262:211 EvilKitRecognitionService.java:659] kitComponentCreate end
06-28 17:16:35.341 W/migration/6(   47): type=1400 audit(0.0:82703): avc: granted { setsched } for pid=47 scontext=u:r:kernel:s0 tcontext=u:r:kernel:s0 tclass=process
06-28 17:16:35.341 W/migration/7(   53): type=1400 audit(0.0:82704): avc: granted { setsched } for pid=53 scontext=u:r:kernel:s0 tcontext=u:r:kernel:s0 tclass=process
06-28 17:16:35.350 W/fwkit_kpms_config( 4262): [W/fwkit/fwkit_kpms_config 4262:211 RemoteConfigManager.java:1085] getMemThreshold is null or key is null/empty
06-28 17:16:35.350 D/LogWrite( 4262): wtf Exception
06-28 17:16:35.350 D/AppLogManager( 4262): PrintWoker poll timeout , shutdown
06-28 17:16:35.350 W/fwkit_kpms_config( 4262): [W/fwkit/fwkit_kpms_config 4262:211 RemoteConfigManager.java:1077] getCoreResidentMem remoteConfig memory is invalid, use default: 61440
06-28 17:16:35.351 D/LogWrite( 4262): wtf Exception
06-28 17:16:35.351 D/AppLogManager( 4262): PrintWoker poll timeout , shutdown
06-28 17:16:35.351 I/fwkit_MemoryTask(11865): memory info need sampled, no record into db.
06-28 17:16:35.351 I/fwkit_MemoryTask(11865): uploadMemInfo comming.
06-28 17:16:35.361 D/HuaweiWifiWatchdogStateMachine( 1322): EVENT_STORE_HISTORY_QUALITY triggered!
06-28 17:16:35.362 D/HuaweiWifiWatchdogStateMachine( 1322): save bssid:08:31:**:**:bd:3c history record, mEntriesSize = 46
06-28 17:16:35.362 D/WifiProHistoryDBManager( 1322): addOrUpdateApQualityRcd enter.
06-28 17:16:35.369 D/WifiProHistoryDBManager( 1322): checkHistoryRecordExist read from:WifiProApQualityTable, get record: 1
06-28 17:16:35.373 D/WifiProHistoryDBManager( 1322): updateApQualityRcd update succ, rowChg=1
06-28 17:16:35.373 I/WifiProHistoryRecordManager( 1322): saveApQualityRecord succ.
06-28 17:16:35.389 W/fwkit_kpms_config( 4262): [W/fwkit/fwkit_kpms_config 4262:211 RemoteConfigManager.java:1042] getPersistentStartUpMem tmpMap is null, use default
06-28 17:16:35.389 D/LogWrite( 4262): wtf Exception
06-28 17:16:35.389 D/AppLogManager( 4262): PrintWoker poll timeout , shutdown
06-28 17:16:35.389 I/fwkit_MemoryTask(11865): memory info need sampled, no record into db.
06-28 17:16:35.389 I/fwkit_ekr_tm(11865): task finished MemoryTask
