06-28 17:16:42.682 I/DataSrv-10.5.0.301-O-0528-22:45-OOBEUtil( 3695): agreeOOBEPolicy agree:true ,oobeStatus:1
06-28 17:16:42.686 I/DataSrv-10.5.0.301-O-0528-22:45-GeoLocator( 3695): Get cell info size: 1
06-28 17:16:42.686 I/DataSrv-10.5.0.301-O-0528-22:45-FenceCache( 3695): Begin query fenceType from wifi and cell.
06-28 17:16:42.794 E/SurfaceFlinger(  720): doPartialComposeImpl: reject partial compose request.
06-28 17:16:42.811 V/BroadcastQueue( 1322): Finished with ordered broadcast BroadcastRecord{56a74d9 u0 alarm_action_no_wakeup}
06-28 17:16:42.831 D/HwConnectivityServiceEx( 1322): set cache by key is 1000 interfaceName iswlan0 value is false
06-28 17:16:42.832 D/ConnectivityService( 1322): get Network state from cache, cacheBlock is 0
06-28 17:16:42.835 I/LocationManagerService( 1322): requestingHighPowerLocation = false
06-28 17:16:42.837 D/NcDft_ServiceImpl( 2622): notifyNcDftEvent domain is : 0 ;eventID is: 106 ;List is [{"receiver_hash":"540b299","pkg":"com.huawei.spaceservice","is_start":true,"apk_time_stamp":1593335802837,"is_success":false}]
06-28 17:16:42.838 D/NcDft_ServiceImpl( 2622): notifyNcDftEvent domain is : 0 ;eventID is: 31 ;List is [network, 540b299, com.huawei.spaceservice, apkstart, 1593335802838]
06-28 17:16:42.841 D/NcDft_ServiceImpl( 2622): notifyNcDftEvent domain is : 0 ;eventID is: 0 ;List is [10000, network]
06-28 17:16:42.842 D/NcDft_GnssDftManager( 2622):  mProvider : network , requestInterval10000
06-28 17:16:42.842 I/LocationManagerService( 1322): network chr update
06-28 17:16:42.842 I/LocationManagerService( 1322): mPackageName = com.huawei.spaceservice, interval = 10000, provider:network
06-28 17:16:42.842 I/LocationManagerService( 1322): requestingHighPowerLocation = false
06-28 17:16:42.842 D/NcDft_GnssDataStatisticsManager( 2622): increaseGnssStatisticCount, counttype = 7
06-28 17:16:42.832 D/ConnectivityService( 1322): get Network state from cache, cacheBlock is 0
06-28 17:16:42.843 W/ContextImpl( 1322): Calling a method in the system process without a qualified user: android.app.ContextImpl.sendBroadcast:5982924 com.android.server.location.HwLocalLocationManager$LocalLocationHandler.handleMessage:11209772 android.os.Handler.dispatchMessage:8292308 android.os.Looper.loop:6545136 com.android.server.SystemServer.run:3024400 
06-28 17:16:42.843 W/ActivityManager( 1322): Sending non-protected broadcast action_inject_location from system 1322:system/1000 pkg android
06-28 17:16:42.844 W/ActivityManager( 1322): Sending non-protected broadcast action_inject_location from system 1322:system/1000 pkg android
06-28 17:16:42.844 D/NcDft_GnssDataBaseManager( 2622): check If statistic database exist, record Count=1
06-28 17:16:42.847 D/HIGNSS_ADAPTER(  696): Receive hisi_inject_location cmd, accuracy:30.000000
06-28 17:16:42.847 D/HIGNSS_ADAPTER(  696): hisi_cmd_process called, cmd id:6
06-28 17:16:42.848 D/NcDft_ServiceImpl( 2622): notifyNcDftEvent domain is : 0 ;eventID is: 24 ;List is [ref_location]
06-28 17:16:42.848 D/NcDft_GnssDftManager( 2622): handlerInjectExtraParam ref_location
06-28 17:16:42.848 D/NcDft_GnssDataBaseManager( 2622): writeGnssDB succ, rowChg=1
06-28 17:16:42.929 W/migration/7(   53): type=1400 audit(0.0:82708): avc: granted { setsched } for pid=53 scontext=u:r:kernel:s0 tcontext=u:r:kernel:s0 tclass=process
06-28 17:16:42.997 I/HwMSDPMovementManager(11761): getCurrentMovement type 0
06-28 17:16:42.998 D/ARMoudle.HwActivityRecognition( 2456): getCurrentActivityExtend
06-28 17:16:42.999 I/ArHal   (  676): (ArDataGetState:1335):id[2]
06-28 17:16:42.999 W/ArHal   (  676): (ArDataGetActivityIndex:233):invalid activity[31]
06-28 17:16:43.000 W/ArHal   (  676): (ArDataGetState:1366):unknown activity[31], discard
06-28 17:16:43.001 D/ARMoudle.HwActivityRecognition( 2456): hwActivityEvent: 4,1,1650254554477,100
06-28 17:16:43.001 D/ARMoudle.HwActivityRecognition( 2456): hwActivityEvent: 12,1,1674354445415,-1
06-28 17:16:43.002 D/ConnectivityService( 1322): get Network state from cache, cacheBlock is 0
06-28 17:16:43.005 I/HwMSDPMovementManager(11761): getCurrentMovement type 0
06-28 17:16:43.006 D/ARMoudle.HwActivityRecognition( 2456): getCurrentActivityExtend
06-28 17:16:43.006 I/DataSrv-10.5.0.301-O-0528-22:45-FenceCache( 3695): Result type: -1
06-28 17:16:43.006 E/DataSrv-10.5.0.301-O-0528-22:45-FenceCache( 3695): fenceData is null !
06-28 17:16:43.006 I/DataSrv-10.5.0.301-O-0528-22:45-FenceCache( 3695): Query failed!
06-28 17:16:43.007 W/Settings( 3695): Setting airplane_mode_on has moved from android.provider.Settings.System to android.provider.Settings.Global, returning read-only value.
06-28 17:16:43.007 I/ArHal   (  676): (ArDataGetState:1335):id[2]
06-28 17:16:43.007 I/DataSrv-10.5.0.301-O-0528-22:45-NetworkUtils( 3695): air plane: false
06-28 17:16:43.007 W/Settings( 3695): Setting airplane_mode_on has moved from android.provider.Settings.System to android.provider.Settings.Global, returning read-only value.
06-28 17:16:43.007 I/DataSrv-10.5.0.301-O-0528-22:45-NetworkUtils( 3695): air plane: false
06-28 17:16:43.007 W/ArHal   (  676): (ArDataGetActivityIndex:233):invalid activity[31]
06-28 17:16:43.007 W/ArHal   (  676): (ArDataGetState:1366):unknown activity[31], discard
06-28 17:16:43.008 D/ARMoudle.HwActivityRecognition( 2456): hwActivityEvent: 4,1,1650254554477,100
06-28 17:16:43.008 D/ARMoudle.HwActivityRecognition( 2456): hwActivityEvent: 12,1,1674354445415,-1
06-28 17:16:43.009 E/DataSrv-10.5.0.301-O-0528-22:45-PackageUtils( 3695): NameNotFoundException: service apk is not installed
06-28 17:16:43.009 I/DataSrv-10.5.0.301-O-0528-22:45-OOBEUtil( 3695): agreeOOBEPolicy agree:true ,oobeStatus:1
06-28 17:16:43.011 I/PowerKitApi(11761): match for intent,  packageName:com.huawei.powergenie className:com.huawei.android.powerkit.PowerKitService
06-28 17:16:43.012 W/ContextImpl(11761): Calling a method in the system process without a qualified user: android.app.ContextImpl.bindService:1753 android.content.ContextWrapper.bindService:705 com.huawei.android.powerkit.adapter.PowerKitApi.bindPowerKitService:85 com.huawei.android.powerkit.adapter.PowerKitApi.<init>:74 com.huawei.android.powerkit.HuaweiPowerKit.<init>:37 
06-28 17:16:43.013 I/DataSrv-10.5.0.301-O-0528-22:45-GeoLocator( 3695): Get hard cell info from slotId: 1
06-28 17:16:43.014 E/DataSrv-10.5.0.301-O-0528-22:45-PackageUtils( 3695): NameNotFoundException: service apk is not installed
06-28 17:16:43.014 I/DataSrv-10.5.0.301-O-0528-22:45-OOBEUtil( 3695): agreeOOBEPolicy agree:true ,oobeStatus:1
06-28 17:16:43.016 I/DataSrv-10.5.0.301-O-0528-22:45-GeoLocator( 3695): Get cell info size: 1
06-28 17:16:43.016 I/DataSrv-10.5.0.301-O-0528-22:45-GeoLocator( 3695): Get mcc shaking cell info size: 1
06-28 17:16:43.017 V/PowerKitApi(11761): bind powerkit service, ret = true
06-28 17:16:43.019 I/HwMSDPMovementManager(11761): getCurrentMovement type 0
06-28 17:16:43.020 D/ARMoudle.HwActivityRecognition( 2456): getCurrentActivityExtend
06-28 17:16:43.021 I/ArHal   (  676): (ArDataGetState:1335):id[2]
06-28 17:16:43.021 W/ArHal   (  676): (ArDataGetActivityIndex:233):invalid activity[31]
06-28 17:16:43.021 W/ArHal   (  676): (ArDataGetState:1366):unknown activity[31], discard
06-28 17:16:43.022 D/ARMoudle.HwActivityRecognition( 2456): hwActivityEvent: 4,1,1650254554477,100
06-28 17:16:43.022 D/ARMoudle.HwActivityRecognition( 2456): hwActivityEvent: 12,1,1674354445415,-1
06-28 17:16:43.023 V/PowerKitApi(11761): Powerkit service connected
06-28 17:16:43.023 I/PowerKit_Impl( 2358): apply pkg: com.huawei.lbs resource:512 timeout:60000 reason:apply exemption for lbs
06-28 17:16:43.023 I/AppResManager( 2358): Request interaction :{com.huawei.lbs 512 1892841}
06-28 17:16:43.023 I/PGServer( 2358): report state:12 event type:1 pid:-1 uid:0 pkg:com.huawei.lbs#1892841 to pid: 1322
06-28 17:16:43.029 I/DataSrv-10.5.0.301-O-0528-22:45-GeoStateMachine-GeneratePolicyRunner( 3695): CurrentTime: 1593335803029 startTime: 1562003092143
06-28 17:16:43.029 I/DataSrv-10.5.0.301-O-0528-22:45-GeoStateMachine-GeoBaseState( 3695): process message: 1current state: GeneralState
06-28 17:16:43.029 I/DataSrv-10.5.0.301-O-0528-22:45-GeoStateMachine-GeneratePolicyRunner( 3695): Already later than startTime!
06-28 17:16:43.029 I/DataSrv-10.5.0.301-O-0528-22:45-GeoStateMachine-GeneratePolicyRunner( 3695): Predication size less than 2!
06-28 17:16:43.029 W/AlarmManager( 3695): Unrecognized alarm listener com.huawei.skytone.base.timer.VSimCommonTimer$VSimAlarmListener@849b47f
06-28 17:16:43.030 I/WifiService( 1322): startScan uid=1000
06-28 17:16:43.030 D/HwMSDPDeviceStatus( 1322): getCurrentDeviceStatus
06-28 17:16:43.031 D/ARMoudle.HwActivityRecognition( 2456): getCurrentActivityExtend
06-28 17:16:43.031 I/ArHal   (  676): (ArDataGetState:1335):id[2]
06-28 17:16:43.032 W/ArHal   (  676): (ArDataGetActivityIndex:233):invalid activity[31]
06-28 17:16:43.032 W/ArHal   (  676): (ArDataGetState:1366):unknown activity[31], discard
06-28 17:16:43.032 E/DataSrv-10.5.0.301-O-0528-22:45-VSimTripleCardInterface( 3695): subId is invalid, mode: 0
06-28 17:16:43.032 E/DataSrv-10.5.0.301-O-0528-22:45-VSimUtils( 3695): vsim subId is illegal:-1
06-28 17:16:43.032 W/DataSrv-10.5.0.301-O-0528-22:45-PlmnUtils( 3695): plmn is null.
06-28 17:16:43.032 E/DataSrv-10.5.0.301-O-0528-22:45-CoverageMgr( 3695): getMasterMcc, input mcc is empty.
06-28 17:16:43.032 D/ARMoudle.HwActivityRecognition( 2456): hwActivityEvent: 4,1,1650254554477,100
06-28 17:16:43.032 D/ARMoudle.HwActivityRecognition( 2456): hwActivityEvent: 12,1,1674354445415,-1
06-28 17:16:43.032 I/HwAlarmManagerService( 1322): hwSetAlarm listenerTag: GeneratePolicyRunner_COLLECT_REPEAT_TAG
06-28 17:16:43.033 I/DataSrv-10.5.0.301-O-0528-22:45-VSimCommonTimer( 3695): requestAlarmManagerTimer set Timer success :GeneratePolicyRunner_COLLECT_REPEAT_TAG to be triggerred after 900000 millis.
06-28 17:16:43.035 D/WifiClientModeImpl( 1322): PkgInfo--uid=1000, processName=com.huawei.lbs,pid=11761
06-28 17:16:43.035 D/WifiClientModeImpl( 1322): wifi_scan pid[11761] is not correct or is charging. mIsScanCtrlPluggedin = true isInGlobalScanCtrl = false
06-28 17:16:43.036 D/WifiConfigManager( 1322): retrieve sorted hiddenLists_SSID=
06-28 17:16:43.037 I/WifiScanLog( 1322): Key#10: start new Scan by --ScanRequestProxyScanListener 
06-28 17:16:43.037 D/HwWifiCHRStateManager( 2622): handleMessage : 1030
06-28 17:16:43.037 D/HwWifiStatStore( 2622): setAPKActionName mCurApkAction is null: com.huawei.lbs
06-28 17:16:43.037 D/HwWifiStatStore( 2622): updateApkChangewWifiStatus APKName is com.huawei.lbs, apkAction 4
06-28 17:16:43.049 I/HwAlarmManagerService( 1322): hwSetAlarm listenerTag: WificondScannerImpl Scan Timeout
06-28 17:16:43.055 E/WifiHAL (  714): enter wifi_get_link_stats
06-28 17:16:43.056 D/wpa_supplicant( 2042): nl80211: Drv Event 33 (NL80211_CMD_TRIGGER_SCAN) received for wlan0
06-28 17:16:43.057 D/wpa_supplicant( 2042): wlan0: nl80211: Scan trigger
06-28 17:16:43.057 D/wpa_supplicant( 2042): wlan0: Event SCAN_STARTED (46) received
06-28 17:16:43.057 D/wpa_supplicant( 2042): wlan0: External program started a scan
06-28 17:16:43.070 I/DataSrv-10.5.0.301-O-0528-22:45-OutboundInfoCollector( 3695): LocationEvent received.
06-28 17:16:43.071 I/DataSrv-10.5.0.301-O-0528-22:45-ServicePersistRecorder( 3695): Record on location event.
06-28 17:16:43.073 I/DataSrv-10.5.0.301-O-0528-22:45-ServicePersistRecorder( 3695): It's not time for recording service persist state. Last record time: 2020-06-28 12:12:03
06-28 17:16:43.073 I/DataSrv-10.5.0.301-O-0528-22:45-ServicePersistRecorder( 3695): update log enter. 
06-28 17:16:43.073 I/DataSrv-10.5.0.301-O-0528-22:45-ServicePersistRecorder( 3695): needUpload: servicePersistStateSet capacity is: 3
06-28 17:16:43.075 E/DataSrv-10.5.0.301-O-0528-22:45-ServicePersistRecorder( 3695): no need to upload log
06-28 17:16:43.075 I/DataSrv-10.5.0.301-O-0528-22:45-GeoStateMachine( 3695): To new Fence. Type: -1
06-28 17:16:43.075 I/DataSrv-10.5.0.301-O-0528-22:45-PortProcessor( 3695): locationInfo's fenceId is invalid, take last fenceId.
06-28 17:16:43.075 I/DataSrv-10.5.0.301-O-0528-22:45-PortProcessor( 3695): there is no valid fenceId, discard.
06-28 17:16:43.075 I/DataSrv-10.5.0.301-O-0528-22:45-TrainProcessor( 3695): locationInfo's fenceId is invalid, take last fenceId.
06-28 17:16:43.075 I/DataSrv-10.5.0.301-O-0528-22:45-TrainProcessor( 3695): there is no valid fenceId, discard.
06-28 17:16:43.075 I/DataSrv-10.5.0.301-O-0528-22:45-GeoLocationHistory( 3695): BayesianClassification not support for fenceType: -1
06-28 17:16:43.076 I/DataSrv-10.5.0.301-O-0528-22:45-GeoLocationHistory( 3695): currentStableType: -1
06-28 17:16:43.076 I/DataSrv-10.5.0.301-O-0528-22:45-GeoLocationHistory( 3695): isEnableBayesianClassification: false
06-28 17:16:43.076 I/DataSrv-10.5.0.301-O-0528-22:45-GeoStateMachine( 3695): Publish new fence event. Type: -1
06-28 17:16:43.076 I/DataSrv-10.5.0.301-O-0528-22:45-FenceEvent( 3695): Public new FenceEvent: FenceEvent{fenceType=-1, timestamp=1593335803076, expireTime=1593336703076, cityCode='null', mcc='null', toMcc='null', fenceId=-1, targetFenceId=[-1], isOutbound=false, strictMode=true}
06-28 17:16:43.076 I/DataSrv-10.5.0.301-O-0528-22:45-GeoStateMachine( 3695): set fenceEvent strict mode true
06-28 17:16:43.076 I/DataSrv-10.5.0.301-O-0528-22:45-FastSmartExecuteFlow( 3695): event: FenceEvent{fenceType=-1, timestamp=1593335803076, expireTime=1593336703076, cityCode='null', mcc='null', toMcc='null', fenceId=-1, targetFenceId=[-1], isOutbound=false, strictMode=true}
06-28 17:16:43.076 I/DataSrv-10.5.0.301-O-0528-22:45-FastSmartExecuteFlow( 3695): onFenceEvent, not port type.
06-28 17:16:43.076 I/DataSrv-10.5.0.301-O-0528-22:45-FeatureDataFlow( 3695): event: FenceEvent{fenceType=-1, timestamp=1593335803076, expireTime=1593336703076, cityCode='null', mcc='null', toMcc='null', fenceId=-1, targetFenceId=[-1], isOutbound=false, strictMode=true}
06-28 17:16:43.076 I/DataSrv-10.5.0.301-O-0528-22:45-FeatureDataFlow( 3695): onFenceEvent, not PORT_GUARDIAN or PORT type.
06-28 17:16:43.077 I/DataSrv-10.5.0.301-O-0528-22:45-FeatureDataFlow( 3695): onFenceEvent, fenceIds is invaild.
06-28 17:16:43.077 E/DataSrv-10.5.0.301-O-0528-22:45-PackageUtils( 3695): NameNotFoundException: service apk is not installed
06-28 17:16:43.077 I/DataSrv-10.5.0.301-O-0528-22:45-IntelligenceSwitch( 3695): isIntelligenceSwitchOn, ui is not exist.
06-28 17:16:43.077 W/DataSrv-10.5.0.301-O-0528-22:45-ProcessorFactory( 3695): ProcessorFactory, intelligenceSwitchOn is off.
06-28 17:16:43.078 I/DataSrv-10.5.0.301-O-0528-22:45-GeoStateMachine-GeoBaseState( 3695): process message: 7current state: GeneralState
06-28 17:16:43.078 I/DataSrv-10.5.0.301-O-0528-22:45-AirportProcessor( 3695): locationInfo's fenceId is invalid, take last fenceId.
06-28 17:16:43.078 I/DataSrv-10.5.0.301-O-0528-22:45-AirportProcessor( 3695): there is no valid fenceId, discard.
06-28 17:16:43.101 E/WificondControl( 1322): Noise: 0, Snr: -80, Chload: 70
06-28 17:16:43.101 W/migration/7(   53): type=1400 audit(0.0:82709): avc: granted { setsched } for pid=53 scontext=u:r:kernel:s0 tcontext=u:r:kernel:s0 tclass=process
06-28 17:16:43.101 W/migration/6(   47): type=1400 audit(0.0:82710): avc: granted { setsched } for pid=47 scontext=u:r:kernel:s0 tcontext=u:r:kernel:s0 tclass=process
06-28 17:16:43.104 V/HwWifiServiceFactory( 1322): get AllImpl object = com.android.server.wifi.HwWifiServiceFactoryImpl@4d4cafb
06-28 17:16:43.110 D/TelephonyManager( 1322): getAllCellInfo calling app is android
06-28 17:16:43.111 W/PhoneInterfaceManager( 2675): shouldBlockLocation running ...
06-28 17:16:43.111 I/PhoneInterfaceManager( 2675): shouldBlockLocation  ret:false
06-28 17:16:43.695 D/HwConnectivityServiceEx( 1322): set cache by key is 10156 interfaceName iswlan0 value is false
06-28 17:16:43.772 I/HwNaturalBase( 2456): [Timer-0]: MultiUserManagerService:  getNotActiveUser start
06-28 17:16:43.773 D/wpa_supplicant( 2042): nl80211: Drv Event 34 (NL80211_CMD_NEW_SCAN_RESULTS) received for wlan0
06-28 17:16:43.773 D/wpa_supplicant( 2042): wlan0: nl80211: New scan results available
06-28 17:16:43.774 D/WificondControl( 1322): Scan result ready event
06-28 17:16:43.777 D/wpa_supplicant( 2042): nl80211: Scan probed for SSID ''
06-28 17:16:43.777 D/wpa_supplicant( 2042): nl80211: Scan included frequencies: 2412 2417 2422 2427 2432 2437 2442 2447 2452 2457 2462 2467 2472 5180 5200 5220 5240 5260 5280 5300 5320 5745 5765 5785 5805 5825
06-28 17:16:43.777 D/wpa_supplicant( 2042): wlan0: Event SCAN_RESULTS (3) received
06-28 17:16:43.778 D/wpa_supplicant( 2042): nl80211: Received scan results (26 BSSes)
06-28 17:16:43.778 D/wpa_supplicant( 2042): nl80211: Scan results indicate BSS status with 08:**:**:**:bd:3c as associated
06-28 17:16:43.778 D/wpa_supplicant( 2042): OKC-Native: Okc ie is valid
06-28 17:16:43.778 D/wpa_supplicant( 2042): OKC-Native: Receive okc ie, bssid=08:**:**:**:bd:3c Target MAC=08:**:**:**:bd:3c
06-28 17:16:43.778 D/wpa_supplicant( 2042): OKC-Native: Okc ie is valid
06-28 17:16:43.778 D/wpa_supplicant( 2042): OKC-Native: Receive okc ie, bssid=20:**:**:**:63:5c Target MAC=20:**:**:**:63:5c
06-28 17:16:43.779 D/wpa_supplicant( 2042): wlan0: BSS: Start scan result update 6
06-28 17:16:43.779 D/SmartHeartBeat( 1322): isPendingAlarm, false, pkg:com.android.deskclock, action:com.android.deskclock.ALARM_ALERT,not pending alarm with AlarmClockInfo
06-28 17:16:43.779 D/wpa_supplicant( 2042): BSS: last_scan_res_used=26/64
06-28 17:16:43.780 D/wpa_supplicant( 2042): wlan0: New scan results available (own=0 ext=1)
06-28 17:16:43.780 D/wpa_supplicant( 2042): wlan0: Do not use results from externally requested scan operation for network selection
06-28 17:16:43.780 D/wpa_supplicant( 2042): p2p0: Updating scan results from sibling
06-28 17:16:43.780 D/wpa_supplicant( 2042): nl80211: Received scan results (26 BSSes)
06-28 17:16:43.780 D/wpa_supplicant( 2042): OKC-Native: Okc ie is valid
06-28 17:16:43.781 D/wpa_supplicant( 2042): OKC-Native: Receive okc ie, bssid=08:**:**:**:bd:3c Target MAC=08:**:**:**:bd:3c
06-28 17:16:43.781 D/wpa_supplicant( 2042): OKC-Native: Okc ie is valid
06-28 17:16:43.781 D/wpa_supplicant( 2042): OKC-Native: Receive okc ie, bssid=20:**:**:**:63:5c Target MAC=20:**:**:**:63:5c
06-28 17:16:43.781 D/wpa_supplicant( 2042): p2p0: BSS: Start scan result update 6
06-28 17:16:43.781 I/EthernetTracker( 1322): interfaceLinkStateChanged, iface: wlan0, up: true
06-28 17:16:43.781 D/wpa_supplicant( 2042): BSS: last_scan_res_used=26/64
06-28 17:16:43.781 D/wpa_supplicant( 2042): p2p0: New scan results available (own=0 ext=1)
06-28 17:16:43.781 D/wpa_supplicant( 2042): p2p0: Do not use results from externally requested scan operation for network selection
06-28 17:16:43.783 I/netd    (  640): interfaceGetCfg("wlan0") <2.31ms>
06-28 17:16:43.785 D/WificondControl( 1322): hilinkTag:0
06-28 17:16:43.787 I/chatty  ( 1322): uid=1000(system) WifiScanningSer identical 2 lines
06-28 17:16:43.788 D/WificondControl( 1322): hilinkTag:0
06-28 17:16:43.788 W/HwInformationElementUtilEx( 1322): the information elements's length is invalid
06-28 17:16:43.789 D/WificondControl( 1322): hilinkTag:0
06-28 17:16:43.789 D/HwInformationElementUtilEx( 1322): element:251
06-28 17:16:43.789 D/HwInformationElementUtilEx( 1322): element:249
06-28 17:16:43.789 D/WificondControl( 1322): hilinkTag:1
06-28 17:16:43.790 D/WificondControl( 1322): hilinkTag:0
06-28 17:16:43.791 D/WificondControl( 1322): hilinkTag:0
06-28 17:16:43.791 D/ScanResultRecords( 1322): recordOriSsid: param is invalid.
06-28 17:16:43.792 D/HwInformationElementUtilEx( 1322): element:253
06-28 17:16:43.792 D/WificondControl( 1322): hilinkTag:0
06-28 17:16:43.792 D/WificondControl( 1322): hilinkTag:0
06-28 17:16:43.793 W/HwInformationElementUtilEx( 1322): the information elements's length is invalid
06-28 17:16:43.793 D/WificondControl( 1322): hilinkTag:0
06-28 17:16:43.794 D/WificondControl( 1322): hilinkTag:0
06-28 17:16:43.794 D/ScanResultRecords( 1322): recordOriSsid: param is invalid.
06-28 17:16:43.794 D/WificondControl( 1322): hilinkTag:0
06-28 17:16:43.796 I/chatty  ( 1322): uid=1000(system) WifiScanningSer identical 3 lines
06-28 17:16:43.797 D/WificondControl( 1322): hilinkTag:0
06-28 17:16:43.797 D/ScanResultRecords( 1322): recordOriSsid: param is invalid.
06-28 17:16:43.798 D/WificondControl( 1322): hilinkTag:0
06-28 17:16:43.798 D/HwInformationElementUtilEx( 1322): element:254
06-28 17:16:43.798 D/HwInformationElementUtilEx( 1322): element:253
06-28 17:16:43.798 D/WificondControl( 1322): hilinkTag:0
06-28 17:16:43.803 I/chatty  ( 1322): uid=1000(system) WifiScanningSer identical 6 lines
06-28 17:16:43.803 D/WificondControl( 1322): hilinkTag:0
06-28 17:16:43.804 D/WificondControl( 1322): get results:Add: +Sunchip_WIFI_5G +ChinaNet-Lhqn +HUAWEI-040UJ0 +水水 +水水5G +HUAWEI-CWF9BL_5G +MERCURY_4330, Remove: - -ChinaNet-yHWU -HUAWEI-B310-67E3 -tek电源实验室 -reeman-phone-5G -yunos test -TP-LINK_808C
06-28 17:16:43.807 D/WifiScanningService( 1322): shouldSendScanResultsBroadcast:true. Not only WIFI_UID scans. isPendingScans:false
06-28 17:16:43.810 I/HwWifiProServiceProxy( 1322): ctrlHwWifiNetwork pkgName: WIFIPRO_SERVICE interfaceId: 18
06-28 17:16:43.811 D/ConnectivityService( 1322): get Network state from cache, cacheBlock is 0
06-28 17:16:43.812 D/hwintelligencewifi( 1322):  DefaultState message.what = 7
06-28 17:16:43.814 D/LBSLog_LBSLog_HwNLPScanManager( 4262): [D/HwLocation/LBSLog_LBSLog_HwNLPScanManager 4262:1 Method.java:-2] receive wifi broadcast, isScanned: true
06-28 17:16:43.816 D/LogWrite( 4262): wtf Exception
06-28 17:16:43.816 D/AppLogManager( 4262): PrintWoker poll timeout , shutdown
06-28 17:16:43.817 D/TelephonyManager(11761): getAllCellInfo calling app is com.huawei.lbs
06-28 17:16:43.817 D/PGGoogleServicePolicy( 1322): prevent gms/gsf hold partial wakelock
06-28 17:16:43.817 W/PhoneInterfaceManager( 2675): shouldBlockLocation running ...
06-28 17:16:43.817 I/PhoneInterfaceManager( 2675): shouldBlockLocation  ret:false
06-28 17:16:43.820 D/WiFi_PRO_EvaluateController( 1322): "Sunchip_WIFI_5G",last evaluate is NOT Valid,SignalLevel change, and rssi change >20, last rssi=0, now rssi = -75
06-28 17:16:43.820 D/WiFi_PRO_EvaluateController( 1322): updateEvaluate Level  succeed!.new Level = 0
06-28 17:16:43.821 I/HwLBSService.HwNLPWifiScanManager(11761):   HwScanCollect_CellInfo  cellInfosize : 13
06-28 17:16:43.838 I/NetworkStats( 1322): openSessionForUsageStats, pid = 11761, pkg = com.huawei.lbs
06-28 17:16:43.838 I/NetworkStats( 1322): openSessionInternal,pid = 11761
06-28 17:16:43.839 I/NetworkStats( 1322): performPollLocked, pid = 1322
06-28 17:16:43.844 D/HwDualBandManager( 1322): InternetReadyState MSG_WIFI_UPDATE_SCAN_RESULT
06-28 17:16:43.845 W/migration/6(   47): type=1400 audit(0.0:82711): avc: granted { setsched } for pid=47 scontext=u:r:kernel:s0 tcontext=u:r:kernel:s0 tclass=process
06-28 17:16:43.848 V/ActivityManager( 1322): Successfully start provider ContentProviderRecord{53b3f05 u0 com.google.android.gsf/.gservices.GservicesProvider} launchingApp=ProcessRecord{560a571 5351:com.google.process.gservices/u0a21} caller pid= 2544
06-28 17:16:43.858 I/netd    (  640): trafficSwapActiveStatsMap() <17.23ms>
06-28 17:16:43.860 I/HwWifiProServiceProxy( 1322): ctrlHwWifiNetwork pkgName: WIFIPRO_SERVICE interfaceId: 24
06-28 17:16:43.860 I/HwWifiProServiceProxy( 1322): ctrlHwWifiNetwork pkgName: WIFIPRO_SERVICE interfaceId: 25
06-28 17:16:43.860 W/IptablesRestoreController(  640): command: *filter
06-28 17:16:43.860 W/IptablesRestoreController(  640): -nvx -L tetherctrl_counters
06-28 17:16:43.860 W/IptablesRestoreController(  640): COMMIT
06-28 17:16:43.860 W/IptablesRestoreController(  640): .
06-28 17:16:43.861 W/IptablesRestoreController(  640): command: *filter
06-28 17:16:43.861 W/IptablesRestoreController(  640): -nvx -L tetherctrl_counters
06-28 17:16:43.861 W/IptablesRestoreController(  640): COMMIT
06-28 17:16:43.861 W/IptablesRestoreController(  640): .
06-28 17:16:43.862 I/netd    (  640): tetherGetStats() <1.91ms>
06-28 17:16:43.865 D/HwDualBandManager( 1322): preferList = {}
06-28 17:16:43.866 D/HwDualBandManager( 1322): getAuthType  networkId= 79 config.getAuthType() = 1
06-28 17:16:43.867 D/HwDualBandManager( 1322): ConnectedState apInfo.mApBSSID = 08:31:**:**:bd:3c  apInfo.mApSSID = "HUAWEI-0 apInfo.mChannelFrequency = 5745 apInfo.mServingBand = 2
06-28 17:16:43.867 D/WifiProHistoryRecordManager( 1322): saveDualBandApInfo apInfo.mApSSID = "HUAWEI-0
06-28 17:16:43.867 D/WifiProHistoryDBManager( 1322): addOrUpdateDualBandApInfoRcd enter.
06-28 17:16:43.868 D/WifiProHistoryDBManager( 1322): checkHistoryRecordExist read from:WifiProDualBandApInfoRcdTable, get record: 1
06-28 17:16:43.869 W/migration/7(   53): type=1400 audit(0.0:82712): avc: granted { setsched } for pid=53 scontext=u:r:kernel:s0 tcontext=u:r:kernel:s0 tclass=process
06-28 17:16:43.869 D/WifiProHistoryDBManager( 1322): updateDualBandApInfoRcd update succ, rowChg=1
06-28 17:16:43.869 W/HwDualBandManager( 1322): updateAPRelation
06-28 17:16:43.869 I/HwWifiProServiceProxy( 1322): ctrlHwWifiNetwork pkgName: WIFIPRO_SERVICE interfaceId: 12
06-28 17:16:43.871 W/HwDualBandManager( 1322): updateAPRelation lists.size = 26
06-28 17:16:43.871 D/WifiProHistoryDBManager( 1322): queryDualBandApInfoRcd enter.
06-28 17:16:43.872 I/WifiProHistoryDBManager( 1322): read record succ
06-28 17:16:43.872 D/WifiProHistoryDBManager( 1322): queryRelateApRcd enter.
06-28 17:16:43.872 D/HwNetworkStatsService( 1322): hwRecordUidAndProcSnapshotLocked currentTime = 1593335803842
06-28 17:16:43.872 I/WifiProHistoryDBManager( 1322): queryRelateApRcd not record.
06-28 17:16:43.872 D/HwDualBandManager( 1322): isAPInConfig, result.SSID error!
06-28 17:16:43.874 D/ConnectivityService( 1322): get Network state from cache, cacheBlock is 0
06-28 17:16:43.872 D/HwDualBandManager( 1322): isAPInConfig, result.SSID error!
06-28 17:16:43.877 I/HwWifiProServiceProxy( 1322): ctrlHwWifiNetwork pkgName: WIFIPRO_SERVICE interfaceId: 40
06-28 17:16:43.877 D/WiFi_PRO_WifiProStateMachine( 1322): isAppinWhitelists, currentAppName =  android.uid.system:1000
06-28 17:16:43.878 D/WiFi_PRO_WifiProStateMachine( 1322): onCheckAvailableWifi, send EVENT_CHECK_AVAILABLE_AP_RESULT: targetSsid=null, exist=false, prefer=0
06-28 17:16:43.878 I/HwWifiProServiceProxy( 1322): ctrlHwWifiNetwork pkgName: WIFIPRO_SERVICE interfaceId: 9
06-28 17:16:43.878 D/PGGoogleServicePolicy( 1322): prevent gms/gsf hold partial wakelock
06-28 17:16:43.879 I/HwWifiProServiceProxy( 1322): ctrlHwWifiNetwork pkgName: WIFIPRO_SERVICE interfaceId: 9
06-28 17:16:43.879 W/WiFi_PRO_WifiProStateMachine( 1322): mIsWiFiNoInternetfalseisFullscreenfalse
06-28 17:16:43.879 D/WifiProHistoryDBManager( 1322): queryDualBandApInfoRcd enter.
06-28 17:16:43.880 I/WifiProHistoryDBManager( 1322): read record succ
06-28 17:16:43.880 D/WifiProHistoryDBManager( 1322): queryRelateApRcd enter.
06-28 17:16:43.874 D/ConnectivityService( 1322): get Network state from cache, cacheBlock is 0
06-28 17:16:43.886 I/HwNetworkManagementService( 1322): request swap success.
06-28 17:16:43.886 I/NetworkStatsFactoryEx( 1322): Request swap successful.
06-28 17:16:43.886 I/NetworkStatsFactoryEx( 1322): vars recycled successful.
06-28 17:16:43.881 D/WifiProHistoryDBManager( 1322): queryRelateApRcd enter.
06-28 17:16:43.888 D/WifiProHistoryDBManager( 1322): queryDualBandApInfoRcd enter.
06-28 17:16:43.888 I/WifiProHistoryDBManager( 1322): queryDualBandApInfoRcd not record.
06-28 17:16:43.888 E/HwDualBandManager( 1322): getDualBandAPInfo return null
06-28 17:16:43.889 D/HwNetworkStatsService( 1322): hwMaybeUidAndProcPersistLocked currentTime = 1593335803842
06-28 17:16:43.895 W/HSM_Install_BG( 2177): NormalTrafficAnalysis:Alert byte is 0, so return
06-28 17:16:43.909 D/WifiProHistoryDBManager( 1322): queryDualBandApInfoRcd enter.
06-28 17:16:43.910 I/WifiProHistoryDBManager( 1322): queryDualBandApInfoRcd not record.
06-28 17:16:43.910 E/HwDualBandManager( 1322): getDualBandAPInfo return null
06-28 17:16:43.936 D/HwDualBandManager( 1322): isAPInConfig, result.SSID error!
06-28 17:16:43.957 W/HSM_Install_BG( 2177): OverMarkNotifierDecorator:has notified, or should warn monthly
06-28 17:16:44.114 I/SmartThreadExecutor( 7642): handleMessage: start check 0
06-28 17:16:44.114 I/SmartThreadExecutor( 7642): handleMessage: check end 0 -58 false
06-28 17:16:44.246 I/netd    (  640): trafficSwapActiveStatsMap() <33.72ms>
06-28 17:16:44.279 I/TrafficMonitor( 1322): update:rxPkts:0,txPkts:0,rxBytes:0,txBytes:0
06-28 17:16:44.279 I/TrafficMonitor( 1322): start expired. level:-1
06-28 17:16:44.279 I/TrafficMonitor( 1322): gettimer:interval=2000
06-28 17:16:44.306 D/HwConnectivityServiceEx( 1322): set cache by key is 1000 interfaceName iswlan0 value is false
06-28 17:16:44.311 D/ConnectivityService( 1322): get Network state from cache, cacheBlock is 0
06-28 17:16:44.314 D/TelephonyManager(11761): getCellLocation calling app is com.huawei.lbs
06-28 17:16:44.315 W/PhoneInterfaceManager( 2675): shouldBlockLocation running ...
06-28 17:16:44.315 I/PhoneInterfaceManager( 2675): shouldBlockLocation  ret:false
06-28 17:16:44.323 W//system/bin/netd(  640): A binder object at 0x79e1960a00 is being transacted on, however, this object is in the same process as its proxy. Transacting with this binder is expensive compared to just calling the corresponding functionality in the same process.
06-28 17:16:44.323 I/PreDnsController(  640): canPreDnsQuery,persist.sys.predns is false!
06-28 17:16:44.324 I/baidu_offline_db(11761): DBconf file dont exist
06-28 17:16:44.322 I/chatty  ( 1322): uid=1000(system) Binder:1322_12 identical 2 lines
06-28 17:16:44.326 D/ConnectivityService( 1322): get Network state from cache, cacheBlock is 0
06-28 17:16:44.327 D/ConnectivityService( 1322): get Network state from cache, cacheBlock is 0
06-28 17:16:44.333 W//system/bin/netd(  640): A binder object at 0x79e1960a00 is being transacted on, however, this object is in the same process as its proxy. Transacting with this binder is expensive compared to just calling the corresponding functionality in the same process.
06-28 17:16:44.333 I/PreDnsController(  640): canPreDnsQuery,persist.sys.predns is false!
06-28 17:16:44.336 D/ConnectivityService( 1322): get Network state from cache, cacheBlock is 0
06-28 17:16:44.338 I/baidu_offline_db(11761): DBconf file dont exist
06-28 17:16:44.340 I/chatty  ( 1322): uid=1000(system) Binder:1322_12 identical 2 lines
06-28 17:16:44.341 D/ConnectivityService( 1322): get Network state from cache, cacheBlock is 0
06-28 17:16:44.341 D/ConnectivityService( 1322): get Network state from cache, cacheBlock is 0
06-28 17:16:44.350 W//system/bin/netd(  640): A binder object at 0x79e1960a00 is being transacted on, however, this object is in the same process as its proxy. Transacting with this binder is expensive compared to just calling the corresponding functionality in the same process.
06-28 17:16:44.350 I/PreDnsController(  640): canPreDnsQuery,persist.sys.predns is false!
06-28 17:16:44.435 I/HwLBSService.HwNLPEngine(11761): uploadSDKLocation  mOnLineLocation :true , mCurrentSDKType :14, mSuccLoc : 8, mFailLoc : 0
06-28 17:16:44.435 I/HwLBSService.HwNLPDBManager(11761): query loc Form Cell Table
06-28 17:16:44.436 I/chatty  (11761): uid=1000(system) HwLocation identical 1 line
06-28 17:16:44.436 I/HwLBSService.HwNLPDBManager(11761): query loc Form Cell Table
06-28 17:16:44.447 I/HwLBSService.HwNLPEngine(11761): uploadSDKLocation  mOnLineLocation :true , mCurrentSDKType :14, mSuccLoc : 12, mFailLoc : 0
06-28 17:16:44.448 I/HwLBSService.HwNLPDBManager(11761): query loc Form Cell Table
06-28 17:16:44.448 I/chatty  (11761): uid=1000(system) HwLocation identical 1 line
06-28 17:16:44.448 I/HwLBSService.HwNLPDBManager(11761): query loc Form Cell Table
06-28 17:16:44.453 I/HwLBSService.HwNLPEngine(11761): uploadSDKLocation  mOnLineLocation :true , mCurrentSDKType :14, mSuccLoc : 14, mFailLoc : 0
06-28 17:16:44.453 I/HwLBSService.HwNLPDBManager(11761): query loc Form Cell Table
06-28 17:16:44.454 I/chatty  (11761): uid=1000(system) HwLocation identical 1 line
06-28 17:16:44.454 I/HwLBSService.HwNLPDBManager(11761): query loc Form Cell Table
06-28 17:16:44.455 I/LocationManagerService( 1322): requestingHighPowerLocation = false
06-28 17:16:44.457 I/@_17_1_@(11761): same acc
06-28 17:16:44.457 I/@_17_1_@(11761): same acc
06-28 17:16:44.458 I/LocationManagerService( 1322): network chr update
06-28 17:16:44.458 I/LocationManagerService( 1322): mPackageName = com.huawei.lbs, interval = 1000, provider:passive
06-28 17:16:44.458 I/LocationManagerService( 1322): requestingHighPowerLocation = false
06-28 17:16:44.463 W/ContextImpl( 1322): Calling a method in the system process without a qualified user: android.app.ContextImpl.sendBroadcast:5982924 com.android.server.location.HwLocalLocationManager$LocalLocationHandler.handleMessage:11209772 android.os.Handler.dispatchMessage:8292308 android.os.Looper.loop:6545136 com.android.server.SystemServer.run:3024400 
06-28 17:16:44.464 W/ActivityManager( 1322): Sending non-protected broadcast action_inject_location from system 1322:system/1000 pkg android
06-28 17:16:44.464 W/ActivityManager( 1322): Sending non-protected broadcast action_inject_location from system 1322:system/1000 pkg android
06-28 17:16:44.467 I/LocationManagerService( 1322): key of receiver: 540b299 mPendingBroadcasts=0
06-28 17:16:44.470 E/NcDft_GnssDftManager( 2622): network type error : passive
06-28 17:16:44.469 W/migration/7(   53): type=1400 audit(0.0:82713): avc: granted { setsched } for pid=53 scontext=u:r:kernel:s0 tcontext=u:r:kernel:s0 tclass=process
06-28 17:16:44.472 I/LocationManagerService( 1322): key of receiver: 4cb3b29 mPendingBroadcasts=0
06-28 17:16:44.474 I/LocationManagerService( 1322): key of receiver: 5438541 mPendingBroadcasts=0
06-28 17:16:44.476 I/LocationManagerService( 1322): key of receiver: 5063649 mPendingBroadcasts=0
06-28 17:16:44.478 I/LocationManagerService( 1322): key of receiver: 4e6cc09 mPendingBroadcasts=0
06-28 17:16:44.479 W/awei.HwOPServe( 2456): Call to JNI FindClass with dots in name: "com.huawei.lbs.geofence.Point"
06-28 17:16:44.480 W/awei.HwOPServe( 2456): Call to JNI FindClass with dots in name: "com.huawei.lbs.geofence.Point"
06-28 17:16:44.480 I/locationpolygon( 2456): getLocationPolygonsIntersectionState: Start (10.0)
06-28 17:16:44.480 I/locationpolygon( 2456): isInside = 0, dist = 20145.02, radius = 10.0
06-28 17:16:44.480 I/locationpolygon( 2456): getLocationPolygonsIntersectionState: End
06-28 17:16:44.480 D/LBSLog_LBSLog_ResourceManager( 4262): [D/HwLocation/LBSLog_LBSLog_ResourceManager 4262:300 Method.java:-2] onLocationChanged from native interface
06-28 17:16:44.480 D/LogWrite( 4262): wtf Exception
06-28 17:16:44.480 D/AppLogManager( 4262): PrintWoker poll timeout , shutdown
06-28 17:16:44.481 W/ProcBatteryStats( 1322): timer is running , not start, name: com.huawei.spaceservice, uid: 1000, tag: *location*
06-28 17:16:44.482 I/LocationManagerService( 1322): key of receiver: 50171b9 mPendingBroadcasts=0
06-28 17:16:44.482 I/HwLBSService.HwGeoCodeCache(11761): find cached result
06-28 17:16:44.483 I/LocationManagerService( 1322): key of receiver: 4fb2951 mPendingBroadcasts=0
06-28 17:16:44.484 I/LocationManagerService( 1322): key of receiver: 57521e1 mPendingBroadcasts=0
06-28 17:16:44.484 D/PGGoogleServicePolicy( 1322): worksource has gms, prevent hold partial wakelock
06-28 17:16:44.484 I/LocationManagerService( 1322): key of receiver: 5757359 mPendingBroadcasts=0
06-28 17:16:44.484 D/PGGoogleServicePolicy( 1322): worksource has gms, prevent hold partial wakelock
06-28 17:16:44.484 I/LocationManagerService( 1322): key of receiver: 534a931 mPendingBroadcasts=0
06-28 17:16:44.484 I/LocationManagerService( 1322): key of receiver: 557e0f1 mPendingBroadcasts=0
06-28 17:16:44.485 W/ProcBatteryStats( 1322): timer is running , not start, name: com.huawei.lbs, uid: 1000, tag: *location*
06-28 17:16:44.485 I/LocationManagerService( 1322): key of receiver: 5383011 mPendingBroadcasts=0
06-28 17:16:44.485 D/HIGNSS_ADAPTER(  696): Receive hisi_inject_location cmd, accuracy:30.000000
06-28 17:16:44.486 D/HIGNSS_ADAPTER(  696): hisi_cmd_process called, cmd id:6
06-28 17:16:44.486 D/NcDft_ServiceImpl( 2622): notifyNcDftEvent domain is : 0 ;eventID is: 24 ;List is [ref_location]
06-28 17:16:44.486 D/HIGNSS_ADAPTER(  696): Receive hisi_inject_location cmd, accuracy:30.000000
06-28 17:16:44.486 D/NcDft_GnssDftManager( 2622): handlerInjectExtraParam ref_location
06-28 17:16:44.487 D/HIGNSS_ADAPTER(  696): hisi_cmd_process called, cmd id:6
06-28 17:16:44.487 D/NcDft_ServiceImpl( 2622): notifyNcDftEvent domain is : 0 ;eventID is: 24 ;List is [ref_location]
06-28 17:16:44.485 W/ProcBatteryStats( 1322): timer is running , not start, name: com.huawei.lbs, uid: 1000, tag: *location*
06-28 17:16:44.487 I/AlarmManager( 1322): remove alarm:Alarm{515d8bd type 3 when 3632624 PendingIntent{5064b55: PendingIntentRecord{55c4b35 com.huawei.spaceservice broadcastIntent}}com.huawei.spaceservice procName com.huawei.HwOPServer} according to operation:5579225
06-28 17:16:44.488 I/OPCollectLog( 2622): LocationRecordAction:handleMessage 
06-28 17:16:44.488 I/OPCollectLog( 2622): LocationRecordAction:executeWithArgs
06-28 17:16:44.488 I/OPCollectLog( 2622): LocationRecordAction:execute: -1
06-28 17:16:44.488 D/NcDft_GnssDftManager( 2622): handlerInjectExtraParam ref_location
06-28 17:16:44.489 D/SmartHeartBeat( 1322): isPendingAlarm, false, pkg:com.android.deskclock, action:com.android.deskclock.ALARM_ALERT,not pending alarm with AlarmClockInfo
06-28 17:16:44.489 I/HwLBSService.HwGeoCodeCache(11761): find cached result
06-28 17:16:44.489 W/ProcBatteryStats( 1322): timer is not running , not stop, name: com.huawei.lbs, uid: 1000, tag: *location*
06-28 17:16:44.490 I/OPCollectLog( 2622): OPCollectUtils:ODMF Api Version:2.14.1
06-28 17:16:44.490 W/ProcBatteryStats( 1322): timer is not running , not stop, name: com.huawei.lbs, uid: 1000, tag: *location*
06-28 17:16:44.491 D/ConnectivityService( 1322): get Network state from cache, cacheBlock is 0
06-28 17:16:44.491 D/LBSLog_LBSLog_ResourceManager( 4262): [D/HwLocation/LBSLog_LBSLog_ResourceManager 4262:300 Method.java:-2] reportPassiveLocation: network
06-28 17:16:44.492 D/LBSLog_LBSLog_HwNLPPositionManager( 4262): [D/HwLocation/LBSLog_LBSLog_HwNLPPositionManager 4262:300 Method.java:-2] receive location from PassiveListener
06-28 17:16:44.492 D/LogWrite( 4262): wtf Exception
06-28 17:16:44.492 D/LogWrite( 4262): wtf Exception
06-28 17:16:44.492 D/AppLogManager( 4262): PrintWoker poll timeout , shutdown
06-28 17:16:44.492 D/LBSLog_LBSLog_LocatorReportUtil( 4262): [D/HwLocation/LBSLog_LBSLog_LocatorReportUtil 4262:300 Method.java:-2] passive onLocationChanged
06-28 17:16:44.492 D/LogWrite( 4262): wtf Exception
06-28 17:16:44.492 D/AppLogManager( 4262): PrintWoker poll timeout , shutdown
06-28 17:16:44.493 D/TelephonyManager( 2622): getAllCellInfo calling app is com.huawei.bd
06-28 17:16:44.493 W/PhoneInterfaceManager( 2675): shouldBlockLocation running ...
06-28 17:16:44.493 I/PhoneInterfaceManager( 2675): shouldBlockLocation  ret:false
06-28 17:16:44.496 E/RMS.HwSysResManagerService( 1322): Process Permission error! pid:2675 uid:1001 Process.myPid:1322
06-28 17:16:44.496 D/HwMSDPDeviceStatus( 1322): getCurrentDeviceStatus
06-28 17:16:44.496 D/ARMoudle.HwActivityRecognition( 2456): getCurrentActivityExtend
06-28 17:16:44.497 I/ArHal   (  676): (ArDataGetState:1335):id[2]
06-28 17:16:44.497 W/ArHal   (  676): (ArDataGetActivityIndex:233):invalid activity[31]
06-28 17:16:44.497 W/ArHal   (  676): (ArDataGetState:1366):unknown activity[31], discard
06-28 17:16:44.498 D/ARMoudle.HwActivityRecognition( 2456): hwActivityEvent: 4,1,1650254554477,100
06-28 17:16:44.498 D/ARMoudle.HwActivityRecognition( 2456): hwActivityEvent: 12,1,1674354445415,-1
06-28 17:16:44.506 D/NcDft_ServiceImpl( 2622): notifyNcDftEvent domain is : 0 ;eventID is: 106 ;List is [{"receiver_hash":"540b299","pkg":"com.huawei.spaceservice","is_start":false,"apk_time_stamp":1593335804505,"is_success":true}]
06-28 17:16:44.506 D/NcDft_ServiceImpl( 2622): notifyNcDftEvent domain is : 0 ;eventID is: 31 ;List is [APKSTOPPROVIDER, 540b299, , apkstop, 1593335804506]
06-28 17:16:44.507 D/DeviceMonitor( 2358): GPS request stop:com.huawei.spaceservice pid:2456 interval(s): -1 reqId:540b299
06-28 17:16:44.507 I/LocationManagerService( 1322): requestingHighPowerLocation = false
06-28 17:16:44.509 W/ProcBatteryStats( 1322): timer is not running , not stop, name: com.huawei.spaceservice, uid: 1000, tag: *location*
06-28 17:16:44.509 E/HwLBSService.HwNLPDBManager(11761): closedb 
06-28 17:16:44.514 W/awei.HwOPServe( 2456): Call to JNI FindClass with dots in name: "com.huawei.lbs.geofence.Point"
06-28 17:16:44.514 W/awei.HwOPServe( 2456): Call to JNI FindClass with dots in name: "com.huawei.lbs.geofence.Point"
06-28 17:16:44.514 I/locationpolygon( 2456): getLocationPolygonsIntersectionState: Start (10.0)
06-28 17:16:44.514 I/locationpolygon( 2456): isInside = 0, dist = 20144.67, radius = 10.0
06-28 17:16:44.514 I/locationpolygon( 2456): getLocationPolygonsIntersectionState: End
06-28 17:16:44.523 D/AlarmManagerService( 1322): Kernel timezone updated to -480 minutes west of GMT
06-28 17:16:44.527 I/OPCollectLog( 2622): LocationRecordAction:slot: 1 size: 1 : 11
06-28 17:16:44.527 I/OPCollectLog( 2622): LocationRecordAction:listener size: 2
06-28 17:16:44.529 E/OPCollectLog( 2622): AwareLocationAction:not receive intelligent broadcast, return
06-28 17:16:44.529 I/OPCollectLog( 2622): WeatherInfoAction:callback
06-28 17:16:44.529 W/OPCollectLog( 2622): WeatherInfoAction: request in 
06-28 17:16:44.532 D/WorkerThreadMonitor( 7581): Kill MSF check result[ senderSize:0,sendInterval:90649,receiveInterval=27906,addCmdCount=70
06-28 17:16:44.536 I/OPCollectLog( 2622): Action:RawLocationRecord executed successfully
06-28 17:16:44.536 D/OPCollectLog( 2622): OdmfCollectScheduler:handleMessage msg: 4
06-28 17:16:44.536 I/OPCollectLog( 2622): OdmfHelper:opcollectCache 1
06-28 17:16:44.536 I/OPCollectLog( 2622): OdmfHelper:opcollectCache curTime: 1834354, interval: 125607
06-28 17:16:44.537 I/OPCollectLog( 2622): OdmfHelper:isCharging: true
06-28 17:16:44.539 W/TotemWeather( 2325): CityInfoUtils: updateCityInfoFromWeatherInfo mCityName is null, use weather's cityName
06-28 17:16:44.542 I/OPCollectLog( 2622): OdmfHelper:insert database success 
06-28 17:16:44.542 I/OPCollectLog( 2622): OdmfHelper:opcollectCache size: 1
06-28 17:16:44.542 I/OPCollectLog( 2622): OdmfHelper:opcollectCache lastTime: 1834360
06-28 17:16:44.544 I/OPCollectLog( 2622): Action:RawWeatherInfo executed successfully
06-28 17:16:44.544 D/OPCollectLog( 2622): OdmfCollectScheduler:handleMessage msg: 4
06-28 17:16:44.544 I/OPCollectLog( 2622): OdmfHelper:opcollectCache 1
06-28 17:16:44.544 I/OPCollectLog( 2622): OdmfHelper:opcollectCache curTime: 1834362, interval: 2
06-28 17:16:44.544 I/OPCollectLog( 2622): OdmfHelper:isCharging: true
06-28 17:16:44.551 I/OPCollectLog( 2622): OdmfHelper:insert database success 
06-28 17:16:44.551 I/OPCollectLog( 2622): OdmfHelper:opcollectCache size: 1
06-28 17:16:44.551 I/OPCollectLog( 2622): OdmfHelper:opcollectCache lastTime: 1834369
06-28 17:16:44.552 I/FLTAG_AFM( 5906): shared feature exist: com.huawei.featurelayer.sharedfeature.map
06-28 17:16:44.552 I/LocationManager( 5906): CAWARENESS: isHwMapFeatureExist() isFeatureExist : true
06-28 17:16:44.554 I/FLTAG_FM( 5906): loadFeature class:com.huawei.featurelayer.sharedfeature.map.ICoordinateConverter
06-28 17:16:44.555 W/i.engineservic( 5906): Unsupported class loader
06-28 17:16:44.567 W/i.engineservic( 5906): Skipping duplicate class check due to unsupported classloader
06-28 17:16:44.587 I/FLTAG_UF( 5906): Use the ResourcesEx to reflect Resources
06-28 17:16:44.589 I/FLTAG_AFM( 5906): createFeature success:com.huawei.featurelayer.sharedfeature.map
06-28 17:16:44.589 W/migration/6(   47): type=1400 audit(0.0:82714): avc: granted { setsched } for pid=47 scontext=u:r:kernel:s0 tcontext=u:r:kernel:s0 tclass=process
06-28 17:16:44.590 D/MapFeatureApplication( 5906): onCreate.
06-28 17:16:44.593 I/FLTAG_FM( 5906): loadFeature class:com.huawei.featurelayer.sharedfeature.map.ILatLng
06-28 17:16:44.598 I/FLTAG_FM( 5906): loadFeature class:com.huawei.featurelayer.sharedfeature.map.ILatLng
06-28 17:16:44.598 E/LocationReport( 5906): CAWARENESS: handleLastInCompanyLocationChanged() need't report
06-28 17:16:45.273 I/TrafficMonitor( 1322): expired arrive. level:-1
06-28 17:16:45.273 I/TrafficMonitor( 1322): during_ms:2002,period_ms:2000
06-28 17:16:45.273 I/TrafficMonitor( 1322): count:855,rx_sum:0,tx_sum:0,rxBytes:0,during_ms:2002,rx_speed:0.0,tx_speed:0.0,rto:0.0
06-28 17:16:46.009 E/WificondControl( 1322): Noise: 0, Snr: -84, Chload: 127
06-28 17:16:46.012 D/HuaweiWifiWatchdogStateMachine( 1322): nothing to do
06-28 17:16:46.012 D/WiFi_PRO( 1322): MSG_RETURN_AP_CURRY_RSSI rssi = -58
06-28 17:16:46.012 I/QosMonitor( 1322): queryRtt: rttType = 3
06-28 17:16:46.012 I/HwUidTcpMonitor( 1322): TcpStatisticsRun run
06-28 17:16:46.012 I/HuaweiWifiWatchdogStateMachine( 1322): POta txb txg rxg:0, 39, 0. Lr =0% Totpkt=39
06-28 17:16:46.012 I/HwWifiProServiceProxy( 1322): ctrlHwWifiNetwork pkgName: WIFIPRO_SERVICE interfaceId: 8
06-28 17:16:46.013 I/QosMonitor( 1322): postEventFromNative: msg=100,arg1=4,arg2=10
06-28 17:16:46.013 I/HwWifiProServiceProxy( 1322): ctrlHwWifiNetwork pkgName: WIFIPRO_SERVICE interfaceId: 8
06-28 17:16:46.013 I/QosMonitor( 1322): postEventFromNative: msg=100,arg1=0,arg2=10
06-28 17:16:46.013 D/HuaweiWifiWatchdogStateMachine( 1322): nothing to do
06-28 17:16:46.014 I/MQoS    ( 1322): rtt=176,tcpTxPkts=7657,tcpRxPkts=6952
06-28 17:16:46.014 I/QosMonitor( 1322): resetRtt: rttType = 3
06-28 17:16:46.014 I/HwWifiProServiceProxy( 1322): ctrlHwWifiNetwork pkgName: WIFIPRO_SERVICE interfaceId: 8
06-28 17:16:46.014 D/ConnectivityService( 1322): get Network state from cache, cacheBlock is 0
06-28 17:16:46.014 I/HuaweiWifiWatchdogStateMachine( 1322): PTcp RTT:176, rtt pkt=10, tcp_rx=32, tcp_tx=33, tcp_reTran=0, rtRate=0
06-28 17:16:46.015 I/HwWifiProServiceProxy( 1322): ctrlHwWifiNetwork pkgName: WIFIPRO_SERVICE interfaceId: 79
06-28 17:16:46.016 I/HwWifiProServiceProxy( 1322): TcpStatisticsRun run
06-28 17:16:46.017 D/HwWifiConnectivityMonitor( 1322): ENTER: notifyTopUidDnsInfo, dnsFailCount = 3
06-28 17:16:46.017 D/HwWifiConnectivityMonitor( 1322): handleTopUidInternetStatusChanged, uid = 1000, status = 1
06-28 17:16:46.019 I/HwWifiProServiceProxy( 1322): ctrlHwWifiNetwork pkgName: WIFIPRO_SERVICE interfaceId: 9
06-28 17:16:46.019 I/MQoS    ( 1322): QOS_level:5(5),wifi-link;use signalLvl:5;RAT:4G
06-28 17:16:46.117 E/WifiHAL (  714): enter wifi_get_link_stats
06-28 17:16:46.118 E/WificondControl( 1322): Noise: 0, Snr: -84, Chload: 127
06-28 17:16:46.121 V/HwWifiServiceFactory( 1322): get AllImpl object = com.android.server.wifi.HwWifiServiceFactoryImpl@4d4cafb
06-28 17:16:46.125 D/TelephonyManager( 1322): getAllCellInfo calling app is android
06-28 17:16:46.126 W/PhoneInterfaceManager( 2675): shouldBlockLocation running ...
06-28 17:16:46.127 I/PhoneInterfaceManager( 2675): shouldBlockLocation  ret:false
06-28 17:16:46.281 I/TrafficMonitor( 1322): update:rxPkts:35,txPkts:36,rxBytes:13996,txBytes:5744
06-28 17:16:46.281 I/TrafficMonitor( 1322): start expired. level:-1
06-28 17:16:46.281 I/TrafficMonitor( 1322): gettimer:interval=2000
06-28 17:16:46.304 E/SurfaceFlinger(  720): doPartialComposeImpl: reject partial compose request.
06-28 17:16:46.381 D/HwConnectivityServiceEx( 1322): set cache by key is 1000 interfaceName iswlan0 value is false
06-28 17:16:46.398 I/SmartThreadExecutor(10946): handleMessage: start check 0
06-28 17:16:46.398 I/SmartThreadExecutor(10946): handleMessage: check end 0 -58 false
06-28 17:16:48.284 I/TrafficMonitor( 1322): update:rxPkts:0,txPkts:0,rxBytes:0,txBytes:0
06-28 17:16:48.284 I/TrafficMonitor( 1322): start expired. level:-1
06-28 17:16:48.284 I/TrafficMonitor( 1322): gettimer:interval=2000
06-28 17:16:48.758 E/SurfaceFlinger(  720): doPartialComposeImpl: reject partial compose request.
06-28 17:16:49.136 E/WifiHAL (  714): enter wifi_get_link_stats
06-28 17:16:49.147 E/WificondControl( 1322): Noise: 0, Snr: -84, Chload: 127
06-28 17:16:49.150 V/HwWifiServiceFactory( 1322): get AllImpl object = com.android.server.wifi.HwWifiServiceFactoryImpl@4d4cafb
06-28 17:16:49.157 D/TelephonyManager( 1322): getAllCellInfo calling app is android
06-28 17:16:49.158 W/PhoneInterfaceManager( 2675): shouldBlockLocation running ...
06-28 17:16:49.158 I/PhoneInterfaceManager( 2675): shouldBlockLocation  ret:false
06-28 17:16:49.262 I/netd    (  640): trafficSwapActiveStatsMap() <9.19ms>
06-28 17:16:49.265 E/AppInfoMgr( 2358): not find pkgs by uid: 1051
06-28 17:16:49.275 I/DownloadState( 2358): shareUid: 0 default_socket transmitting data speed : 8 bytes/s (rxB:40 txB:0 rxP:1 txP:0 iface:1) scroff: false
06-28 17:16:49.275 I/DownloadState( 2358): shareUid: 0 /system/bin/netd transmitting data speed : 247 bytes/s (rxB:1052 txB:185 rxP:3 txP:3 iface:1) scroff: false
06-28 17:16:49.275 I/DownloadState( 2358): shareUid: 1000 com.huawei.lbs transmitting data speed : 3692 bytes/s (rxB:12904 txB:5559 rxP:31 txP:33 iface:1) scroff: false
06-28 17:16:50.288 I/TrafficMonitor( 1322): update:rxPkts:0,txPkts:0,rxBytes:0,txBytes:0
06-28 17:16:50.288 I/TrafficMonitor( 1322): start expired. level:-1
06-28 17:16:50.288 I/TrafficMonitor( 1322): gettimer:interval=2000
06-28 17:16:51.282 I/TrafficMonitor( 1322): expired arrive. level:-1
06-28 17:16:51.282 I/TrafficMonitor( 1322): during_ms:2004,period_ms:2000
06-28 17:16:51.283 I/TrafficMonitor( 1322): count:858,rx_sum:0,tx_sum:0,rxBytes:0,during_ms:2004,rx_speed:0.0,tx_speed:0.0,rto:0.0
